#
# There is insufficient memory for the Java Runtime Environment to continue.
# Native memory allocation (malloc) failed to allocate 32744 bytes. Error detail: Chunk::new
# Possible reasons:
#   The system is out of physical RAM or swap space
#   This process is running with CompressedOops enabled, and the Java Heap may be blocking the growth of the native heap
# Possible solutions:
#   Reduce memory load on the system
#   Increase physical memory or swap space
#   Check if swap backing store is full
#   Decrease Java heap size (-Xmx/-Xms)
#   Decrease number of Java threads
#   Decrease Java thread stack sizes (-Xss)
#   Set larger code cache with -XX:ReservedCodeCacheSize=
#   JVM is running with Zero Based Compressed Oops mode in which the Java heap is
#     placed in the first 32GB address space. The Java Heap base address is the
#     maximum limit for the native heap growth. Please use -XX:HeapBaseMinAddress
#     to set the Java Heap base and to place the Java Heap above 32GB virtual address.
# This output file may be truncated or incomplete.
#
#  Out of Memory Error (arena.cpp:168), pid=13060, tid=12700
#
# JRE version: OpenJDK Runtime Environment (21.0.6) (build 21.0.6+-13391695-b895.109)
# Java VM: OpenJDK 64-Bit Server VM (21.0.6+-13391695-b895.109, mixed mode, tiered, compressed oops, compressed class ptrs, parallel gc, windows-amd64)
# No core dump will be written. Minidumps are not enabled by default on client versions of Windows
#

---------------  S U M M A R Y ------------

Command Line: --add-opens=java.base/java.lang=ALL-UNNAMED --add-opens=java.base/java.lang.invoke=ALL-UNNAMED --add-opens=java.base/java.util=ALL-UNNAMED --add-opens=java.prefs/java.util.prefs=ALL-UNNAMED --add-exports=jdk.compiler/com.sun.tools.javac.api=ALL-UNNAMED --add-exports=jdk.compiler/com.sun.tools.javac.util=ALL-UNNAMED --add-opens=java.base/java.util=ALL-UNNAMED --add-opens=java.prefs/java.util.prefs=ALL-UNNAMED --add-opens=java.base/java.nio.charset=ALL-UNNAMED --add-opens=java.base/java.net=ALL-UNNAMED --add-opens=java.base/java.util.concurrent.atomic=ALL-UNNAMED --add-opens=java.xml/javax.xml.namespace=ALL-UNNAMED -XX:+UseParallelGC -Xmx4g -Dfile.encoding=UTF-8 -Duser.country=CN -Duser.language=zh -Duser.variant -javaagent:C:\Users\Mbongeni\.gradle\wrapper\dists\gradle-8.14.2-bin\2pb3mgt1p815evrl3weanttgr\gradle-8.14.2\lib\agents\gradle-instrumentation-agent-8.14.2.jar org.gradle.launcher.daemon.bootstrap.GradleDaemon 8.14.2

Host: Intel(R) Core(TM) i3-10110U CPU @ 2.10GHz, 4 cores, 7G,  Windows 11 , 64 bit Build 26100 (10.0.26100.5074)
Time: Sun Sep  7 16:53:59 2025 South Africa Standard Time elapsed time: 275.258584 seconds (0d 0h 4m 35s)

---------------  T H R E A D  ---------------

Current thread (0x0000029be69a7c80):  JavaThread "C1 CompilerThread0" daemon [_thread_in_vm, id=12700, stack(0x000000fbb8b00000,0x000000fbb8c00000) (1024K)]


Current CompileTask:
C1:275258 45753       3       org.jetbrains.kotlin.fir.declarations.builder.FirRegularClassBuilder::build (86 bytes)

Stack: [0x000000fbb8b00000,0x000000fbb8c00000]
Native frames: (J=compiled Java code, j=interpreted, Vv=VM code, C=native code)
V  [jvm.dll+0x6d0639]
V  [jvm.dll+0x85eb03]
V  [jvm.dll+0x86105e]
V  [jvm.dll+0x861743]
V  [jvm.dll+0x27e6e6]
V  [jvm.dll+0xbff6d]
V  [jvm.dll+0xc04a3]
V  [jvm.dll+0x6bc1d8]
V  [jvm.dll+0x6bbdf5]
V  [jvm.dll+0x22aa0c]
V  [jvm.dll+0x25cb63]
V  [jvm.dll+0x6a3ffb]
V  [jvm.dll+0x6a7551]
V  [jvm.dll+0x1e90b0]
V  [jvm.dll+0x14ffc2]
V  [jvm.dll+0x14f25f]
V  [jvm.dll+0x151081]
V  [jvm.dll+0x2569ac]
V  [jvm.dll+0x254ef6]
V  [jvm.dll+0x3f0e96]
V  [jvm.dll+0x806ed8]
V  [jvm.dll+0x6cef0d]
C  [ucrtbase.dll+0x37b0]
C  [KERNEL32.DLL+0x2e8d7]
C  [ntdll.dll+0x8d9c]


---------------  P R O C E S S  ---------------

Threads class SMR info:
_java_thread_list=0x0000029bf8ea37a0, length=122, elements={
0x0000029bc680dbe0, 0x0000029be1b6ba60, 0x0000029be1b6e950, 0x0000029be1b5ecc0,
0x0000029be1b62a00, 0x0000029be6998070, 0x0000029be6998ac0, 0x0000029be699cc00,
0x0000029be69a7c80, 0x0000029bc68730c0, 0x0000029be6c7fb20, 0x0000029be7bb9810,
0x0000029be85473b0, 0x0000029be873eb30, 0x0000029be8568e10, 0x0000029be8569470,
0x0000029be8796990, 0x0000029be8795f50, 0x0000029be8814d00, 0x0000029be8814670,
0x0000029be8815390, 0x0000029be88160b0, 0x0000029be8815a20, 0x0000029be8816740,
0x0000029be88132c0, 0x0000029be8813950, 0x0000029be8813fe0, 0x0000029be9ace6f0,
0x0000029be9aced80, 0x0000029be9ad0e50, 0x0000029be9ace060, 0x0000029be9ad1b70,
0x0000029be9ad2f20, 0x0000029be9ad2890, 0x0000029be9ad4960, 0x0000029bec99b5f0,
0x0000029bec99bc80, 0x0000029bec99d6c0, 0x0000029bec99fe20, 0x0000029bec9a1ef0,
0x0000029bec9a1860, 0x0000029bec9a0b40, 0x0000029be9459900, 0x0000029be9457830,
0x0000029be945acb0, 0x0000029be945b340, 0x0000029be9457ec0, 0x0000029be945daa0,
0x0000029be945c060, 0x0000029be945c6f0, 0x0000029be945cd80, 0x0000029be945e130,
0x0000029be945d410, 0x0000029be945e7c0, 0x0000029be945ee50, 0x0000029be945b9d0,
0x0000029beb80e5b0, 0x0000029beb80f2d0, 0x0000029beb80be50, 0x0000029beb80f960,
0x0000029beb80cb70, 0x0000029beb80c4e0, 0x0000029beb80fff0, 0x0000029beb80d200,
0x0000029beb80d890, 0x0000029beb80df20, 0x0000029beb812de0, 0x0000029beb811a30,
0x0000029beb8120c0, 0x0000029beb812750, 0x0000029beb8113a0, 0x0000029bea724190,
0x0000029bea727ca0, 0x0000029bea724820, 0x0000029bea728330, 0x0000029bea724eb0,
0x0000029bea725540, 0x0000029bea729050, 0x0000029bea725bd0, 0x0000029bea7296e0,
0x0000029bea7268f0, 0x0000029bea7289c0, 0x0000029bea726260, 0x0000029bea729d70,
0x0000029bea72a400, 0x0000029bea72aa90, 0x0000029bea72b120, 0x0000029bea72b7b0,
0x0000029beb508b30, 0x0000029beb5091c0, 0x0000029beb509850, 0x0000029beb5084a0,
0x0000029beb507780, 0x0000029beb5070f0, 0x0000029beb50b290, 0x0000029beb507e10,
0x0000029beb509ee0, 0x0000029beb50bfb0, 0x0000029beb50e080, 0x0000029be8ebae30,
0x0000029be8eb8d60, 0x0000029bf3ecd840, 0x0000029bf3ecf910, 0x0000029bf8487aa0,
0x0000029bf848c2d0, 0x0000029bf8488e50, 0x0000029bf848e3a0, 0x0000029bf848cff0,
0x0000029bf8491190, 0x0000029bf848f750, 0x0000029bf848fde0, 0x0000029bec99dd50,
0x0000029bec99f100, 0x0000029bf8f38da0, 0x0000029bf8f38080, 0x0000029bf8f379f0,
0x0000029bf8f37360, 0x0000029bf8f3ae70, 0x0000029bf8f3cf40, 0x0000029bf8f3d5d0,
0x0000029bf8f45280, 0x0000029be8eb8040
}

Java Threads: ( => current thread )
  0x0000029bc680dbe0 JavaThread "main"                              [_thread_blocked, id=11628, stack(0x000000fbb8000000,0x000000fbb8100000) (1024K)]
  0x0000029be1b6ba60 JavaThread "Reference Handler"          daemon [_thread_blocked, id=6300, stack(0x000000fbb8400000,0x000000fbb8500000) (1024K)]
  0x0000029be1b6e950 JavaThread "Finalizer"                  daemon [_thread_blocked, id=7004, stack(0x000000fbb8500000,0x000000fbb8600000) (1024K)]
  0x0000029be1b5ecc0 JavaThread "Signal Dispatcher"          daemon [_thread_blocked, id=14156, stack(0x000000fbb8600000,0x000000fbb8700000) (1024K)]
  0x0000029be1b62a00 JavaThread "Attach Listener"            daemon [_thread_blocked, id=1652, stack(0x000000fbb8700000,0x000000fbb8800000) (1024K)]
  0x0000029be6998070 JavaThread "Service Thread"             daemon [_thread_blocked, id=5068, stack(0x000000fbb8800000,0x000000fbb8900000) (1024K)]
  0x0000029be6998ac0 JavaThread "Monitor Deflation Thread"   daemon [_thread_blocked, id=10224, stack(0x000000fbb8900000,0x000000fbb8a00000) (1024K)]
  0x0000029be699cc00 JavaThread "C2 CompilerThread0"         daemon [_thread_blocked, id=5588, stack(0x000000fbb8a00000,0x000000fbb8b00000) (1024K)]
=>0x0000029be69a7c80 JavaThread "C1 CompilerThread0"         daemon [_thread_in_vm, id=12700, stack(0x000000fbb8b00000,0x000000fbb8c00000) (1024K)]
  0x0000029bc68730c0 JavaThread "Common-Cleaner"             daemon [_thread_blocked, id=13872, stack(0x000000fbb8c00000,0x000000fbb8d00000) (1024K)]
  0x0000029be6c7fb20 JavaThread "Notification Thread"        daemon [_thread_blocked, id=8288, stack(0x000000fbb8d00000,0x000000fbb8e00000) (1024K)]
  0x0000029be7bb9810 JavaThread "Daemon health stats"               [_thread_blocked, id=9780, stack(0x000000fbb9200000,0x000000fbb9300000) (1024K)]
  0x0000029be85473b0 JavaThread "Incoming local TCP Connector on port 50708"        [_thread_in_native, id=2324, stack(0x000000fbb9300000,0x000000fbb9400000) (1024K)]
  0x0000029be873eb30 JavaThread "Daemon periodic checks"            [_thread_blocked, id=12916, stack(0x000000fbb9400000,0x000000fbb9500000) (1024K)]
  0x0000029be8568e10 JavaThread "Daemon"                            [_thread_blocked, id=8472, stack(0x000000fbb9500000,0x000000fbb9600000) (1024K)]
  0x0000029be8569470 JavaThread "Handler for socket connection from /127.0.0.1:50708 to /127.0.0.1:50709"        [_thread_in_native, id=1932, stack(0x000000fbb9600000,0x000000fbb9700000) (1024K)]
  0x0000029be8796990 JavaThread "Cancel handler"                    [_thread_blocked, id=6956, stack(0x000000fbb9700000,0x000000fbb9800000) (1024K)]
  0x0000029be8795f50 JavaThread "Daemon worker"                     [_thread_blocked, id=5664, stack(0x000000fbb9800000,0x000000fbb9900000) (1024K)]
  0x0000029be8814d00 JavaThread "Asynchronous log dispatcher for DefaultDaemonConnection: socket connection from /127.0.0.1:50708 to /127.0.0.1:50709"        [_thread_blocked, id=9912, stack(0x000000fbb9900000,0x000000fbb9a00000) (1024K)]
  0x0000029be8814670 JavaThread "Stdin handler"                     [_thread_blocked, id=9560, stack(0x000000fbb9a00000,0x000000fbb9b00000) (1024K)]
  0x0000029be8815390 JavaThread "Daemon client event forwarder"        [_thread_blocked, id=7920, stack(0x000000fbb9b00000,0x000000fbb9c00000) (1024K)]
  0x0000029be88160b0 JavaThread "Cache worker for journal cache (C:\Users\Mbongeni\.gradle\caches\journal-1)"        [_thread_blocked, id=3364, stack(0x000000fbb8e00000,0x000000fbb8f00000) (1024K)]
  0x0000029be8815a20 JavaThread "File lock request listener"        [_thread_in_native, id=8256, stack(0x000000fbb9c00000,0x000000fbb9d00000) (1024K)]
  0x0000029be8816740 JavaThread "Cache worker for file hash cache (C:\Users\Mbongeni\.gradle\caches\8.14.2\fileHashes)"        [_thread_blocked, id=2560, stack(0x000000fbb9d00000,0x000000fbb9e00000) (1024K)]
  0x0000029be88132c0 JavaThread "Cache worker for file hash cache (C:\Users\Mbongeni\OneDrive\Documents\GitHub\Lost\.gradle\8.14.2\fileHashes)"        [_thread_blocked, id=14012, stack(0x000000fbb9f00000,0x000000fbba000000) (1024K)]
  0x0000029be8813950 JavaThread "Cache worker for checksums cache (C:\Users\Mbongeni\OneDrive\Documents\GitHub\Lost\.gradle\8.14.2\checksums)"        [_thread_blocked, id=12872, stack(0x000000fbba000000,0x000000fbba100000) (1024K)]
  0x0000029be8813fe0 JavaThread "Cache worker for Build Output Cleanup Cache (C:\Users\Mbongeni\OneDrive\Documents\GitHub\Lost\.gradle\buildOutputCleanup)"        [_thread_blocked, id=3492, stack(0x000000fbba100000,0x000000fbba200000) (1024K)]
  0x0000029be9ace6f0 JavaThread "Cache worker for file content cache (C:\Users\Mbongeni\.gradle\caches\8.14.2\fileContent)"        [_thread_blocked, id=9824, stack(0x000000fbba200000,0x000000fbba300000) (1024K)]
  0x0000029be9aced80 JavaThread "File watcher server"        daemon [_thread_in_native, id=4040, stack(0x000000fbba300000,0x000000fbba400000) (1024K)]
  0x0000029be9ad0e50 JavaThread "File watcher consumer"      daemon [_thread_blocked, id=6616, stack(0x000000fbba400000,0x000000fbba500000) (1024K)]
  0x0000029be9ace060 JavaThread "gradle-enterprise-worker-0"        [_thread_blocked, id=1508, stack(0x000000fbb9e00000,0x000000fbb9f00000) (1024K)]
  0x0000029be9ad1b70 JavaThread "Develocity resource usage"  daemon [_thread_blocked, id=10608, stack(0x000000fbba600000,0x000000fbba700000) (1024K)]
  0x0000029be9ad2f20 JavaThread "JNA Cleaner"                daemon [_thread_blocked, id=1956, stack(0x000000fbba700000,0x000000fbba800000) (1024K)]
  0x0000029be9ad2890 JavaThread "build event listener"              [_thread_blocked, id=11648, stack(0x000000fbbad00000,0x000000fbbae00000) (1024K)]
  0x0000029be9ad4960 JavaThread "build event listener"              [_thread_blocked, id=9472, stack(0x000000fbbae00000,0x000000fbbaf00000) (1024K)]
  0x0000029bec99b5f0 JavaThread "build event listener"              [_thread_blocked, id=4184, stack(0x000000fbba800000,0x000000fbba900000) (1024K)]
  0x0000029bec99bc80 JavaThread "Build operations"                  [_thread_blocked, id=10400, stack(0x000000fbbaf00000,0x000000fbbb000000) (1024K)]
  0x0000029bec99d6c0 JavaThread "Build operations Thread 2"         [_thread_blocked, id=13648, stack(0x000000fbbb000000,0x000000fbbb100000) (1024K)]
  0x0000029bec99fe20 JavaThread "ForkJoinPool.commonPool-worker-1" daemon [_thread_blocked, id=11936, stack(0x000000fbbb300000,0x000000fbbb400000) (1024K)]
  0x0000029bec9a1ef0 JavaThread "ForkJoinPool.commonPool-worker-2" daemon [_thread_blocked, id=2460, stack(0x000000fbbb400000,0x000000fbbb500000) (1024K)]
  0x0000029bec9a1860 JavaThread "ForkJoinPool.commonPool-worker-3" daemon [_thread_blocked, id=11404, stack(0x000000fbbb500000,0x000000fbbb600000) (1024K)]
  0x0000029bec9a0b40 JavaThread "Memory manager"                    [_thread_blocked, id=9692, stack(0x000000fbbb600000,0x000000fbbb700000) (1024K)]
  0x0000029be9459900 JavaThread "Resource Usage Collector SystemCpu" daemon [_thread_blocked, id=2496, stack(0x000000fbbb700000,0x000000fbbb800000) (1024K)]
  0x0000029be9457830 JavaThread "Resource Usage Collector Monitoring 0" daemon [_thread_blocked, id=11588, stack(0x000000fbbb800000,0x000000fbbb900000) (1024K)]
  0x0000029be945acb0 JavaThread "Resource Usage Collector Memory" daemon [_thread_blocked, id=8064, stack(0x000000fbbb900000,0x000000fbbba00000) (1024K)]
  0x0000029be945b340 JavaThread "Resource Usage Collector Monitoring 1" daemon [_thread_blocked, id=10644, stack(0x000000fbbba00000,0x000000fbbbb00000) (1024K)]
  0x0000029be9457ec0 JavaThread "Resource Usage Collector NetworkSpeed" daemon [_thread_blocked, id=1196, stack(0x000000fbbbb00000,0x000000fbbbc00000) (1024K)]
  0x0000029be945daa0 JavaThread "Resource Usage Collector Monitoring 2" daemon [_thread_blocked, id=2632, stack(0x000000fbbbc00000,0x000000fbbbd00000) (1024K)]
  0x0000029be945c060 JavaThread "Resource Usage Collector DiskSpeed" daemon [_thread_in_vm, id=11788, stack(0x000000fbbbd00000,0x000000fbbbe00000) (1024K)]
  0x0000029be945c6f0 JavaThread "Resource Usage Collector Monitoring 3" daemon [_thread_blocked, id=3736, stack(0x000000fbbbe00000,0x000000fbbbf00000) (1024K)]
  0x0000029be945cd80 JavaThread "Resource Usage Collector Processes" daemon [_thread_blocked, id=13720, stack(0x000000fbbbf00000,0x000000fbbc000000) (1024K)]
  0x0000029be945e130 JavaThread "Resource Usage Collector Monitoring 4" daemon [_thread_blocked, id=6912, stack(0x000000fbbc000000,0x000000fbbc100000) (1024K)]
  0x0000029be945d410 JavaThread "included builds"                   [_thread_blocked, id=13792, stack(0x000000fbbc100000,0x000000fbbc200000) (1024K)]
  0x0000029be945e7c0 JavaThread "Execution worker"                  [_thread_blocked, id=9168, stack(0x000000fbbc200000,0x000000fbbc300000) (1024K)]
  0x0000029be945ee50 JavaThread "Execution worker Thread 2"         [_thread_blocked, id=3416, stack(0x000000fbbc300000,0x000000fbbc400000) (1024K)]
  0x0000029be945b9d0 JavaThread "Execution worker Thread 3"         [_thread_blocked, id=2488, stack(0x000000fbbc400000,0x000000fbbc500000) (1024K)]
  0x0000029beb80e5b0 JavaThread "Cache worker for execution history cache (C:\Users\Mbongeni\OneDrive\Documents\GitHub\Lost\.gradle\8.14.2\executionHistory)"        [_thread_blocked, id=11920, stack(0x000000fbbc500000,0x000000fbbc600000) (1024K)]
  0x0000029beb80f2d0 JavaThread "Unconstrained build operations"        [_thread_blocked, id=6316, stack(0x000000fbbc600000,0x000000fbbc700000) (1024K)]
  0x0000029beb80be50 JavaThread "Unconstrained build operations Thread 2"        [_thread_blocked, id=10652, stack(0x000000fbbc700000,0x000000fbbc800000) (1024K)]
  0x0000029beb80f960 JavaThread "Unconstrained build operations Thread 3"        [_thread_blocked, id=5372, stack(0x000000fbbc800000,0x000000fbbc900000) (1024K)]
  0x0000029beb80cb70 JavaThread "Unconstrained build operations Thread 4"        [_thread_blocked, id=956, stack(0x000000fbbc900000,0x000000fbbca00000) (1024K)]
  0x0000029beb80c4e0 JavaThread "Unconstrained build operations Thread 5"        [_thread_blocked, id=2092, stack(0x000000fbbca00000,0x000000fbbcb00000) (1024K)]
  0x0000029beb80fff0 JavaThread "Unconstrained build operations Thread 6"        [_thread_blocked, id=6544, stack(0x000000fbbcb00000,0x000000fbbcc00000) (1024K)]
  0x0000029beb80d200 JavaThread "Unconstrained build operations Thread 7"        [_thread_blocked, id=5156, stack(0x000000fbbcc00000,0x000000fbbcd00000) (1024K)]
  0x0000029beb80d890 JavaThread "Unconstrained build operations Thread 8"        [_thread_blocked, id=1996, stack(0x000000fbbcd00000,0x000000fbbce00000) (1024K)]
  0x0000029beb80df20 JavaThread "Unconstrained build operations Thread 9"        [_thread_blocked, id=10580, stack(0x000000fbbce00000,0x000000fbbcf00000) (1024K)]
  0x0000029beb812de0 JavaThread "pool-2-thread-1"                   [_thread_blocked, id=5360, stack(0x000000fbbcf00000,0x000000fbbd000000) (1024K)]
  0x0000029beb811a30 JavaThread "Unconstrained build operations Thread 10"        [_thread_blocked, id=6120, stack(0x000000fbbd000000,0x000000fbbd100000) (1024K)]
  0x0000029beb8120c0 JavaThread "Unconstrained build operations Thread 11"        [_thread_blocked, id=9100, stack(0x000000fbbd100000,0x000000fbbd200000) (1024K)]
  0x0000029beb812750 JavaThread "Unconstrained build operations Thread 12"        [_thread_blocked, id=9372, stack(0x000000fbbd200000,0x000000fbbd300000) (1024K)]
  0x0000029beb8113a0 JavaThread "Unconstrained build operations Thread 13"        [_thread_blocked, id=7036, stack(0x000000fbbd300000,0x000000fbbd400000) (1024K)]
  0x0000029bea724190 JavaThread "Unconstrained build operations Thread 14"        [_thread_blocked, id=4584, stack(0x000000fbbd400000,0x000000fbbd500000) (1024K)]
  0x0000029bea727ca0 JavaThread "Unconstrained build operations Thread 15"        [_thread_blocked, id=5036, stack(0x000000fbbd500000,0x000000fbbd600000) (1024K)]
  0x0000029bea724820 JavaThread "Unconstrained build operations Thread 16"        [_thread_blocked, id=13412, stack(0x000000fbbd600000,0x000000fbbd700000) (1024K)]
  0x0000029bea728330 JavaThread "Unconstrained build operations Thread 17"        [_thread_blocked, id=5448, stack(0x000000fbbd700000,0x000000fbbd800000) (1024K)]
  0x0000029bea724eb0 JavaThread "Unconstrained build operations Thread 18"        [_thread_blocked, id=10280, stack(0x000000fbbd800000,0x000000fbbd900000) (1024K)]
  0x0000029bea725540 JavaThread "Unconstrained build operations Thread 19"        [_thread_blocked, id=6000, stack(0x000000fbbd900000,0x000000fbbda00000) (1024K)]
  0x0000029bea729050 JavaThread "Unconstrained build operations Thread 20"        [_thread_blocked, id=5128, stack(0x000000fbbda00000,0x000000fbbdb00000) (1024K)]
  0x0000029bea725bd0 JavaThread "Unconstrained build operations Thread 21"        [_thread_blocked, id=12116, stack(0x000000fbbdb00000,0x000000fbbdc00000) (1024K)]
  0x0000029bea7296e0 JavaThread "Unconstrained build operations Thread 22"        [_thread_blocked, id=2108, stack(0x000000fbbdc00000,0x000000fbbdd00000) (1024K)]
  0x0000029bea7268f0 JavaThread "Unconstrained build operations Thread 23"        [_thread_blocked, id=10180, stack(0x000000fbbdd00000,0x000000fbbde00000) (1024K)]
  0x0000029bea7289c0 JavaThread "Unconstrained build operations Thread 24"        [_thread_blocked, id=9328, stack(0x000000fbbde00000,0x000000fbbdf00000) (1024K)]
  0x0000029bea726260 JavaThread "Unconstrained build operations Thread 25"        [_thread_blocked, id=12892, stack(0x000000fbbdf00000,0x000000fbbe000000) (1024K)]
  0x0000029bea729d70 JavaThread "Unconstrained build operations Thread 26"        [_thread_blocked, id=12604, stack(0x000000fbbe000000,0x000000fbbe100000) (1024K)]
  0x0000029bea72a400 JavaThread "Unconstrained build operations Thread 27"        [_thread_blocked, id=2040, stack(0x000000fbbe100000,0x000000fbbe200000) (1024K)]
  0x0000029bea72aa90 JavaThread "Unconstrained build operations Thread 28"        [_thread_blocked, id=13064, stack(0x000000fbbe200000,0x000000fbbe300000) (1024K)]
  0x0000029bea72b120 JavaThread "Unconstrained build operations Thread 29"        [_thread_blocked, id=7028, stack(0x000000fbbe300000,0x000000fbbe400000) (1024K)]
  0x0000029bea72b7b0 JavaThread "Unconstrained build operations Thread 30"        [_thread_blocked, id=8360, stack(0x000000fbbe400000,0x000000fbbe500000) (1024K)]
  0x0000029beb508b30 JavaThread "Unconstrained build operations Thread 31"        [_thread_blocked, id=5928, stack(0x000000fbbe500000,0x000000fbbe600000) (1024K)]
  0x0000029beb5091c0 JavaThread "Unconstrained build operations Thread 32"        [_thread_blocked, id=11428, stack(0x000000fbbe600000,0x000000fbbe700000) (1024K)]
  0x0000029beb509850 JavaThread "Unconstrained build operations Thread 33"        [_thread_blocked, id=10832, stack(0x000000fbbe700000,0x000000fbbe800000) (1024K)]
  0x0000029beb5084a0 JavaThread "Unconstrained build operations Thread 34"        [_thread_blocked, id=5808, stack(0x000000fbbe800000,0x000000fbbe900000) (1024K)]
  0x0000029beb507780 JavaThread "Unconstrained build operations Thread 35"        [_thread_blocked, id=8420, stack(0x000000fbbe900000,0x000000fbbea00000) (1024K)]
  0x0000029beb5070f0 JavaThread "Unconstrained build operations Thread 36"        [_thread_blocked, id=8292, stack(0x000000fbbea00000,0x000000fbbeb00000) (1024K)]
  0x0000029beb50b290 JavaThread "Unconstrained build operations Thread 37"        [_thread_blocked, id=3764, stack(0x000000fbbeb00000,0x000000fbbec00000) (1024K)]
  0x0000029beb507e10 JavaThread "Unconstrained build operations Thread 38"        [_thread_blocked, id=3468, stack(0x000000fbbec00000,0x000000fbbed00000) (1024K)]
  0x0000029beb509ee0 JavaThread "Unconstrained build operations Thread 39"        [_thread_blocked, id=12624, stack(0x000000fbbed00000,0x000000fbbee00000) (1024K)]
  0x0000029beb50bfb0 JavaThread "Unconstrained build operations Thread 40"        [_thread_blocked, id=9720, stack(0x000000fbbee00000,0x000000fbbef00000) (1024K)]
  0x0000029beb50e080 JavaThread "WorkerExecutor Queue"              [_thread_blocked, id=472, stack(0x000000fbbef00000,0x000000fbbf000000) (1024K)]
  0x0000029be8ebae30 JavaThread "Periodic tasks thread"      daemon [_thread_blocked, id=3760, stack(0x000000fbb7f00000,0x000000fbb8000000) (1024K)]
  0x0000029be8eb8d60 JavaThread "ApplicationImpl pooled thread 1" daemon [_thread_blocked, id=10520, stack(0x000000fbba500000,0x000000fbba600000) (1024K)]
  0x0000029bf3ecd840 JavaThread "Java2D Disposer"            daemon [_thread_blocked, id=10104, stack(0x000000fbbb100000,0x000000fbbb200000) (1024K)]
  0x0000029bf3ecf910 JavaThread "AWT-Windows"                daemon [_thread_in_native, id=5604, stack(0x000000fbbf100000,0x000000fbbf200000) (1024K)]
  0x0000029bf8487aa0 JavaThread "WorkerExecutor Queue Thread 2"        [_thread_blocked, id=2100, stack(0x000000fbbf000000,0x000000fbbf100000) (1024K)]
  0x0000029bf848c2d0 JavaThread "RMI Scheduler(0)"           daemon [_thread_blocked, id=10016, stack(0x000000fbbf200000,0x000000fbbf300000) (1024K)]
  0x0000029bf8488e50 JavaThread "RMI GC Daemon"              daemon [_thread_blocked, id=12824, stack(0x000000fbbf400000,0x000000fbbf500000) (1024K)]
  0x0000029bf848e3a0 JavaThread "RMI TCP Accept-0"           daemon [_thread_in_native, id=9936, stack(0x000000fbbf500000,0x000000fbbf600000) (1024K)]
  0x0000029bf848cff0 JavaThread "RMI Reaper"                        [_thread_blocked, id=7784, stack(0x000000fbbf600000,0x000000fbbf700000) (1024K)]
  0x0000029bf8491190 JavaThread "Cache worker for Java compile cache (C:\Users\Mbongeni\.gradle\caches\8.14.2\javaCompile)"        [_thread_blocked, id=5844, stack(0x000000fbb7e00000,0x000000fbb7f00000) (1024K)]
  0x0000029bf848f750 JavaThread "Build operations Thread 3"         [_thread_blocked, id=2196, stack(0x000000fbbf700000,0x000000fbbf800000) (1024K)]
  0x0000029bf848fde0 JavaThread "Build operations Thread 4"         [_thread_blocked, id=7020, stack(0x000000fbbf900000,0x000000fbbfa00000) (1024K)]
  0x0000029bec99dd50 JavaThread "WorkerExecutor Queue Thread 3"        [_thread_blocked, id=9512, stack(0x000000fbbfa00000,0x000000fbbfb00000) (1024K)]
  0x0000029bec99f100 JavaThread "WorkerExecutor Queue Thread 4"        [_thread_blocked, id=11344, stack(0x000000fbbf300000,0x000000fbbf400000) (1024K)]
  0x0000029bf8f38da0 JavaThread "DefaultDispatcher-worker-1" daemon [_thread_blocked, id=8904, stack(0x000000fbbfc00000,0x000000fbbfd00000) (1024K)]
  0x0000029bf8f38080 JavaThread "DefaultDispatcher-worker-2" daemon [_thread_blocked, id=2884, stack(0x000000fbbfd00000,0x000000fbbfe00000) (1024K)]
  0x0000029bf8f379f0 JavaThread "DefaultDispatcher-worker-3" daemon [_thread_blocked, id=2968, stack(0x000000fbbfe00000,0x000000fbbff00000) (1024K)]
  0x0000029bf8f37360 JavaThread "ForkJoinPool-1-worker-1"    daemon [_thread_blocked, id=13476, stack(0x000000fbbab00000,0x000000fbbac00000) (1024K)]
  0x0000029bf8f3ae70 JavaThread "ForkJoinPool-1-worker-2"    daemon [_thread_blocked, id=10984, stack(0x000000fbbfb00000,0x000000fbbfc00000) (1024K)]
  0x0000029bf8f3cf40 JavaThread "ForkJoinPool-1-worker-3"    daemon [_thread_blocked, id=9500, stack(0x000000fbbff00000,0x000000fbc0000000) (1024K)]
  0x0000029bf8f3d5d0 JavaThread "ForkJoinPool-1-worker-4"    daemon [_thread_blocked, id=11592, stack(0x000000fbc0000000,0x000000fbc0100000) (1024K)]
  0x0000029bf8f45280 JavaThread "Periodic tasks thread"      daemon [_thread_blocked, id=10392, stack(0x000000fbc0100000,0x000000fbc0200000) (1024K)]
  0x0000029be8eb8040 JavaThread "ApplicationImpl pooled thread 1"        [_thread_blocked, id=2572, stack(0x000000fbc0200000,0x000000fbc0300000) (1024K)]
Total: 122

Other Threads:
  0x0000029be1a588b0 VMThread "VM Thread"                           [id=6348, stack(0x000000fbb8300000,0x000000fbb8400000) (1024K)] _threads_hazard_ptr=0x0000029bf8ea37a0
  0x0000029be1a4ba00 WatcherThread "VM Periodic Task Thread"        [id=4408, stack(0x000000fbb8200000,0x000000fbb8300000) (1024K)]
  0x0000029bc68250f0 WorkerThread "GC Thread#0"                     [id=10204, stack(0x000000fbb8100000,0x000000fbb8200000) (1024K)]
  0x0000029be7024610 WorkerThread "GC Thread#1"                     [id=10916, stack(0x000000fbb8f00000,0x000000fbb9000000) (1024K)]
  0x0000029be718ec50 WorkerThread "GC Thread#2"                     [id=7332, stack(0x000000fbb9000000,0x000000fbb9100000) (1024K)]
  0x0000029be73ff7b0 WorkerThread "GC Thread#3"                     [id=11660, stack(0x000000fbb9100000,0x000000fbb9200000) (1024K)]
Total: 6

Threads with active compile tasks:
C2 CompilerThread0  276698 45752       4       com.intellij.extapi.psi.StubBasedPsiElementBase::getStubOrPsiChildren (115 bytes)
C1 CompilerThread0  276699 45753       3       org.jetbrains.kotlin.fir.declarations.builder.FirRegularClassBuilder::build (86 bytes)
Total: 2

VM state: synchronizing (normal execution)

VM Mutex/Monitor currently owned by a thread:  ([mutex/lock_event])
[0x00007ffec1e9ce20] MethodCompileQueue_lock - owner thread: 0x0000029be69a7c80
[0x00007ffec1e9e2a0] CodeCache_lock - owner thread: 0x0000029be69a7c80
[0x00007ffec1e9e3a0] Threads_lock - owner thread: 0x0000029be1a588b0
[0x00007ffec1e9e420] Compile_lock - owner thread: 0x0000029be69a7c80

Heap address: 0x0000000700000000, size: 4096 MB, Compressed Oops mode: Zero based, Oop shift amount: 3

CDS archive(s) not mapped
Compressed class space mapped at: 0x0000000800000000-0x0000000840000000, reserved size: 1073741824
Narrow klass base: 0x0000000800000000, Narrow klass shift: 0, Narrow klass range: 0x40000000

GC Precious Log:
 CardTable entry size: 512
 CPUs: 4 total, 4 available
 Memory: 8025M
 Large Page Support: Disabled
 NUMA Support: Disabled
 Compressed Oops: Enabled (Zero based)
 Alignments: Space 512K, Generation 512K, Heap 2M
 Heap Min Capacity: 8M
 Heap Initial Capacity: 126M
 Heap Max Capacity: 4G
 Pre-touch: Disabled
 Parallel Workers: 4

Heap:
 PSYoungGen      total 1190912K, used 101654K [0x00000007aab00000, 0x0000000800000000, 0x0000000800000000)
  eden space 1025024K, 9% used [0x00000007aab00000,0x00000007b0e45ac8,0x00000007e9400000)
  from space 165888K, 0% used [0x00000007e9400000,0x00000007e9400000,0x00000007f3600000)
  to   space 163840K, 0% used [0x00000007f6000000,0x00000007f6000000,0x0000000800000000)
 ParOldGen       total 1061888K, used 931025K [0x0000000700000000, 0x0000000740d00000, 0x00000007aab00000)
  object space 1061888K, 87% used [0x0000000700000000,0x0000000738d34660,0x0000000740d00000)
 Metaspace       used 278126K, committed 281024K, reserved 1310720K
  class space    used 34270K, committed 35776K, reserved 1048576K

Card table byte_map: [0x0000029bd8960000,0x0000029bd9170000] _byte_map_base: 0x0000029bd5160000

Marking Bits: (ParMarkBitMap*) 0x00007ffec1ea3300
 Begin Bits: [0x0000029bd9170000, 0x0000029bdd170000)
 End Bits:   [0x0000029bdd170000, 0x0000029be1170000)

Polling page: 0x0000029bc4610000

Metaspace:

Usage:
  Non-class:    238.14 MB used.
      Class:     33.47 MB used.
       Both:    271.61 MB used.

Virtual space:
  Non-class space:      256.00 MB reserved,     239.50 MB ( 94%) committed,  4 nodes.
      Class space:        1.00 GB reserved,      34.94 MB (  3%) committed,  1 nodes.
             Both:        1.25 GB reserved,     274.44 MB ( 21%) committed. 

Chunk freelists:
   Non-Class:  15.72 MB
       Class:  13.06 MB
        Both:  28.78 MB

MaxMetaspaceSize: unlimited
CompressedClassSpaceSize: 1.00 GB
Initial GC threshold: 21.00 MB
Current GC threshold: 457.44 MB
CDS: off
 - commit_granule_bytes: 65536.
 - commit_granule_words: 8192.
 - virtual_space_node_default_size: 8388608.
 - enlarge_chunks_in_place: 1.
 - use_allocation_guard: 0.


Internal statistics:

num_allocs_failed_limit: 19.
num_arena_births: 6056.
num_arena_deaths: 44.
num_vsnodes_births: 5.
num_vsnodes_deaths: 0.
num_space_committed: 4391.
num_space_uncommitted: 5.
num_chunks_returned_to_freelist: 113.
num_chunks_taken_from_freelist: 18819.
num_chunk_merges: 32.
num_chunk_splits: 12237.
num_chunks_enlarged: 7566.
num_inconsistent_stats: 0.

CodeHeap 'non-profiled nmethods': size=120000Kb used=21284Kb max_used=32506Kb free=98716Kb
 bounds [0x0000029bd1430000, 0x0000029bd33f0000, 0x0000029bd8960000]
CodeHeap 'profiled nmethods': size=120000Kb used=47762Kb max_used=69447Kb free=72237Kb
 bounds [0x0000029bc9960000, 0x0000029bcdd40000, 0x0000029bd0e90000]
CodeHeap 'non-nmethods': size=5760Kb used=2193Kb max_used=2290Kb free=3566Kb
 bounds [0x0000029bd0e90000, 0x0000029bd1100000, 0x0000029bd1430000]
 total_blobs=19479 nmethods=18152 adapters=1227
 compilation: enabled
              stopped_count=0, restarted_count=0
 full_count=0

Compilation events (20 events):
Event: 272.311 Thread 0x0000029bf86060e0 45743       4       kotlin.collections.ArrayDeque::isEmpty (13 bytes)
Event: 272.311 Thread 0x0000029bf86060e0 nmethod 45743 0x0000029bd33ee690 code [0x0000029bd33ee820, 0x0000029bd33ee8b8]
Event: 275.144 Thread 0x0000029be699cc00 45744       4       com.android.tools.r8.internal.VE::getPosition (29 bytes)
Event: 275.144 Thread 0x0000029be699cc00 nmethod 45744 0x0000029bd1431010 code [0x0000029bd14311a0, 0x0000029bd1431230]
Event: 275.145 Thread 0x0000029be69a7c80 45745       3       com.android.tools.r8.internal.YE::a (148 bytes)
Event: 275.147 Thread 0x0000029be69a7c80 nmethod 45745 0x0000029bc9985290 code [0x0000029bc9985600, 0x0000029bc99876b8]
Event: 275.168 Thread 0x0000029be699cc00 45746       4       org.jetbrains.kotlin.fir.scopes.impl.FirNameAwareOnlyCallablesScope::processPropertiesByName (22 bytes)
Event: 275.170 Thread 0x0000029be69a7c80 45747       3       org.jetbrains.kotlin.fir.declarations.builder.FirRegularClassBuilder::setOrigin (12 bytes)
Event: 275.170 Thread 0x0000029be69a7c80 nmethod 45747 0x0000029bc99a8f10 code [0x0000029bc99a9120, 0x0000029bc99a96f0]
Event: 275.171 Thread 0x0000029be699cc00 nmethod 45746 0x0000029bd147d890 code [0x0000029bd147da60, 0x0000029bd147dcb0]
Event: 275.172 Thread 0x0000029be699cc00 45748       4       com.intellij.util.SmartList::add (94 bytes)
Event: 275.177 Thread 0x0000029be699cc00 nmethod 45748 0x0000029bd1761910 code [0x0000029bd1761ac0, 0x0000029bd1762018]
Event: 275.234 Thread 0x0000029be699cc00 45749       4       java.lang.invoke.LambdaForm$MH/0x0000000800d90c00::invoke (45 bytes)
Event: 275.235 Thread 0x0000029be699cc00 nmethod 45749 0x0000029bd144e010 code [0x0000029bd144e1a0, 0x0000029bd144e250]
Event: 275.235 Thread 0x0000029be699cc00 45750       4       java.lang.invoke.LambdaForm$MH/0x0000000800d91000::invoke (47 bytes)
Event: 275.236 Thread 0x0000029be699cc00 nmethod 45750 0x0000029bd1460b10 code [0x0000029bd1460ca0, 0x0000029bd1460d50]
Event: 275.237 Thread 0x0000029be699cc00 45751       4       com.sun.jna.Structure::size (9 bytes)
Event: 275.240 Thread 0x0000029be699cc00 nmethod 45751 0x0000029bd1443490 code [0x0000029bd1443640, 0x0000029bd1443850]
Event: 275.248 Thread 0x0000029be699cc00 45752       4       com.intellij.extapi.psi.StubBasedPsiElementBase::getStubOrPsiChildren (115 bytes)
Event: 275.249 Thread 0x0000029be69a7c80 45753       3       org.jetbrains.kotlin.fir.declarations.builder.FirRegularClassBuilder::build (86 bytes)

GC Heap History (20 events):
Event: 209.071 GC heap before
{Heap before GC invocations=40 (full 7):
 PSYoungGen      total 1211904K, used 1103600K [0x00000007aab00000, 0x00000007fff00000, 0x0000000800000000)
  eden space 1028608K, 100% used [0x00000007aab00000,0x00000007e9780000,0x00000007e9780000)
  from space 183296K, 40% used [0x00000007f4b00000,0x00000007f943c200,0x00000007ffe00000)
  to   space 183808K, 0% used [0x00000007e9780000,0x00000007e9780000,0x00000007f4b00000)
 ParOldGen       total 724992K, used 724943K [0x0000000700000000, 0x000000072c400000, 0x00000007aab00000)
  object space 724992K, 99% used [0x0000000700000000,0x000000072c3f3e70,0x000000072c400000)
 Metaspace       used 259975K, committed 262912K, reserved 1310720K
  class space    used 32254K, committed 33792K, reserved 1048576K
}
Event: 209.718 GC heap after
{Heap after GC invocations=40 (full 7):
 PSYoungGen      total 1154560K, used 125888K [0x00000007aab00000, 0x0000000800000000, 0x0000000800000000)
  eden space 1028608K, 0% used [0x00000007aab00000,0x00000007aab00000,0x00000007e9780000)
  from space 125952K, 99% used [0x00000007e9780000,0x00000007f1270360,0x00000007f1280000)
  to   space 193024K, 0% used [0x00000007f4380000,0x00000007f4380000,0x0000000800000000)
 ParOldGen       total 796672K, used 796277K [0x0000000700000000, 0x0000000730a00000, 0x00000007aab00000)
  object space 796672K, 99% used [0x0000000700000000,0x000000073099d5d8,0x0000000730a00000)
 Metaspace       used 259975K, committed 262912K, reserved 1310720K
  class space    used 32254K, committed 33792K, reserved 1048576K
}
Event: 219.786 GC heap before
{Heap before GC invocations=41 (full 7):
 PSYoungGen      total 1154560K, used 780839K [0x00000007aab00000, 0x0000000800000000, 0x0000000800000000)
  eden space 1028608K, 63% used [0x00000007aab00000,0x00000007d2a999b0,0x00000007e9780000)
  from space 125952K, 99% used [0x00000007e9780000,0x00000007f1270360,0x00000007f1280000)
  to   space 193024K, 0% used [0x00000007f4380000,0x00000007f4380000,0x0000000800000000)
 ParOldGen       total 796672K, used 796277K [0x0000000700000000, 0x0000000730a00000, 0x00000007aab00000)
  object space 796672K, 99% used [0x0000000700000000,0x000000073099d5d8,0x0000000730a00000)
 Metaspace       used 267255K, committed 270144K, reserved 1310720K
  class space    used 33104K, committed 34624K, reserved 1048576K
}
Event: 220.110 GC heap after
{Heap after GC invocations=41 (full 7):
 PSYoungGen      total 1212928K, used 77081K [0x00000007aab00000, 0x00000007ffd80000, 0x0000000800000000)
  eden space 1022464K, 0% used [0x00000007aab00000,0x00000007aab00000,0x00000007e9180000)
  from space 190464K, 40% used [0x00000007f4380000,0x00000007f8ec6450,0x00000007ffd80000)
  to   space 182272K, 0% used [0x00000007e9180000,0x00000007e9180000,0x00000007f4380000)
 ParOldGen       total 907264K, used 906999K [0x0000000700000000, 0x0000000737600000, 0x00000007aab00000)
  object space 907264K, 99% used [0x0000000700000000,0x00000007375bdef0,0x0000000737600000)
 Metaspace       used 267255K, committed 270144K, reserved 1310720K
  class space    used 33104K, committed 34624K, reserved 1048576K
}
Event: 220.110 GC heap before
{Heap before GC invocations=42 (full 8):
 PSYoungGen      total 1212928K, used 77081K [0x00000007aab00000, 0x00000007ffd80000, 0x0000000800000000)
  eden space 1022464K, 0% used [0x00000007aab00000,0x00000007aab00000,0x00000007e9180000)
  from space 190464K, 40% used [0x00000007f4380000,0x00000007f8ec6450,0x00000007ffd80000)
  to   space 182272K, 0% used [0x00000007e9180000,0x00000007e9180000,0x00000007f4380000)
 ParOldGen       total 907264K, used 906999K [0x0000000700000000, 0x0000000737600000, 0x00000007aab00000)
  object space 907264K, 99% used [0x0000000700000000,0x00000007375bdef0,0x0000000737600000)
 Metaspace       used 267255K, committed 270144K, reserved 1310720K
  class space    used 33104K, committed 34624K, reserved 1048576K
}
Event: 222.920 GC heap after
{Heap after GC invocations=42 (full 8):
 PSYoungGen      total 1212928K, used 61394K [0x00000007aab00000, 0x00000007ffd80000, 0x0000000800000000)
  eden space 1022464K, 0% used [0x00000007aab00000,0x00000007aab00000,0x00000007e9180000)
  from space 190464K, 32% used [0x00000007f4380000,0x00000007f7f74ae0,0x00000007ffd80000)
  to   space 182272K, 0% used [0x00000007e9180000,0x00000007e9180000,0x00000007f4380000)
 ParOldGen       total 907264K, used 906826K [0x0000000700000000, 0x0000000737600000, 0x00000007aab00000)
  object space 907264K, 99% used [0x0000000700000000,0x0000000737592ae0,0x0000000737600000)
 Metaspace       used 267255K, committed 270144K, reserved 1310720K
  class space    used 33104K, committed 34624K, reserved 1048576K
}
Event: 235.004 GC heap before
{Heap before GC invocations=43 (full 8):
 PSYoungGen      total 1212928K, used 1083858K [0x00000007aab00000, 0x00000007ffd80000, 0x0000000800000000)
  eden space 1022464K, 100% used [0x00000007aab00000,0x00000007e9180000,0x00000007e9180000)
  from space 190464K, 32% used [0x00000007f4380000,0x00000007f7f74ae0,0x00000007ffd80000)
  to   space 182272K, 0% used [0x00000007e9180000,0x00000007e9180000,0x00000007f4380000)
 ParOldGen       total 907264K, used 906826K [0x0000000700000000, 0x0000000737600000, 0x00000007aab00000)
  object space 907264K, 99% used [0x0000000700000000,0x0000000737592ae0,0x0000000737600000)
 Metaspace       used 271039K, committed 273920K, reserved 1310720K
  class space    used 33442K, committed 34944K, reserved 1048576K
}
Event: 235.569 GC heap after
{Heap after GC invocations=43 (full 8):
 PSYoungGen      total 1102336K, used 79658K [0x00000007aab00000, 0x00000007fe600000, 0x0000000800000000)
  eden space 1022464K, 0% used [0x00000007aab00000,0x00000007aab00000,0x00000007e9180000)
  from space 79872K, 99% used [0x00000007e9180000,0x00000007edf4a8f8,0x00000007edf80000)
  to   space 173056K, 0% used [0x00000007f3d00000,0x00000007f3d00000,0x00000007fe600000)
 ParOldGen       total 967680K, used 967321K [0x0000000700000000, 0x000000073b100000, 0x00000007aab00000)
  object space 967680K, 99% used [0x0000000700000000,0x000000073b0a6668,0x000000073b100000)
 Metaspace       used 271039K, committed 273920K, reserved 1310720K
  class space    used 33442K, committed 34944K, reserved 1048576K
}
Event: 244.641 GC heap before
{Heap before GC invocations=44 (full 8):
 PSYoungGen      total 1102336K, used 556571K [0x00000007aab00000, 0x00000007fe600000, 0x0000000800000000)
  eden space 1022464K, 46% used [0x00000007aab00000,0x00000007c7cbc3e8,0x00000007e9180000)
  from space 79872K, 99% used [0x00000007e9180000,0x00000007edf4a8f8,0x00000007edf80000)
  to   space 173056K, 0% used [0x00000007f3d00000,0x00000007f3d00000,0x00000007fe600000)
 ParOldGen       total 967680K, used 967321K [0x0000000700000000, 0x000000073b100000, 0x00000007aab00000)
  object space 967680K, 99% used [0x0000000700000000,0x000000073b0a6668,0x000000073b100000)
 Metaspace       used 274363K, committed 277312K, reserved 1310720K
  class space    used 33890K, committed 35392K, reserved 1048576K
}
Event: 244.886 GC heap after
{Heap after GC invocations=44 (full 8):
 PSYoungGen      total 1183744K, used 60983K [0x00000007aab00000, 0x00000007fd800000, 0x0000000800000000)
  eden space 1025024K, 0% used [0x00000007aab00000,0x00000007aab00000,0x00000007e9400000)
  from space 158720K, 38% used [0x00000007f3d00000,0x00000007f788dcc0,0x00000007fd800000)
  to   space 165888K, 0% used [0x00000007e9400000,0x00000007e9400000,0x00000007f3600000)
 ParOldGen       total 1023488K, used 1023253K [0x0000000700000000, 0x000000073e780000, 0x00000007aab00000)
  object space 1023488K, 99% used [0x0000000700000000,0x000000073e7455e8,0x000000073e780000)
 Metaspace       used 274363K, committed 277312K, reserved 1310720K
  class space    used 33890K, committed 35392K, reserved 1048576K
}
Event: 244.886 GC heap before
{Heap before GC invocations=45 (full 9):
 PSYoungGen      total 1183744K, used 60983K [0x00000007aab00000, 0x00000007fd800000, 0x0000000800000000)
  eden space 1025024K, 0% used [0x00000007aab00000,0x00000007aab00000,0x00000007e9400000)
  from space 158720K, 38% used [0x00000007f3d00000,0x00000007f788dcc0,0x00000007fd800000)
  to   space 165888K, 0% used [0x00000007e9400000,0x00000007e9400000,0x00000007f3600000)
 ParOldGen       total 1023488K, used 1023253K [0x0000000700000000, 0x000000073e780000, 0x00000007aab00000)
  object space 1023488K, 99% used [0x0000000700000000,0x000000073e7455e8,0x000000073e780000)
 Metaspace       used 274363K, committed 277312K, reserved 1310720K
  class space    used 33890K, committed 35392K, reserved 1048576K
}
Event: 248.981 GC heap after
{Heap after GC invocations=45 (full 9):
 PSYoungGen      total 1183744K, used 7098K [0x00000007aab00000, 0x00000007fd800000, 0x0000000800000000)
  eden space 1025024K, 0% used [0x00000007aab00000,0x00000007aab00000,0x00000007e9400000)
  from space 158720K, 4% used [0x00000007f3d00000,0x00000007f43eebc0,0x00000007fd800000)
  to   space 165888K, 0% used [0x00000007e9400000,0x00000007e9400000,0x00000007f3600000)
 ParOldGen       total 1023488K, used 1023416K [0x0000000700000000, 0x000000073e780000, 0x00000007aab00000)
  object space 1023488K, 99% used [0x0000000700000000,0x000000073e76e240,0x000000073e780000)
 Metaspace       used 274341K, committed 277312K, reserved 1310720K
  class space    used 33884K, committed 35392K, reserved 1048576K
}
Event: 264.260 GC heap before
{Heap before GC invocations=46 (full 9):
 PSYoungGen      total 1183744K, used 1032122K [0x00000007aab00000, 0x00000007fd800000, 0x0000000800000000)
  eden space 1025024K, 100% used [0x00000007aab00000,0x00000007e9400000,0x00000007e9400000)
  from space 158720K, 4% used [0x00000007f3d00000,0x00000007f43eebc0,0x00000007fd800000)
  to   space 165888K, 0% used [0x00000007e9400000,0x00000007e9400000,0x00000007f3600000)
 ParOldGen       total 1023488K, used 1023416K [0x0000000700000000, 0x000000073e780000, 0x00000007aab00000)
  object space 1023488K, 99% used [0x0000000700000000,0x000000073e76e240,0x000000073e780000)
 Metaspace       used 277826K, committed 280704K, reserved 1310720K
  class space    used 34261K, committed 35776K, reserved 1048576K
}
Event: 264.694 GC heap after
{Heap after GC invocations=46 (full 9):
 PSYoungGen      total 1190912K, used 31320K [0x00000007aab00000, 0x00000007fd800000, 0x0000000800000000)
  eden space 1025024K, 0% used [0x00000007aab00000,0x00000007aab00000,0x00000007e9400000)
  from space 165888K, 18% used [0x00000007e9400000,0x00000007eb296190,0x00000007f3600000)
  to   space 158720K, 0% used [0x00000007f3d00000,0x00000007f3d00000,0x00000007fd800000)
 ParOldGen       total 1030656K, used 1030552K [0x0000000700000000, 0x000000073ee80000, 0x00000007aab00000)
  object space 1030656K, 99% used [0x0000000700000000,0x000000073ee66240,0x000000073ee80000)
 Metaspace       used 277826K, committed 280704K, reserved 1310720K
  class space    used 34261K, committed 35776K, reserved 1048576K
}
Event: 269.819 GC heap before
{Heap before GC invocations=47 (full 9):
 PSYoungGen      total 1190912K, used 1056344K [0x00000007aab00000, 0x00000007fd800000, 0x0000000800000000)
  eden space 1025024K, 100% used [0x00000007aab00000,0x00000007e9400000,0x00000007e9400000)
  from space 165888K, 18% used [0x00000007e9400000,0x00000007eb296190,0x00000007f3600000)
  to   space 158720K, 0% used [0x00000007f3d00000,0x00000007f3d00000,0x00000007fd800000)
 ParOldGen       total 1030656K, used 1030552K [0x0000000700000000, 0x000000073ee80000, 0x00000007aab00000)
  object space 1030656K, 99% used [0x0000000700000000,0x000000073ee66240,0x000000073ee80000)
 Metaspace       used 278036K, committed 280896K, reserved 1310720K
  class space    used 34270K, committed 35776K, reserved 1048576K
}
Event: 269.937 GC heap after
{Heap after GC invocations=47 (full 9):
 PSYoungGen      total 1183744K, used 15511K [0x00000007aab00000, 0x00000007fd800000, 0x0000000800000000)
  eden space 1025024K, 0% used [0x00000007aab00000,0x00000007aab00000,0x00000007e9400000)
  from space 158720K, 9% used [0x00000007f3d00000,0x00000007f4c25e00,0x00000007fd800000)
  to   space 165888K, 0% used [0x00000007e9400000,0x00000007e9400000,0x00000007f3600000)
 ParOldGen       total 1052160K, used 1051697K [0x0000000700000000, 0x0000000740380000, 0x00000007aab00000)
  object space 1052160K, 99% used [0x0000000700000000,0x000000074030c488,0x0000000740380000)
 Metaspace       used 278036K, committed 280896K, reserved 1310720K
  class space    used 34270K, committed 35776K, reserved 1048576K
}
Event: 272.319 GC heap before
{Heap before GC invocations=48 (full 9):
 PSYoungGen      total 1183744K, used 1040535K [0x00000007aab00000, 0x00000007fd800000, 0x0000000800000000)
  eden space 1025024K, 100% used [0x00000007aab00000,0x00000007e9400000,0x00000007e9400000)
  from space 158720K, 9% used [0x00000007f3d00000,0x00000007f4c25e00,0x00000007fd800000)
  to   space 165888K, 0% used [0x00000007e9400000,0x00000007e9400000,0x00000007f3600000)
 ParOldGen       total 1052160K, used 1051697K [0x0000000700000000, 0x0000000740380000, 0x00000007aab00000)
  object space 1052160K, 99% used [0x0000000700000000,0x000000074030c488,0x0000000740380000)
 Metaspace       used 278127K, committed 281024K, reserved 1310720K
  class space    used 34270K, committed 35776K, reserved 1048576K
}
Event: 272.420 GC heap after
{Heap after GC invocations=48 (full 9):
 PSYoungGen      total 1183744K, used 1040535K [0x00000007aab00000, 0x00000007fd800000, 0x0000000800000000)
  eden space 1025024K, 100% used [0x00000007aab00000,0x00000007e9400000,0x00000007e9400000)
  from space 158720K, 9% used [0x00000007f3d00000,0x00000007f4c25e00,0x00000007fd800000)
  to   space 165888K, 9% used [0x00000007e9400000,0x00000007ea2d38d8,0x00000007f3600000)
 ParOldGen       total 1061888K, used 1061881K [0x0000000700000000, 0x0000000740d00000, 0x00000007aab00000)
  object space 1061888K, 99% used [0x0000000700000000,0x0000000740cfe7c8,0x0000000740d00000)
 Metaspace       used 278127K, committed 281024K, reserved 1310720K
  class space    used 34270K, committed 35776K, reserved 1048576K
}
Event: 272.420 GC heap before
{Heap before GC invocations=49 (full 10):
 PSYoungGen      total 1183744K, used 1040535K [0x00000007aab00000, 0x00000007fd800000, 0x0000000800000000)
  eden space 1025024K, 100% used [0x00000007aab00000,0x00000007e9400000,0x00000007e9400000)
  from space 158720K, 9% used [0x00000007f3d00000,0x00000007f4c25e00,0x00000007fd800000)
  to   space 165888K, 9% used [0x00000007e9400000,0x00000007ea2d38d8,0x00000007f3600000)
 ParOldGen       total 1061888K, used 1061881K [0x0000000700000000, 0x0000000740d00000, 0x00000007aab00000)
  object space 1061888K, 99% used [0x0000000700000000,0x0000000740cfe7c8,0x0000000740d00000)
 Metaspace       used 278127K, committed 281024K, reserved 1310720K
  class space    used 34270K, committed 35776K, reserved 1048576K
}
Event: 275.095 GC heap after
{Heap after GC invocations=49 (full 10):
 PSYoungGen      total 1190912K, used 0K [0x00000007aab00000, 0x0000000800000000, 0x0000000800000000)
  eden space 1025024K, 0% used [0x00000007aab00000,0x00000007aab00000,0x00000007e9400000)
  from space 165888K, 0% used [0x00000007e9400000,0x00000007e9400000,0x00000007f3600000)
  to   space 163840K, 0% used [0x00000007f6000000,0x00000007f6000000,0x0000000800000000)
 ParOldGen       total 1061888K, used 931025K [0x0000000700000000, 0x0000000740d00000, 0x00000007aab00000)
  object space 1061888K, 87% used [0x0000000700000000,0x0000000738d34660,0x0000000740d00000)
 Metaspace       used 278126K, committed 281024K, reserved 1310720K
  class space    used 34270K, committed 35776K, reserved 1048576K
}

Dll operation events (4 events):
Event: 0.026 Loaded shared library C:\Program Files\Android\Android Studio1\jbr\bin\java.dll
Event: 0.033 Loaded shared library C:\Program Files\Android\Android Studio1\jbr\bin\zip.dll
Event: 0.964 Loaded shared library C:\Program Files\Android\Android Studio1\jbr\bin\verify.dll
Event: 94.209 Unloaded dll "C:\Users\Mbongeni\AppData\Local\Temp\sqlite-3.41.2.2-9204afa1-1574-4057-92f7-b14eef31e683-sqlitejdbc.dll" [0x00007ffed0470000]

Deoptimization events (20 events):
Event: 272.074 Thread 0x0000029bf8f3d5d0 Uncommon trap: trap_request=0xffffff76 fr.pc=0x0000029bd3273bd4 relative=0x0000000000002374
Event: 272.074 Thread 0x0000029bf8f3d5d0 Uncommon trap: reason=predicate action=maybe_recompile pc=0x0000029bd3273bd4 method=com.android.tools.r8.internal.wB.a(ILcom/android/tools/r8/graph/k1;Ljava/util/function/BiConsumer;)V @ 312 c2
Event: 272.074 Thread 0x0000029bf8f3d5d0 DEOPT PACKING pc=0x0000029bd3273bd4 sp=0x000000fbc00fea20
Event: 272.074 Thread 0x0000029bf8f3d5d0 DEOPT UNPACKING pc=0x0000029bd0ee3aa2 sp=0x000000fbc00fea10 mode 2
Event: 272.074 Thread 0x0000029bf8f37360 Uncommon trap: trap_request=0xffffffde fr.pc=0x0000029bd286f968 relative=0x0000000000000308
Event: 272.074 Thread 0x0000029bf8f37360 Uncommon trap: reason=class_check action=maybe_recompile pc=0x0000029bd286f968 method=com.android.tools.r8.internal.wB.e(I)V @ 9 c2
Event: 272.074 Thread 0x0000029bf8f3d5d0 Uncommon trap: trap_request=0xffffffde fr.pc=0x0000029bd286f968 relative=0x0000000000000308
Event: 272.074 Thread 0x0000029bf8f37360 DEOPT PACKING pc=0x0000029bd286f968 sp=0x000000fbbabfec50
Event: 272.074 Thread 0x0000029bf8f3d5d0 Uncommon trap: reason=class_check action=maybe_recompile pc=0x0000029bd286f968 method=com.android.tools.r8.internal.wB.e(I)V @ 9 c2
Event: 272.074 Thread 0x0000029bf8f3d5d0 DEOPT PACKING pc=0x0000029bd286f968 sp=0x000000fbc00fe980
Event: 272.074 Thread 0x0000029bf8f37360 DEOPT UNPACKING pc=0x0000029bd0ee3aa2 sp=0x000000fbbabfebd8 mode 2
Event: 272.074 Thread 0x0000029bf8f3d5d0 DEOPT UNPACKING pc=0x0000029bd0ee3aa2 sp=0x000000fbc00fe908 mode 2
Event: 272.074 Thread 0x0000029bf8f37360 Uncommon trap: trap_request=0xffffffde fr.pc=0x0000029bd2a77898 relative=0x0000000000000078
Event: 272.074 Thread 0x0000029bf8f37360 Uncommon trap: reason=class_check action=maybe_recompile pc=0x0000029bd2a77898 method=com.android.tools.r8.internal.wB.e(I)V @ 9 c2
Event: 272.074 Thread 0x0000029bf8f37360 DEOPT PACKING pc=0x0000029bd2a77898 sp=0x000000fbbabfec40
Event: 272.074 Thread 0x0000029bf8f37360 DEOPT UNPACKING pc=0x0000029bd0ee3aa2 sp=0x000000fbbabfebd8 mode 2
Event: 272.197 Thread 0x0000029bf8f37360 Uncommon trap: trap_request=0xffffff6e fr.pc=0x0000029bd33e1d7c relative=0x00000000000005bc
Event: 272.197 Thread 0x0000029bf8f37360 Uncommon trap: reason=loop_limit_check action=maybe_recompile pc=0x0000029bd33e1d7c method=com.android.tools.r8.internal.yH.a()I @ 64 c2
Event: 272.197 Thread 0x0000029bf8f37360 DEOPT PACKING pc=0x0000029bd33e1d7c sp=0x000000fbbabfed00
Event: 272.197 Thread 0x0000029bf8f37360 DEOPT UNPACKING pc=0x0000029bd0ee3aa2 sp=0x000000fbbabfebd0 mode 2

Classes loaded (20 events):
Event: 173.853 Loading class org/w3c/dom/CDATASection done
Event: 173.853 Loading class com/sun/org/apache/xerces/internal/dom/CDATASectionImpl done
Event: 174.862 Loading class java/util/EnumMap$Values
Event: 174.862 Loading class java/util/EnumMap$Values done
Event: 174.862 Loading class java/util/EnumMap$ValueIterator
Event: 174.862 Loading class java/util/EnumMap$ValueIterator done
Event: 174.878 Loading class java/nio/file/ProviderNotFoundException
Event: 174.878 Loading class java/nio/file/ProviderNotFoundException done
Event: 203.372 Loading class java/util/AbstractList$RandomAccessSpliterator
Event: 203.372 Loading class java/util/AbstractList$RandomAccessSpliterator done
Event: 207.159 Loading class java/util/AbstractList$RandomAccessSubList
Event: 207.159 Loading class java/util/AbstractList$RandomAccessSubList done
Event: 240.518 Loading class java/util/IdentityHashMap$EntryIterator
Event: 240.520 Loading class java/util/IdentityHashMap$EntryIterator done
Event: 240.525 Loading class java/util/IdentityHashMap$EntryIterator$Entry
Event: 240.525 Loading class java/util/IdentityHashMap$EntryIterator$Entry done
Event: 254.410 Loading class java/util/ArrayDeque$DescendingIterator
Event: 254.456 Loading class java/util/ArrayDeque$DescendingIterator done
Event: 261.487 Loading class java/util/concurrent/ConcurrentHashMap$KeySpliterator
Event: 261.489 Loading class java/util/concurrent/ConcurrentHashMap$KeySpliterator done

Classes unloaded (20 events):
Event: 93.242 Thread 0x0000029be1a588b0 Unloading class 0x00000008013a0540 'androidx/room/compiler/processing/XProcessingStep'
Event: 93.242 Thread 0x0000029be1a588b0 Unloading class 0x00000008013a02a0 'androidx/room/RoomKspProcessor'
Event: 93.242 Thread 0x0000029be1a588b0 Unloading class 0x00000008013a0000 'androidx/room/compiler/processing/ksp/KspBasicAnnotationProcessor'
Event: 93.242 Thread 0x0000029be1a588b0 Unloading class 0x0000000800eacc60 'androidx/room/compiler/processing/XBasicAnnotationProcessor'
Event: 93.242 Thread 0x0000029be1a588b0 Unloading class 0x0000000800eaca30 'com/bumptech/glide/annotation/ksp/GlideSymbolProcessorProvider'
Event: 93.242 Thread 0x0000029be1a588b0 Unloading class 0x0000000800eac800 'androidx/room/RoomKspProcessor$Provider'
Event: 160.551 Thread 0x0000029be1a588b0 Unloading class 0x0000000801a88400 'java/lang/invoke/LambdaForm$DMH+0x0000000801a88400'
Event: 246.017 Thread 0x0000029be1a588b0 Unloading class 0x00000008021f7400 'java/lang/invoke/LambdaForm$MH+0x00000008021f7400'
Event: 246.017 Thread 0x0000029be1a588b0 Unloading class 0x00000008021f7000 'java/lang/invoke/LambdaForm$MH+0x00000008021f7000'
Event: 246.017 Thread 0x0000029be1a588b0 Unloading class 0x00000008021f6400 'java/lang/invoke/LambdaForm$MH+0x00000008021f6400'
Event: 246.017 Thread 0x0000029be1a588b0 Unloading class 0x00000008021f6000 'java/lang/invoke/LambdaForm$MH+0x00000008021f6000'
Event: 246.017 Thread 0x0000029be1a588b0 Unloading class 0x00000008021f5800 'java/lang/invoke/LambdaForm$MH+0x00000008021f5800'
Event: 246.017 Thread 0x0000029be1a588b0 Unloading class 0x00000008021f5000 'java/lang/invoke/LambdaForm$MH+0x00000008021f5000'
Event: 246.017 Thread 0x0000029be1a588b0 Unloading class 0x00000008021f4c00 'java/lang/invoke/LambdaForm$MH+0x00000008021f4c00'
Event: 246.017 Thread 0x0000029be1a588b0 Unloading class 0x00000008021f4800 'java/lang/invoke/LambdaForm$MH+0x00000008021f4800'
Event: 246.017 Thread 0x0000029be1a588b0 Unloading class 0x00000008021f4000 'java/lang/invoke/LambdaForm$MH+0x00000008021f4000'
Event: 246.017 Thread 0x0000029be1a588b0 Unloading class 0x00000008021ed800 'java/lang/invoke/LambdaForm$MH+0x00000008021ed800'
Event: 246.017 Thread 0x0000029be1a588b0 Unloading class 0x00000008021ed000 'java/lang/invoke/LambdaForm$DMH+0x00000008021ed000'
Event: 246.017 Thread 0x0000029be1a588b0 Unloading class 0x00000008021ec800 'java/lang/invoke/LambdaForm$DMH+0x00000008021ec800'
Event: 273.184 Thread 0x0000029be1a588b0 Unloading class 0x00000008022b8400 'java/lang/invoke/LambdaForm$DMH+0x00000008022b8400'

Classes redefined (0 events):
No events

Internal exceptions (20 events):
Event: 259.055 Thread 0x0000029bf8f3ae70 Exception <a 'java/lang/NoSuchMethodError'{0x00000007cba9fbe0}: 'java.lang.Object java.lang.invoke.DirectMethodHandle$Holder.invokeInterface(java.lang.Object, java.lang.Object, java.lang.Object, java.lang.Object, java.lang.Object)'> (0x00000007cba9fbe0) 
thrown [s\src\hotspot\share\interpreter\linkResolver.cpp, line 784]
Event: 259.055 Thread 0x0000029bf8f37360 Exception <a 'java/lang/NoSuchMethodError'{0x00000007cbc9a708}: 'java.lang.Object java.lang.invoke.DirectMethodHandle$Holder.invokeInterface(java.lang.Object, java.lang.Object, java.lang.Object, java.lang.Object, java.lang.Object)'> (0x00000007cbc9a708) 
thrown [s\src\hotspot\share\interpreter\linkResolver.cpp, line 784]
Event: 259.055 Thread 0x0000029bf8f37360 Exception <a 'java/lang/IncompatibleClassChangeError'{0x00000007cbc9dbd0}: Found class java.lang.Object, but interface was expected> (0x00000007cbc9dbd0) 
thrown [s\src\hotspot\share\interpreter\linkResolver.cpp, line 851]
Event: 259.055 Thread 0x0000029bf8f3ae70 Exception <a 'java/lang/IncompatibleClassChangeError'{0x00000007cbaa30d0}: Found class java.lang.Object, but interface was expected> (0x00000007cbaa30d0) 
thrown [s\src\hotspot\share\interpreter\linkResolver.cpp, line 851]
Event: 259.057 Thread 0x0000029bf8f3ae70 Exception <a 'java/lang/IncompatibleClassChangeError'{0x00000007cbaaeae0}: Found class java.lang.Object, but interface was expected> (0x00000007cbaaeae0) 
thrown [s\src\hotspot\share\interpreter\linkResolver.cpp, line 851]
Event: 259.059 Thread 0x0000029bf8f3ae70 Exception <a 'java/lang/IncompatibleClassChangeError'{0x00000007cbac6968}: Found class java.lang.Object, but interface was expected> (0x00000007cbac6968) 
thrown [s\src\hotspot\share\interpreter\linkResolver.cpp, line 851]
Event: 259.060 Thread 0x0000029bf8f3ae70 Exception <a 'java/lang/IncompatibleClassChangeError'{0x00000007cbad1170}: Found class java.lang.Object, but interface was expected> (0x00000007cbad1170) 
thrown [s\src\hotspot\share\interpreter\linkResolver.cpp, line 851]
Event: 259.063 Thread 0x0000029bf8f3ae70 Exception <a 'java/lang/IncompatibleClassChangeError'{0x00000007cbaebec0}: Found class java.lang.Object, but interface was expected> (0x00000007cbaebec0) 
thrown [s\src\hotspot\share\interpreter\linkResolver.cpp, line 851]
Event: 259.065 Thread 0x0000029bf8f3ae70 Exception <a 'java/lang/IncompatibleClassChangeError'{0x00000007cbafba08}: Found class java.lang.Object, but interface was expected> (0x00000007cbafba08) 
thrown [s\src\hotspot\share\interpreter\linkResolver.cpp, line 851]
Event: 259.068 Thread 0x0000029bf8f3d5d0 Exception <a 'java/lang/IncompatibleClassChangeError'{0x00000007cb59b9e0}: Found class java.lang.Object, but interface was expected> (0x00000007cb59b9e0) 
thrown [s\src\hotspot\share\interpreter\linkResolver.cpp, line 851]
Event: 259.069 Thread 0x0000029bf8f3ae70 Exception <a 'java/lang/IncompatibleClassChangeError'{0x00000007cbb07480}: Found class java.lang.Object, but interface was expected> (0x00000007cbb07480) 
thrown [s\src\hotspot\share\interpreter\linkResolver.cpp, line 851]
Event: 259.074 Thread 0x0000029bf8f3d5d0 Exception <a 'java/lang/IncompatibleClassChangeError'{0x00000007cb5b1198}: Found class java.lang.Object, but interface was expected> (0x00000007cb5b1198) 
thrown [s\src\hotspot\share\interpreter\linkResolver.cpp, line 851]
Event: 259.294 Thread 0x0000029bf8f3cf40 Exception <a 'java/lang/IncompatibleClassChangeError'{0x00000007cbff31b0}: Found class java.lang.Object, but interface was expected> (0x00000007cbff31b0) 
thrown [s\src\hotspot\share\interpreter\linkResolver.cpp, line 851]
Event: 261.198 Thread 0x0000029bf8f37360 Implicit null exception at 0x0000029bd30ebd60 to 0x0000029bd30ef2fc
Event: 261.231 Thread 0x0000029bf8f3cf40 Implicit null exception at 0x0000029bd30794a8 to 0x0000029bd3079a7d
Event: 261.643 Thread 0x0000029bf8f3d5d0 Implicit null exception at 0x0000029bd296a14f to 0x0000029bd296abf4
Event: 261.643 Thread 0x0000029bf8f3cf40 Implicit null exception at 0x0000029bd296a14f to 0x0000029bd296abf4
Event: 261.643 Thread 0x0000029bf8f37360 Implicit null exception at 0x0000029bd296a14f to 0x0000029bd296abf4
Event: 261.721 Thread 0x0000029bf8f37360 Exception <a 'java/lang/NoSuchMethodError'{0x00000007dc3ccc30}: 'java.lang.Object java.lang.invoke.DirectMethodHandle$Holder.invokeInterface(java.lang.Object, java.lang.Object, int)'> (0x00000007dc3ccc30) 
thrown [s\src\hotspot\share\interpreter\linkResolver.cpp, line 784]
Event: 262.731 Thread 0x0000029bf8f3cf40 Exception <a 'java/lang/NoSuchMethodError'{0x00000007dfc87490}: 'java.lang.Object java.lang.invoke.DirectMethodHandle$Holder.invokeStatic(java.lang.Object, java.lang.Object, java.lang.Object, long)'> (0x00000007dfc87490) 
thrown [s\src\hotspot\share\interpreter\linkResolver.cpp, line 784]

ZGC Phase Switch (0 events):
No events

VM Operations (20 events):
Event: 264.079 Executing VM operation: HandshakeAllThreads (Deoptimize)
Event: 264.133 Executing VM operation: HandshakeAllThreads (Deoptimize) done
Event: 264.260 Executing VM operation: ParallelGCFailedAllocation (Allocation Failure)
Event: 264.694 Executing VM operation: ParallelGCFailedAllocation (Allocation Failure) done
Event: 264.827 Executing VM operation: HandshakeAllThreads (Deoptimize)
Event: 264.830 Executing VM operation: HandshakeAllThreads (Deoptimize) done
Event: 265.831 Executing VM operation: Cleanup
Event: 265.835 Executing VM operation: Cleanup done
Event: 266.835 Executing VM operation: Cleanup
Event: 266.836 Executing VM operation: Cleanup done
Event: 268.462 Executing VM operation: ICBufferFull
Event: 268.473 Executing VM operation: ICBufferFull done
Event: 269.507 Executing VM operation: Cleanup
Event: 269.511 Executing VM operation: Cleanup done
Event: 269.819 Executing VM operation: ParallelGCFailedAllocation (Allocation Failure)
Event: 269.937 Executing VM operation: ParallelGCFailedAllocation (Allocation Failure) done
Event: 270.938 Executing VM operation: Cleanup
Event: 270.939 Executing VM operation: Cleanup done
Event: 272.314 Executing VM operation: ParallelGCFailedAllocation (Allocation Failure)
Event: 275.095 Executing VM operation: ParallelGCFailedAllocation (Allocation Failure) done

Memory protections (0 events):
No events

Nmethod flushes (20 events):
Event: 273.324 Thread 0x0000029be1a588b0 flushing  nmethod 0x0000029bcd6c0890
Event: 273.324 Thread 0x0000029be1a588b0 flushing  nmethod 0x0000029bcd6c5f10
Event: 273.324 Thread 0x0000029be1a588b0 flushing  nmethod 0x0000029bcd6d6d90
Event: 273.324 Thread 0x0000029be1a588b0 flushing  nmethod 0x0000029bcd6dee90
Event: 273.324 Thread 0x0000029be1a588b0 flushing  nmethod 0x0000029bcd70cc90
Event: 273.324 Thread 0x0000029be1a588b0 flushing  nmethod 0x0000029bcd732e90
Event: 273.324 Thread 0x0000029be1a588b0 flushing  nmethod 0x0000029bcd734a90
Event: 273.324 Thread 0x0000029be1a588b0 flushing  nmethod 0x0000029bcd744610
Event: 273.324 Thread 0x0000029be1a588b0 flushing  nmethod 0x0000029bcd748c10
Event: 273.324 Thread 0x0000029be1a588b0 flushing  nmethod 0x0000029bcd75c290
Event: 273.324 Thread 0x0000029be1a588b0 flushing  nmethod 0x0000029bcd7ab190
Event: 273.324 Thread 0x0000029be1a588b0 flushing  nmethod 0x0000029bcd7b2810
Event: 273.324 Thread 0x0000029be1a588b0 flushing  nmethod 0x0000029bcd7b2f90
Event: 273.324 Thread 0x0000029be1a588b0 flushing  nmethod 0x0000029bcd7fb490
Event: 273.324 Thread 0x0000029be1a588b0 flushing  nmethod 0x0000029bcd829590
Event: 273.324 Thread 0x0000029be1a588b0 flushing  nmethod 0x0000029bcd844a90
Event: 273.324 Thread 0x0000029be1a588b0 flushing  nmethod 0x0000029bcd84a390
Event: 273.324 Thread 0x0000029be1a588b0 flushing  nmethod 0x0000029bcd866b90
Event: 273.324 Thread 0x0000029be1a588b0 flushing  nmethod 0x0000029bcd892790
Event: 273.324 Thread 0x0000029be1a588b0 flushing  nmethod 0x0000029bcd893290

Events (20 events):
Event: 211.578 Thread 0x0000029becf16490 Thread exited: 0x0000029becf16490
Event: 212.244 Thread 0x0000029be69a7c80 Thread added: 0x0000029becf15020
Event: 212.617 Thread 0x0000029bf848ea30 Thread exited: 0x0000029bf848ea30
Event: 213.014 Thread 0x0000029becf15020 Thread exited: 0x0000029becf15020
Event: 214.854 Thread 0x0000029be699cc00 Thread added: 0x0000029becf16490
Event: 235.887 Thread 0x0000029becf16490 Thread exited: 0x0000029becf16490
Event: 236.052 Thread 0x0000029be69a7c80 Thread added: 0x0000029bfedbe9c0
Event: 238.954 Thread 0x0000029bfedbe9c0 Thread exited: 0x0000029bfedbe9c0
Event: 239.122 Thread 0x0000029be69a7c80 Thread added: 0x0000029bfedbe9c0
Event: 239.637 Thread 0x0000029bf3ecf910 Thread added: 0x0000029beb50eda0
Event: 239.781 Thread 0x0000029bfedbe9c0 Thread exited: 0x0000029bfedbe9c0
Event: 240.582 Thread 0x0000029be69a7c80 Thread added: 0x0000029bfedbe9c0
Event: 241.382 Thread 0x0000029bfedbe9c0 Thread exited: 0x0000029bfedbe9c0
Event: 242.591 Thread 0x0000029be69a7c80 Thread added: 0x0000029bfedbe9c0
Event: 242.841 Thread 0x0000029beb50eda0 Thread exited: 0x0000029beb50eda0
Event: 269.407 Thread 0x0000029bfedbe9c0 Thread exited: 0x0000029bfedbe9c0
Event: 269.711 Thread 0x0000029be69a7c80 Thread added: 0x0000029bfe550950
Event: 271.312 Thread 0x0000029bfe550950 Thread exited: 0x0000029bfe550950
Event: 271.630 Thread 0x0000029be69a7c80 Thread added: 0x0000029bf86060e0
Event: 275.144 Thread 0x0000029bf86060e0 Thread exited: 0x0000029bf86060e0


Dynamic libraries:
0x00007ff6e7310000 - 0x00007ff6e731a000 	C:\Program Files\Android\Android Studio1\jbr\bin\java.exe
0x00007fff55060000 - 0x00007fff552c9000 	C:\WINDOWS\SYSTEM32\ntdll.dll
0x00007fff54690000 - 0x00007fff54759000 	C:\WINDOWS\System32\KERNEL32.DLL
0x00007fff52220000 - 0x00007fff52613000 	C:\WINDOWS\System32\KERNELBASE.dll
0x00007fff52620000 - 0x00007fff5276b000 	C:\WINDOWS\System32\ucrtbase.dll
0x00007fff347b0000 - 0x00007fff347cb000 	C:\Program Files\Android\Android Studio1\jbr\bin\VCRUNTIME140.dll
0x00007fff3d190000 - 0x00007fff3d1a8000 	C:\Program Files\Android\Android Studio1\jbr\bin\jli.dll
0x00007fff54470000 - 0x00007fff54634000 	C:\WINDOWS\System32\USER32.dll
0x00007fff521f0000 - 0x00007fff52217000 	C:\WINDOWS\System32\win32u.dll
0x00007fff52e70000 - 0x00007fff52e9b000 	C:\WINDOWS\System32\GDI32.dll
0x00007fff52c70000 - 0x00007fff52d9d000 	C:\WINDOWS\System32\gdi32full.dll
0x00007fff37920000 - 0x00007fff37bb3000 	C:\WINDOWS\WinSxS\amd64_microsoft.windows.common-controls_6595b64144ccf1df_6.0.26100.5074_none_3e0d6f78e32fd63f\COMCTL32.dll
0x00007fff53050000 - 0x00007fff530f9000 	C:\WINDOWS\System32\msvcrt.dll
0x00007fff52770000 - 0x00007fff52813000 	C:\WINDOWS\System32\msvcp_win.dll
0x00007fff53850000 - 0x00007fff5387f000 	C:\WINDOWS\System32\IMM32.DLL
0x00007fff34400000 - 0x00007fff3440c000 	C:\Program Files\Android\Android Studio1\jbr\bin\vcruntime140_1.dll
0x00007fff38070000 - 0x00007fff380fd000 	C:\Program Files\Android\Android Studio1\jbr\bin\msvcp140.dll
0x00007ffec12f0000 - 0x00007ffec1f7b000 	C:\Program Files\Android\Android Studio1\jbr\bin\server\jvm.dll
0x00007fff53d20000 - 0x00007fff53dd4000 	C:\WINDOWS\System32\ADVAPI32.dll
0x00007fff54f70000 - 0x00007fff55016000 	C:\WINDOWS\System32\sechost.dll
0x00007fff547e0000 - 0x00007fff548f8000 	C:\WINDOWS\System32\RPCRT4.dll
0x00007fff54760000 - 0x00007fff547d4000 	C:\WINDOWS\System32\WS2_32.dll
0x00007fff52070000 - 0x00007fff520ce000 	C:\WINDOWS\SYSTEM32\POWRPROF.dll
0x00007fff4fc70000 - 0x00007fff4fca5000 	C:\WINDOWS\SYSTEM32\WINMM.dll
0x00007fff44640000 - 0x00007fff4464b000 	C:\WINDOWS\SYSTEM32\VERSION.dll
0x00007fff52050000 - 0x00007fff52064000 	C:\WINDOWS\SYSTEM32\UMPDC.dll
0x00007fff50fa0000 - 0x00007fff50fbb000 	C:\WINDOWS\SYSTEM32\kernel.appcore.dll
0x00007fff343f0000 - 0x00007fff343fa000 	C:\Program Files\Android\Android Studio1\jbr\bin\jimage.dll
0x00007fff4f7a0000 - 0x00007fff4f9e2000 	C:\WINDOWS\SYSTEM32\DBGHELP.DLL
0x00007fff540f0000 - 0x00007fff5446b000 	C:\WINDOWS\System32\combase.dll
0x00007fff54e10000 - 0x00007fff54ee7000 	C:\WINDOWS\System32\OLEAUT32.dll
0x00007fff37830000 - 0x00007fff3786d000 	C:\WINDOWS\SYSTEM32\dbgcore.DLL
0x00007fff52820000 - 0x00007fff528b9000 	C:\WINDOWS\System32\bcryptPrimitives.dll
0x00007fff4ca20000 - 0x00007fff4ca2e000 	C:\Program Files\Android\Android Studio1\jbr\bin\instrument.dll
0x00007fff337d0000 - 0x00007fff337f0000 	C:\Program Files\Android\Android Studio1\jbr\bin\java.dll
0x00007fff337b0000 - 0x00007fff337c8000 	C:\Program Files\Android\Android Studio1\jbr\bin\zip.dll
0x00007fff53100000 - 0x00007fff5384d000 	C:\WINDOWS\System32\SHELL32.dll
0x00007fff528c0000 - 0x00007fff52a2c000 	C:\WINDOWS\System32\wintypes.dll
0x00007fff4fe30000 - 0x00007fff50689000 	C:\WINDOWS\SYSTEM32\windows.storage.dll
0x00007fff54b30000 - 0x00007fff54c20000 	C:\WINDOWS\System32\SHCORE.dll
0x00007fff52f70000 - 0x00007fff52fd2000 	C:\WINDOWS\System32\shlwapi.dll
0x00007fff52110000 - 0x00007fff52139000 	C:\WINDOWS\SYSTEM32\profapi.dll
0x00007fff343e0000 - 0x00007fff343f0000 	C:\Program Files\Android\Android Studio1\jbr\bin\net.dll
0x00007fff44650000 - 0x00007fff4476f000 	C:\WINDOWS\SYSTEM32\WINHTTP.dll
0x00007fff51550000 - 0x00007fff515bb000 	C:\WINDOWS\system32\mswsock.dll
0x00007fff33790000 - 0x00007fff337a6000 	C:\Program Files\Android\Android Studio1\jbr\bin\nio.dll
0x00007fff33be0000 - 0x00007fff33bf0000 	C:\Program Files\Android\Android Studio1\jbr\bin\verify.dll
0x00007fff3d460000 - 0x00007fff3d487000 	C:\Users\Mbongeni\.gradle\native\1def1411415f61bf3af743bc5b6707747c0891f09f0c88961ee8f79bc544acac\windows-amd64\native-platform.dll
0x00007fff0a350000 - 0x00007fff0a3c8000 	C:\Users\Mbongeni\.gradle\native\0.2.7\x86_64-windows-gnu\gradle-fileevents.dll
0x00007fff32050000 - 0x00007fff32059000 	C:\Program Files\Android\Android Studio1\jbr\bin\management.dll
0x00007fff11440000 - 0x00007fff1144b000 	C:\Program Files\Android\Android Studio1\jbr\bin\management_ext.dll
0x00007fff52e30000 - 0x00007fff52e38000 	C:\WINDOWS\System32\PSAPI.DLL
0x00007fff50990000 - 0x00007fff509c4000 	C:\WINDOWS\SYSTEM32\IPHLPAPI.DLL
0x00007fff52f60000 - 0x00007fff52f6a000 	C:\WINDOWS\System32\NSI.dll
0x00007fff32060000 - 0x00007fff32069000 	C:\Program Files\Android\Android Studio1\jbr\bin\extnet.dll
0x00007fff517f0000 - 0x00007fff5180b000 	C:\WINDOWS\SYSTEM32\CRYPTSP.dll
0x00007fff50f00000 - 0x00007fff50f3b000 	C:\WINDOWS\system32\rsaenh.dll
0x00007fff515f0000 - 0x00007fff5161b000 	C:\WINDOWS\SYSTEM32\USERENV.dll
0x00007fff520e0000 - 0x00007fff52106000 	C:\WINDOWS\SYSTEM32\bcrypt.dll
0x00007fff51810000 - 0x00007fff5181c000 	C:\WINDOWS\SYSTEM32\CRYPTBASE.dll
0x00007fff33780000 - 0x00007fff33788000 	C:\WINDOWS\system32\wshunix.dll
0x00007fff2cab0000 - 0x00007fff2cac8000 	C:\WINDOWS\system32\napinsp.dll
0x00007fff50a80000 - 0x00007fff50ba6000 	C:\WINDOWS\SYSTEM32\DNSAPI.dll
0x00007fff2ca50000 - 0x00007fff2ca62000 	C:\WINDOWS\System32\winrnr.dll
0x00007fff2ca20000 - 0x00007fff2ca48000 	C:\WINDOWS\system32\nlansp_c.dll
0x00007fff43cb0000 - 0x00007fff43cc6000 	C:\WINDOWS\system32\wshbth.dll
0x00007fff43ca0000 - 0x00007fff43cab000 	C:\Windows\System32\rasadhlp.dll
0x00007fff432a0000 - 0x00007fff43326000 	C:\WINDOWS\System32\fwpuclnt.dll
0x00007fff3d0d0000 - 0x00007fff3d119000 	C:\Users\Mbongeni\AppData\Local\Temp\jna-1116049261\jna906480006191547714.dll
0x00007fff53de0000 - 0x00007fff53f78000 	C:\WINDOWS\System32\Ole32.dll
0x00007fff52ea0000 - 0x00007fff52f51000 	C:\WINDOWS\System32\clbcatq.dll
0x00007fff1f9a0000 - 0x00007fff1f9bd000 	C:\WINDOWS\SYSTEM32\amsi.dll
0x00007fff1f900000 - 0x00007fff1f9a0000 	C:\ProgramData\Microsoft\Windows Defender\Platform\4.18.25070.5-0\MpOav.dll
0x00007fff1c760000 - 0x00007fff1c7b6000 	C:\WINDOWS\SYSTEM32\Pdh.dll
0x00007fff33760000 - 0x00007fff33771000 	C:\WINDOWS\System32\perfdisk.dll
0x00007fff49790000 - 0x00007fff497a3000 	C:\WINDOWS\System32\WMICLNT.dll
0x00007fff4e5b0000 - 0x00007fff4e658000 	C:\WINDOWS\system32\uxtheme.dll
0x00007fff320c0000 - 0x00007fff3211e000 	C:\Program Files\Huawei\PCManager\plugins\PerfWndMonModule.dll
0x00007fff51d80000 - 0x00007fff51dd7000 	C:\WINDOWS\SYSTEM32\cfgmgr32.dll
0x00007fff1c3c0000 - 0x00007fff1c3d2000 	C:\WINDOWS\System32\perfproc.dll
0x00007fff4e2b0000 - 0x00007fff4e2da000 	C:\WINDOWS\SYSTEM32\Wtsapi32.dll
0x00007fff52af0000 - 0x00007fff52c67000 	C:\WINDOWS\System32\CRYPT32.dll
0x00007fff51250000 - 0x00007fff51299000 	C:\WINDOWS\SYSTEM32\SspiCli.dll
0x00007fff51fa0000 - 0x00007fff52003000 	C:\WINDOWS\SYSTEM32\WINSTA.dll
0x00007fff2e590000 - 0x00007fff2e5a2000 	C:\WINDOWS\system32\wbem\wbemprox.dll
0x00007fff2e510000 - 0x00007fff2e58a000 	C:\WINDOWS\SYSTEM32\wbemcomn.dll
0x00007fff1ff40000 - 0x00007fff1ff55000 	C:\WINDOWS\system32\wbem\wbemsvc.dll
0x00007fff1ffd0000 - 0x00007fff200c0000 	C:\WINDOWS\system32\wbem\fastprox.dll
0x00007ffec1150000 - 0x00007ffec12e8000 	C:\Program Files\Android\Android Studio1\jbr\bin\awt.dll
0x00007fff4e6d0000 - 0x00007fff4e6fb000 	C:\WINDOWS\SYSTEM32\dwmapi.dll
0x00007fff32070000 - 0x00007fff320b4000 	C:\Program Files\Android\Android Studio1\jbr\bin\nvdaControllerClient64.dll
0x00007fff4e320000 - 0x00007fff4e3be000 	C:\WINDOWS\SYSTEM32\apphelp.dll
0x00007fff53f80000 - 0x00007fff540d8000 	C:\WINDOWS\System32\MSCTF.dll
0x00007fff510d0000 - 0x00007fff51106000 	C:\WINDOWS\SYSTEM32\ntmarta.dll
0x00007fff455a0000 - 0x00007fff455a7000 	C:\Program Files\Android\Android Studio1\jbr\bin\rmi.dll

dbghelp: loaded successfully - version: 4.0.5 - missing functions: none
symbol engine: initialized successfully - sym options: 0x614 - pdb path: .;C:\Program Files\Android\Android Studio1\jbr\bin;C:\WINDOWS\SYSTEM32;C:\WINDOWS\WinSxS\amd64_microsoft.windows.common-controls_6595b64144ccf1df_6.0.26100.5074_none_3e0d6f78e32fd63f;C:\Program Files\Android\Android Studio1\jbr\bin\server;C:\Users\Mbongeni\.gradle\native\1def1411415f61bf3af743bc5b6707747c0891f09f0c88961ee8f79bc544acac\windows-amd64;C:\Users\Mbongeni\.gradle\native\0.2.7\x86_64-windows-gnu;C:\Users\Mbongeni\AppData\Local\Temp\jna-1116049261;C:\ProgramData\Microsoft\Windows Defender\Platform\4.18.25070.5-0;C:\Program Files\Huawei\PCManager\plugins;C:\WINDOWS\system32\wbem;C:\Users\Mbongeni\AppData\Local\Temp

VM Arguments:
jvm_args: --add-opens=java.base/java.lang=ALL-UNNAMED --add-opens=java.base/java.lang.invoke=ALL-UNNAMED --add-opens=java.base/java.util=ALL-UNNAMED --add-opens=java.prefs/java.util.prefs=ALL-UNNAMED --add-exports=jdk.compiler/com.sun.tools.javac.api=ALL-UNNAMED --add-exports=jdk.compiler/com.sun.tools.javac.util=ALL-UNNAMED --add-opens=java.base/java.util=ALL-UNNAMED --add-opens=java.prefs/java.util.prefs=ALL-UNNAMED --add-opens=java.base/java.nio.charset=ALL-UNNAMED --add-opens=java.base/java.net=ALL-UNNAMED --add-opens=java.base/java.util.concurrent.atomic=ALL-UNNAMED --add-opens=java.xml/javax.xml.namespace=ALL-UNNAMED -XX:+UseParallelGC -Xmx4g -Dfile.encoding=UTF-8 -Duser.country=CN -Duser.language=zh -Duser.variant -javaagent:C:\Users\Mbongeni\.gradle\wrapper\dists\gradle-8.14.2-bin\2pb3mgt1p815evrl3weanttgr\gradle-8.14.2\lib\agents\gradle-instrumentation-agent-8.14.2.jar 
java_command: org.gradle.launcher.daemon.bootstrap.GradleDaemon 8.14.2
java_class_path (initial): C:\Users\Mbongeni\.gradle\wrapper\dists\gradle-8.14.2-bin\2pb3mgt1p815evrl3weanttgr\gradle-8.14.2\lib\gradle-daemon-main-8.14.2.jar
Launcher Type: SUN_STANDARD

[Global flags]
     intx CICompilerCount                          = 3                                         {product} {ergonomic}
   size_t InitialHeapSize                          = 132120576                                 {product} {ergonomic}
   size_t MaxHeapSize                              = 4294967296                                {product} {command line}
   size_t MaxNewSize                               = 1431306240                                {product} {ergonomic}
   size_t MinHeapDeltaBytes                        = 524288                                    {product} {ergonomic}
   size_t MinHeapSize                              = 8388608                                   {product} {ergonomic}
   size_t NewSize                                  = 44040192                                  {product} {ergonomic}
    uintx NonNMethodCodeHeapSize                   = 5832780                                {pd product} {ergonomic}
    uintx NonProfiledCodeHeapSize                  = 122912730                              {pd product} {ergonomic}
   size_t OldSize                                  = 88080384                                  {product} {ergonomic}
    uintx ProfiledCodeHeapSize                     = 122912730                              {pd product} {ergonomic}
    uintx ReservedCodeCacheSize                    = 251658240                              {pd product} {ergonomic}
     bool SegmentedCodeCache                       = true                                      {product} {ergonomic}
   size_t SoftMaxHeapSize                          = 4294967296                             {manageable} {ergonomic}
     bool UseCompressedOops                        = true                           {product lp64_product} {ergonomic}
     bool UseLargePagesIndividualAllocation        = false                                  {pd product} {ergonomic}
     bool UseParallelGC                            = true                                      {product} {command line}

Logging:
Log output configuration:
 #0: stdout all=warning uptime,level,tags foldmultilines=false
 #1: stderr all=off uptime,level,tags foldmultilines=false

Environment Variables:
PATH=C:\Program Files\Common Files\Oracle\Java\javapath;C:\Windows\System32\HWAudioDriverLibs;C:\Windows\system32;C:\Windows;C:\Windows\System32\Wbem;C:\Windows\System32\WindowsPowerShell\v1.0\;C:\Windows\System32\OpenSSH\;C:\Windows\system32\config\systemprofile\AppData\Local\Microsoft\WindowsApps;C:\WINDOWS\system32;C:\WINDOWS;C:\WINDOWS\System32\Wbem;C:\WINDOWS\System32\WindowsPowerShell\v1.0\;C:\WINDOWS\System32\OpenSSH\;C:\Program Files\nodejs\;C:\Program Files\apache-maven-3.9.9\bin;C:\Program Files\Microsoft SQL Server\150\Tools\Binn\;C:\Users\Mbongeni\Downloads\ffmpeg-2025-04-14-git-3b2a9410ef-full_build\ffmpeg-2025-04-14-git-3b2a9410ef-full_build\bin;C:\platform-tools;C:\xampp\php;C:\ProgramData\ComposerSetup\bin;C:\dev\flutter\bin;C:\Program Files\Git\cmd;C:\ProgramData\chocolatey\bin;C:\Users\Mbongeni\AppData\Local\Microsoft\WindowsApps;C:\Users\Mbongeni\AppData\Local\Programs\Microsoft VS Code\bin;C:\Users\Mbongeni\AppData\Roaming\npm;C:\Users\Mbongeni\AppData\Local\GitHubDesktop\bin;C:\Users\Mbongeni\.dotnet\tools;C:\msys64\ucrt64\bin;C:\Users\Mbongeni\AppData\Roaming\Composer\vendor\bin;C:\Users\Mbongeni\AppData\Local\Android\Sdk\cmdline-tools\latest\bin;C:\Users\Mbongeni\AppData\Local\Android\Sdk\platform-tools;C:\Users\Mbongeni\AppData\Local\Android\Sdk\cmake\4.1.0\bin;C:\Users\Mbongeni\AppData\Local\Android\Sdk\ndk\29.0.13846066;;C:\tools\dart-sdk\bin;C:\Users\Mbongeni\AppData\Local\Pub\Cache\bin
USERNAME=Mbongeni
OS=Windows_NT
PROCESSOR_IDENTIFIER=Intel64 Family 6 Model 142 Stepping 12, GenuineIntel
TMP=C:\Users\Mbongeni\AppData\Local\Temp
TEMP=C:\Users\Mbongeni\AppData\Local\Temp




Periodic native trim disabled

JNI global refs:
JNI global refs: 41, weak refs: 45

JNI global refs memory usage: 835, weak refs: 833

Process memory usage:
Resident Set Size: 2844344K (34% of 8218416K total physical memory with 797872K free physical memory)

OOME stack traces (most recent first):
Classloader memory used:
Loader java.net.URLClassLoader                                                         : 131M
Loader org.gradle.internal.classloader.VisitableURLClassLoader$InstrumentingVisitableURLClassLoader: 52491K
Loader org.gradle.internal.classloader.VisitableURLClassLoader                         : 40457K
Loader bootstrap                                                                       : 38723K
Loader org.gradle.initialization.MixInLegacyTypesClassLoader                           : 8268K
Loader jdk.internal.reflect.DelegatingClassLoader                                      : 1855K
Loader jdk.internal.loader.ClassLoaders$PlatformClassLoader                            : 880K
Loader com.intellij.util.lang.UrlClassLoader                                           : 419K
Loader jdk.internal.jrtfs.JrtFileSystemProvider$JrtFsLoader                            : 293K
Loader jdk.internal.loader.ClassLoaders$AppClassLoader                                 : 241K
Loader org.gradle.internal.classloader.VisitableURLClassLoader                         : 6848B
Loader sun.reflect.misc.MethodUtil                                                     : 2952B


[error occurred during error reporting (Classloader stats), id 0xe0000001, Out of Memory Error (s\src\hotspot\share\memory\arena.cpp:168)]
---------------  S Y S T E M  ---------------

OS:
 Windows 11 , 64 bit Build 26100 (10.0.26100.5074)
OS uptime: 0 days 0:40 hours
Hyper-V role detected

CPU: total 4 (initial active 4) (2 cores per cpu, 2 threads per core) family 6 model 142 stepping 12 microcode 0xde, cx8, cmov, fxsr, ht, mmx, 3dnowpref, sse, sse2, sse3, ssse3, sse4.1, sse4.2, popcnt, lzcnt, tsc, tscinvbit, avx, avx2, aes, erms, clmul, bmi1, bmi2, adx, fma, vzeroupper, clflush, clflushopt, hv, rdtscp, f16c
Processor Information for the first 4 processors :
  Max Mhz: 2592, Current Mhz: 2592, Mhz Limit: 2073

Memory: 4k page, system-wide physical 8025M (925M free)
TotalPageFile size 14020M (AvailPageFile size 0M)
current process WorkingSet (physical memory assigned to process): 2785M, peak: 2886M
current process commit charge ("private bytes"): 3157M, peak: 4844M

vm_info: OpenJDK 64-Bit Server VM (21.0.6+-13391695-b895.109) for windows-amd64 JRE (21.0.6+-13391695-b895.109), built on 2025-04-22T21:19:17Z by "builder" with MS VC++ 16.10 / 16.11 (VS2019)

END.
