#
# There is insufficient memory for the Java Runtime Environment to continue.
# Native memory allocation (malloc) failed to allocate 32744 bytes. Error detail: Chunk::new
# Possible reasons:
#   The system is out of physical RAM or swap space
#   This process is running with CompressedOops enabled, and the Java Heap may be blocking the growth of the native heap
# Possible solutions:
#   Reduce memory load on the system
#   Increase physical memory or swap space
#   Check if swap backing store is full
#   Decrease Java heap size (-Xmx/-Xms)
#   Decrease number of Java threads
#   Decrease Java thread stack sizes (-Xss)
#   Set larger code cache with -XX:ReservedCodeCacheSize=
#   JVM is running with Unscaled Compressed Oops mode in which the Java heap is
#     placed in the first 4GB address space. The Java Heap base address is the
#     maximum limit for the native heap growth. Please use -XX:HeapBaseMinAddress
#     to set the Java Heap base and to place the Java Heap above 4GB virtual address.
# This output file may be truncated or incomplete.
#
#  Out of Memory Error (arena.cpp:149), pid=11276, tid=12800
#
# JRE version: Java(TM) SE Runtime Environment (23.0.2+7) (build 23.0.2+7-58)
# Java VM: Java HotSpot(TM) 64-Bit Server VM (23.0.2+7-58, mixed mode, sharing, tiered, compressed oops, compressed class ptrs, g1 gc, windows-amd64)
# No core dump will be written. Minidumps are not enabled by default on client versions of Windows
#

---------------  S U M M A R Y ------------

Command Line: -DkotlinLanguageServer.version=1.3.13 org.javacs.kt.MainKt

Host: Intel(R) Core(TM) i3-10110U CPU @ 2.10GHz, 4 cores, 7G,  Windows 11 , 64 bit Build 26100 (10.0.26100.4768)
Time: Sat Aug 30 18:46:16 2025 South Africa Standard Time elapsed time: 124.275335 seconds (0d 0h 2m 4s)

---------------  T H R E A D  ---------------

Current thread (0x0000022436ed9780):  JavaThread "C2 CompilerThread0" daemon [_thread_in_native, id=12800, stack(0x000000a284200000,0x000000a284300000) (1024K)]


Current CompileTask:
C2:124275 3984   !   4       java.io.BufferedInputStream::read (69 bytes)

Stack: [0x000000a284200000,0x000000a284300000]
Native frames: (J=compiled Java code, j=interpreted, Vv=VM code, C=native code)
V  [jvm.dll+0x6e0b99]  (no source info available)
V  [jvm.dll+0x87e2b3]  (no source info available)
V  [jvm.dll+0x88073e]  (no source info available)
V  [jvm.dll+0x880e13]  (no source info available)
V  [jvm.dll+0x27b006]  (no source info available)
V  [jvm.dll+0xbc06f]  (no source info available)
V  [jvm.dll+0xbc2cb]  (no source info available)
V  [jvm.dll+0x6bb8b7]  (no source info available)
V  [jvm.dll+0x398183]  (no source info available)
V  [jvm.dll+0x6efbab]  (no source info available)
V  [jvm.dll+0x6ef377]  (no source info available)
V  [jvm.dll+0x1c655c]  (no source info available)
V  [jvm.dll+0x1c70db]  (no source info available)
V  [jvm.dll+0x2edc7f]  (no source info available)
V  [jvm.dll+0x6f9c87]  (no source info available)
V  [jvm.dll+0x6f1fdf]  (no source info available)
V  [jvm.dll+0x6f1417]  (no source info available)
V  [jvm.dll+0x6ef5e5]  (no source info available)
V  [jvm.dll+0x1c655c]  (no source info available)
V  [jvm.dll+0x1c70db]  (no source info available)
V  [jvm.dll+0x2edc7f]  (no source info available)
V  [jvm.dll+0x6f9c87]  (no source info available)
V  [jvm.dll+0x6f1fdf]  (no source info available)
V  [jvm.dll+0x6f1417]  (no source info available)
V  [jvm.dll+0x6ef5e5]  (no source info available)
V  [jvm.dll+0x1c655c]  (no source info available)
V  [jvm.dll+0x1c70db]  (no source info available)
V  [jvm.dll+0x2edc7f]  (no source info available)
V  [jvm.dll+0x6f9c87]  (no source info available)
V  [jvm.dll+0x6f1fdf]  (no source info available)
V  [jvm.dll+0x6f1417]  (no source info available)
V  [jvm.dll+0x6ef5e5]  (no source info available)
V  [jvm.dll+0x1c655c]  (no source info available)
V  [jvm.dll+0x1c70db]  (no source info available)
V  [jvm.dll+0x2edc7f]  (no source info available)
V  [jvm.dll+0x6f9c87]  (no source info available)
V  [jvm.dll+0x6f1fdf]  (no source info available)
V  [jvm.dll+0x6f1417]  (no source info available)
V  [jvm.dll+0x6ef5e5]  (no source info available)
V  [jvm.dll+0x1c655c]  (no source info available)
V  [jvm.dll+0x1c70db]  (no source info available)
V  [jvm.dll+0x2edc7f]  (no source info available)
V  [jvm.dll+0x6f9c87]  (no source info available)
V  [jvm.dll+0x6f1fdf]  (no source info available)
V  [jvm.dll+0x6f1417]  (no source info available)
V  [jvm.dll+0x6ef5e5]  (no source info available)
V  [jvm.dll+0x1c655c]  (no source info available)
V  [jvm.dll+0x243abc]  (no source info available)
V  [jvm.dll+0x1c34b0]  (no source info available)
V  [jvm.dll+0x253df1]  (no source info available)
V  [jvm.dll+0x2520aa]  (no source info available)
V  [jvm.dll+0x3ee226]  (no source info available)
V  [jvm.dll+0x8254cb]  (no source info available)
V  [jvm.dll+0x6df345]  (no source info available)
C  [ucrtbase.dll+0x37b0]  (no source info available)
C  [KERNEL32.DLL+0x2e8d7]  (no source info available)
C  [ntdll.dll+0x3c34c]  (no source info available)

Lock stack of current Java thread (top to bottom):


---------------  P R O C E S S  ---------------

Threads class SMR info:
_java_thread_list=0x000002247da02cc0, length=15, elements={
0x0000022436ecf9b0, 0x0000022436ed1330, 0x0000022436ed6ad0, 0x0000022436ed7530,
0x0000022436ed7f90, 0x0000022436ed89f0, 0x0000022436ed9780, 0x0000022436f0fcf0,
0x000002247c117010, 0x000002247c11c2c0, 0x000002247ecbcc30, 0x000002241ab85560,
0x000002247ec35fc0, 0x000002247e486210, 0x000002247e25b630
}

Java Threads: ( => current thread )
  0x0000022436ecf9b0 JavaThread "Reference Handler"          daemon [_thread_blocked, id=9968, stack(0x000000a283c00000,0x000000a283d00000) (1024K)]
  0x0000022436ed1330 JavaThread "Finalizer"                  daemon [_thread_blocked, id=6244, stack(0x000000a283d00000,0x000000a283e00000) (1024K)]
  0x0000022436ed6ad0 JavaThread "Signal Dispatcher"          daemon [_thread_blocked, id=13352, stack(0x000000a283e00000,0x000000a283f00000) (1024K)]
  0x0000022436ed7530 JavaThread "Attach Listener"            daemon [_thread_blocked, id=2960, stack(0x000000a283f00000,0x000000a284000000) (1024K)]
  0x0000022436ed7f90 JavaThread "Service Thread"             daemon [_thread_blocked, id=11224, stack(0x000000a284000000,0x000000a284100000) (1024K)]
  0x0000022436ed89f0 JavaThread "Monitor Deflation Thread"   daemon [_thread_blocked, id=10680, stack(0x000000a284100000,0x000000a284200000) (1024K)]
=>0x0000022436ed9780 JavaThread "C2 CompilerThread0"         daemon [_thread_in_native, id=12800, stack(0x000000a284200000,0x000000a284300000) (1024K)]
  0x0000022436f0fcf0 JavaThread "C1 CompilerThread0"         daemon [_thread_blocked, id=11528, stack(0x000000a284300000,0x000000a284400000) (1024K)]
  0x000002247c117010 JavaThread "Notification Thread"        daemon [_thread_blocked, id=1376, stack(0x000000a284400000,0x000000a284500000) (1024K)]
  0x000002247c11c2c0 JavaThread "Common-Cleaner"             daemon [_thread_blocked, id=15192, stack(0x000000a284500000,0x000000a284600000) (1024K)]
  0x000002247ecbcc30 JavaThread "client"                            [_thread_in_native, id=3408, stack(0x000000a284900000,0x000000a284a00000) (1024K)]
  0x000002241ab85560 JavaThread "DestroyJavaVM"                     [_thread_blocked, id=14016, stack(0x000000a283400000,0x000000a283500000) (1024K)]
  0x000002247ec35fc0 JavaThread "async0"                            [_thread_blocked, id=14124, stack(0x000000a284a00000,0x000000a284b00000) (1024K)]
  0x000002247e486210 JavaThread "Thread-1"                          [_thread_in_native, id=5368, stack(0x000000a284b00000,0x000000a284c00000) (1024K)]
  0x000002247e25b630 JavaThread "Thread-2"                          [_thread_in_native, id=12448, stack(0x000000a284c00000,0x000000a284d00000) (1024K)]
Total: 15

Other Threads:
  0x0000022436eb4f40 VMThread "VM Thread"                           [id=3800, stack(0x000000a283b00000,0x000000a283c00000) (1024K)]
  0x0000022436ea0970 WatcherThread "VM Periodic Task Thread"        [id=6992, stack(0x000000a283a00000,0x000000a283b00000) (1024K)]
  0x000002241abe0180 WorkerThread "GC Thread#0"                     [id=9768, stack(0x000000a283500000,0x000000a283600000) (1024K)]
  0x000002247c9fa7b0 WorkerThread "GC Thread#1"                     [id=9296, stack(0x000000a284600000,0x000000a284700000) (1024K)]
  0x000002247c9fab60 WorkerThread "GC Thread#2"                     [id=9692, stack(0x000000a284700000,0x000000a284800000) (1024K)]
  0x000002247ca0d160 WorkerThread "GC Thread#3"                     [id=3796, stack(0x000000a284800000,0x000000a284900000) (1024K)]
  0x000002241abf6fb0 ConcurrentGCThread "G1 Main Marker"            [id=5420, stack(0x000000a283600000,0x000000a283700000) (1024K)]
  0x000002241abf7ac0 WorkerThread "G1 Conc#0"                       [id=6848, stack(0x000000a283700000,0x000000a283800000) (1024K)]
  0x000002241ac3e790 ConcurrentGCThread "G1 Refine#0"               [id=14256, stack(0x000000a283800000,0x000000a283900000) (1024K)]
  0x0000022436d6f4a0 ConcurrentGCThread "G1 Service"                [id=3052, stack(0x000000a283900000,0x000000a283a00000) (1024K)]
Total: 10

Threads with active compile tasks:
C2 CompilerThread0  124327 3984   !   4       java.io.BufferedInputStream::read (69 bytes)
Total: 1

VM state: not at safepoint (normal execution)

VM Mutex/Monitor currently owned by a thread: None

Heap address: 0x0000000082800000, size: 2008 MB, Compressed Oops mode: 32-bit

CDS archive(s) mapped at: [0x0000022437000000-0x0000022437d70000-0x0000022437d70000), size 14090240, SharedBaseAddress: 0x0000022437000000, ArchiveRelocationMode: 1.
Compressed class space mapped at: 0x0000022438000000-0x0000022478000000, reserved size: 1073741824
Narrow klass base: 0x0000022437000000, Narrow klass shift: 0, Narrow klass range: 0x41000000

GC Precious Log:
 CardTable entry size: 512
 Card Set container configuration: InlinePtr #cards 5 size 8 Array Of Cards #cards 10 size 36 Howl #buckets 4 coarsen threshold 1843 Howl Bitmap #cards 512 size 80 coarsen threshold 460 Card regions per heap region 1 cards per card region 2048
 CPUs: 4 total, 4 available
 Memory: 8025M
 Large Page Support: Disabled
 NUMA Support: Disabled
 Compressed Oops: Enabled (32-bit)
 Heap Region Size: 1M
 Heap Min Capacity: 8M
 Heap Initial Capacity: 126M
 Heap Max Capacity: 2008M
 Pre-touch: Disabled
 Parallel Workers: 4
 Concurrent Workers: 1
 Concurrent Refinement Workers: 4
 Periodic GC: Disabled

Heap:
 garbage-first heap   total reserved 2056192K, committed 45056K, used 32146K [0x0000000082800000, 0x0000000100000000)
  region size 1024K, 13 young (13312K), 1 survivors (1024K)
 Metaspace       used 33807K, committed 34176K, reserved 1114112K
  class space    used 3862K, committed 4032K, reserved 1048576K

Heap Regions: E=young(eden), S=young(survivor), O=old, HS=humongous(starts), HC=humongous(continues), CS=collection set, F=free, TAMS=top-at-mark-start, PB=parsable bottom
|   0|0x0000000082800000, 0x0000000082900000, 0x0000000082900000|100%|HS|  |TAMS 0x0000000082800000| PB 0x0000000082800000| Complete |  0
|   1|0x0000000082900000, 0x0000000082a00000, 0x0000000082a00000|100%|HC|  |TAMS 0x0000000082900000| PB 0x0000000082900000| Complete |  0
|   2|0x0000000082a00000, 0x0000000082b00000, 0x0000000082b00000|100%|HC|  |TAMS 0x0000000082a00000| PB 0x0000000082a00000| Complete |  0
|   3|0x0000000082b00000, 0x0000000082c00000, 0x0000000082c00000|100%|HC|  |TAMS 0x0000000082b00000| PB 0x0000000082b00000| Complete |  0
|   4|0x0000000082c00000, 0x0000000082d00000, 0x0000000082d00000|100%| O|  |TAMS 0x0000000082c00000| PB 0x0000000082c00000| Untracked |  0
|   5|0x0000000082d00000, 0x0000000082e00000, 0x0000000082e00000|100%| O|  |TAMS 0x0000000082d00000| PB 0x0000000082d00000| Untracked |  0
|   6|0x0000000082e00000, 0x0000000082f00000, 0x0000000082f00000|100%| O|  |TAMS 0x0000000082e00000| PB 0x0000000082e00000| Untracked |  0
|   7|0x0000000082f00000, 0x0000000083000000, 0x0000000083000000|100%| O|  |TAMS 0x0000000082f00000| PB 0x0000000082f00000| Untracked |  0
|   8|0x0000000083000000, 0x0000000083100000, 0x0000000083100000|100%| O|  |TAMS 0x0000000083000000| PB 0x0000000083000000| Untracked |  0
|   9|0x0000000083100000, 0x00000000831917e0, 0x0000000083200000| 56%| O|  |TAMS 0x0000000083100000| PB 0x0000000083100000| Untracked |  0
|  10|0x0000000083200000, 0x0000000083300000, 0x0000000083300000|100%| O|  |TAMS 0x0000000083200000| PB 0x0000000083200000| Untracked |  0
|  11|0x0000000083300000, 0x0000000083400000, 0x0000000083400000|100%| O|  |TAMS 0x0000000083300000| PB 0x0000000083300000| Untracked |  0
|  12|0x0000000083400000, 0x0000000083500000, 0x0000000083500000|100%| O|  |TAMS 0x0000000083400000| PB 0x0000000083400000| Untracked |  0
|  13|0x0000000083500000, 0x0000000083600000, 0x0000000083600000|100%| O|  |TAMS 0x0000000083500000| PB 0x0000000083500000| Untracked |  0
|  14|0x0000000083600000, 0x0000000083700000, 0x0000000083700000|100%| O|  |TAMS 0x0000000083600000| PB 0x0000000083600000| Untracked |  0
|  15|0x0000000083700000, 0x0000000083800000, 0x0000000083800000|100%| O|  |TAMS 0x0000000083700000| PB 0x0000000083700000| Untracked |  0
|  16|0x0000000083800000, 0x0000000083900000, 0x0000000083900000|100%| O|  |TAMS 0x0000000083800000| PB 0x0000000083800000| Untracked |  0
|  17|0x0000000083900000, 0x0000000083a00000, 0x0000000083a00000|100%| O|  |TAMS 0x0000000083900000| PB 0x0000000083900000| Untracked |  0
|  18|0x0000000083a00000, 0x0000000083b00000, 0x0000000083b00000|100%| O|  |TAMS 0x0000000083a00000| PB 0x0000000083a00000| Untracked |  0
|  19|0x0000000083b00000, 0x0000000083c00000, 0x0000000083c00000|100%| O|  |TAMS 0x0000000083b00000| PB 0x0000000083b00000| Untracked |  0
|  20|0x0000000083c00000, 0x0000000083c74730, 0x0000000083d00000| 45%| O|  |TAMS 0x0000000083c00000| PB 0x0000000083c00000| Untracked |  0
|  21|0x0000000083d00000, 0x0000000083d00000, 0x0000000083e00000|  0%| F|  |TAMS 0x0000000083d00000| PB 0x0000000083d00000| Untracked |  0
|  22|0x0000000083e00000, 0x0000000083e00000, 0x0000000083f00000|  0%| F|  |TAMS 0x0000000083e00000| PB 0x0000000083e00000| Untracked |  0
|  23|0x0000000083f00000, 0x0000000083f00000, 0x0000000084000000|  0%| F|  |TAMS 0x0000000083f00000| PB 0x0000000083f00000| Untracked |  0
|  24|0x0000000084000000, 0x0000000084000000, 0x0000000084100000|  0%| F|  |TAMS 0x0000000084000000| PB 0x0000000084000000| Untracked |  0
|  25|0x0000000084100000, 0x000000008415ead8, 0x0000000084200000| 36%| S|CS|TAMS 0x0000000084100000| PB 0x0000000084100000| Complete |  0
|  26|0x0000000084200000, 0x0000000084200000, 0x0000000084300000|  0%| F|  |TAMS 0x0000000084200000| PB 0x0000000084200000| Untracked |  0
|  27|0x0000000084300000, 0x0000000084300000, 0x0000000084400000|  0%| F|  |TAMS 0x0000000084300000| PB 0x0000000084300000| Untracked |  0
|  28|0x0000000084400000, 0x0000000084400000, 0x0000000084500000|  0%| F|  |TAMS 0x0000000084400000| PB 0x0000000084400000| Untracked |  0
|  29|0x0000000084500000, 0x0000000084500000, 0x0000000084600000|  0%| F|  |TAMS 0x0000000084500000| PB 0x0000000084500000| Untracked |  0
|  30|0x0000000084600000, 0x0000000084600000, 0x0000000084700000|  0%| F|  |TAMS 0x0000000084600000| PB 0x0000000084600000| Untracked |  0
|  31|0x0000000084700000, 0x0000000084700000, 0x0000000084800000|  0%| F|  |TAMS 0x0000000084700000| PB 0x0000000084700000| Untracked |  0
|  32|0x0000000084800000, 0x00000000848bbac0, 0x0000000084900000| 73%| E|  |TAMS 0x0000000084800000| PB 0x0000000084800000| Complete |  0
|  33|0x0000000084900000, 0x0000000084a00000, 0x0000000084a00000|100%| E|CS|TAMS 0x0000000084900000| PB 0x0000000084900000| Complete |  0
|  34|0x0000000084a00000, 0x0000000084b00000, 0x0000000084b00000|100%| E|CS|TAMS 0x0000000084a00000| PB 0x0000000084a00000| Complete |  0
|  35|0x0000000084b00000, 0x0000000084c00000, 0x0000000084c00000|100%| E|CS|TAMS 0x0000000084b00000| PB 0x0000000084b00000| Complete |  0
|  36|0x0000000084c00000, 0x0000000084d00000, 0x0000000084d00000|100%| E|CS|TAMS 0x0000000084c00000| PB 0x0000000084c00000| Complete |  0
|  37|0x0000000084d00000, 0x0000000084e00000, 0x0000000084e00000|100%| E|CS|TAMS 0x0000000084d00000| PB 0x0000000084d00000| Complete |  0
|  38|0x0000000084e00000, 0x0000000084f00000, 0x0000000084f00000|100%| E|CS|TAMS 0x0000000084e00000| PB 0x0000000084e00000| Complete |  0
| 113|0x0000000089900000, 0x0000000089a00000, 0x0000000089a00000|100%| E|CS|TAMS 0x0000000089900000| PB 0x0000000089900000| Complete |  0
| 114|0x0000000089a00000, 0x0000000089b00000, 0x0000000089b00000|100%| E|CS|TAMS 0x0000000089a00000| PB 0x0000000089a00000| Complete |  0
| 115|0x0000000089b00000, 0x0000000089c00000, 0x0000000089c00000|100%| E|CS|TAMS 0x0000000089b00000| PB 0x0000000089b00000| Complete |  0
| 116|0x0000000089c00000, 0x0000000089d00000, 0x0000000089d00000|100%| E|CS|TAMS 0x0000000089c00000| PB 0x0000000089c00000| Complete |  0
| 125|0x000000008a500000, 0x000000008a600000, 0x000000008a600000|100%| E|CS|TAMS 0x000000008a500000| PB 0x000000008a500000| Complete |  0

Card table byte_map: [0x00000224326b0000,0x0000022432aa0000] _byte_map_base: 0x000002243229c000

Marking Bits: (CMBitMap*) 0x000002241abe1ca0
 Bits: [0x0000022432aa0000, 0x0000022434a00000)

Polling page: 0x0000022418970000

Metaspace:

Usage:
  Non-class:     29.24 MB used.
      Class:      3.77 MB used.
       Both:     33.02 MB used.

Virtual space:
  Non-class space:       64.00 MB reserved,      29.44 MB ( 46%) committed,  1 nodes.
      Class space:        1.00 GB reserved,       3.94 MB ( <1%) committed,  1 nodes.
             Both:        1.06 GB reserved,      33.38 MB (  3%) committed. 

Chunk freelists:
   Non-Class:  2.44 MB
       Class:  12.09 MB
        Both:  14.53 MB

MaxMetaspaceSize: unlimited
CompressedClassSpaceSize: 1.00 GB
Initial GC threshold: 21.00 MB
Current GC threshold: 35.12 MB
CDS: on
 - commit_granule_bytes: 65536.
 - commit_granule_words: 8192.
 - virtual_space_node_default_size: 8388608.
 - enlarge_chunks_in_place: 1.
 - use_allocation_guard: 0.


Internal statistics:

num_allocs_failed_limit: 3.
num_arena_births: 394.
num_arena_deaths: 0.
num_vsnodes_births: 2.
num_vsnodes_deaths: 0.
num_space_committed: 533.
num_space_uncommitted: 0.
num_chunks_returned_to_freelist: 3.
num_chunks_taken_from_freelist: 1434.
num_chunk_merges: 3.
num_chunk_splits: 1108.
num_chunks_enlarged: 932.
num_inconsistent_stats: 0.

CodeHeap 'non-profiled nmethods': size=120064Kb used=1538Kb max_used=1538Kb free=118525Kb
 bounds [0x000002242ad80000, 0x000002242aff0000, 0x00000224322c0000]
CodeHeap 'profiled nmethods': size=120000Kb used=6120Kb max_used=6120Kb free=113879Kb
 bounds [0x00000224232c0000, 0x00000224238c0000, 0x000002242a7f0000]
CodeHeap 'non-nmethods': size=5696Kb used=1606Kb max_used=1671Kb free=4090Kb
 bounds [0x000002242a7f0000, 0x000002242aa60000, 0x000002242ad80000]
CodeCache: size=245760Kb, used=9264Kb, max_used=9329Kb, free=236494Kb
 total_blobs=4655, nmethods=3981, adapters=579, full_count=0
Compilation: enabled, stopped_count=0, restarted_count=0

Compilation events (20 events):
Event: 18.393 Thread 0x0000022436f0fcf0 nmethod 3971 0x000002242aeff788 code [0x000002242aeff8a0, 0x000002242aeff968]
Event: 18.397 Thread 0x0000022436f0fcf0 3973       3       sun.reflect.generics.repository.AbstractRepository::getReifier (8 bytes)
Event: 18.397 Thread 0x0000022436f0fcf0 nmethod 3973 0x00000224238b7408 code [0x00000224238b7540, 0x00000224238b7830]
Event: 18.397 Thread 0x0000022436f0fcf0 3972       1       sun.reflect.generics.tree.MethodTypeSignature::getParameterTypes (5 bytes)
Event: 18.397 Thread 0x0000022436f0fcf0 nmethod 3972 0x000002242aeffa88 code [0x000002242aeffba0, 0x000002242aeffc68]
Event: 18.401 Thread 0x0000022436f0fcf0 3974       3       java.lang.invoke.ClassSpecializer$SpeciesData::fieldCount (10 bytes)
Event: 18.401 Thread 0x0000022436f0fcf0 nmethod 3974 0x00000224238b7888 code [0x00000224238b79a0, 0x00000224238b7b78]
Event: 18.415 Thread 0x0000022436ed9780 3975       4       java.util.ArrayDeque::addLast (51 bytes)
Event: 18.417 Thread 0x0000022436ed9780 nmethod 3975 0x000002242aeffd88 code [0x000002242aeffea0, 0x000002242af000e8]
Event: 18.428 Thread 0x0000022436f0fcf0 3976       3       java.lang.Character::isLetterOrDigit (5 bytes)
Event: 18.428 Thread 0x0000022436f0fcf0 nmethod 3976 0x00000224238b7b88 code [0x00000224238b7ce0, 0x00000224238b7fe8]
Event: 18.428 Thread 0x0000022436f0fcf0 3977       3       java.lang.Character::isLetterOrDigit (19 bytes)
Event: 18.429 Thread 0x0000022436f0fcf0 nmethod 3977 0x00000224238b8008 code [0x00000224238b8140, 0x00000224238b83e8]
Event: 18.455 Thread 0x0000022436f0fcf0 3981       3       java.lang.invoke.LambdaForm::methodType (48 bytes)
Event: 18.456 Thread 0x0000022436f0fcf0 nmethod 3981 0x00000224238b8408 code [0x00000224238b8580, 0x00000224238b8b38]
Event: 18.457 Thread 0x0000022436f0fcf0 3982       3       jdk.internal.org.objectweb.asm.Type::getArgumentCount (67 bytes)
Event: 18.458 Thread 0x0000022436f0fcf0 nmethod 3982 0x00000224238b8b88 code [0x00000224238b8de0, 0x00000224238b9ee8]
Event: 18.467 Thread 0x0000022436f0fcf0 3983       3       java.lang.Thread::isVirtual (5 bytes)
Event: 18.467 Thread 0x0000022436f0fcf0 nmethod 3983 0x00000224238b9f88 code [0x00000224238ba0a0, 0x00000224238ba288]
Event: 124.255 Thread 0x0000022436ed9780 3984   !   4       java.io.BufferedInputStream::read (69 bytes)

GC Heap History (20 events):
Event: 5.819 GC heap before
{Heap before GC invocations=2 (full 0):
 garbage-first heap   total reserved 2056192K, committed 129024K, used 43143K [0x0000000082800000, 0x0000000100000000)
  region size 1024K, 35 young (35840K), 1 survivors (1024K)
 Metaspace       used 19407K, committed 19648K, reserved 1114112K
  class space    used 2188K, committed 2304K, reserved 1048576K
}
Event: 5.825 GC heap after
{Heap after GC invocations=3 (full 0):
 garbage-first heap   total reserved 2056192K, committed 129024K, used 11295K [0x0000000082800000, 0x0000000100000000)
  region size 1024K, 3 young (3072K), 3 survivors (3072K)
 Metaspace       used 19407K, committed 19648K, reserved 1114112K
  class space    used 2188K, committed 2304K, reserved 1048576K
}
Event: 6.851 GC heap before
{Heap before GC invocations=3 (full 0):
 garbage-first heap   total reserved 2056192K, committed 129024K, used 19487K [0x0000000082800000, 0x0000000100000000)
  region size 1024K, 12 young (12288K), 3 survivors (3072K)
 Metaspace       used 21231K, committed 21504K, reserved 1114112K
  class space    used 2420K, committed 2560K, reserved 1048576K
}
Event: 6.858 GC heap after
{Heap after GC invocations=4 (full 0):
 garbage-first heap   total reserved 2056192K, committed 129024K, used 12225K [0x0000000082800000, 0x0000000100000000)
  region size 1024K, 4 young (4096K), 4 survivors (4096K)
 Metaspace       used 21231K, committed 21504K, reserved 1114112K
  class space    used 2420K, committed 2560K, reserved 1048576K
}
Event: 8.286 GC heap before
{Heap before GC invocations=5 (full 0):
 garbage-first heap   total reserved 2056192K, committed 45056K, used 33729K [0x0000000082800000, 0x0000000100000000)
  region size 1024K, 26 young (26624K), 4 survivors (4096K)
 Metaspace       used 27059K, committed 27392K, reserved 1114112K
  class space    used 3135K, committed 3264K, reserved 1048576K
}
Event: 8.301 GC heap after
{Heap after GC invocations=6 (full 0):
 garbage-first heap   total reserved 2056192K, committed 45056K, used 15460K [0x0000000082800000, 0x0000000100000000)
  region size 1024K, 4 young (4096K), 4 survivors (4096K)
 Metaspace       used 27059K, committed 27392K, reserved 1114112K
  class space    used 3135K, committed 3264K, reserved 1048576K
}
Event: 10.629 GC heap before
{Heap before GC invocations=6 (full 0):
 garbage-first heap   total reserved 2056192K, committed 45056K, used 33892K [0x0000000082800000, 0x0000000100000000)
  region size 1024K, 22 young (22528K), 4 survivors (4096K)
 Metaspace       used 31825K, committed 32128K, reserved 1114112K
  class space    used 3659K, committed 3776K, reserved 1048576K
}
Event: 10.641 GC heap after
{Heap after GC invocations=7 (full 0):
 garbage-first heap   total reserved 2056192K, committed 45056K, used 17124K [0x0000000082800000, 0x0000000100000000)
  region size 1024K, 3 young (3072K), 3 survivors (3072K)
 Metaspace       used 31825K, committed 32128K, reserved 1114112K
  class space    used 3659K, committed 3776K, reserved 1048576K
}
Event: 13.155 GC heap before
{Heap before GC invocations=7 (full 0):
 garbage-first heap   total reserved 2056192K, committed 45056K, used 33508K [0x0000000082800000, 0x0000000100000000)
  region size 1024K, 20 young (20480K), 3 survivors (3072K)
 Metaspace       used 33051K, committed 33472K, reserved 1114112K
  class space    used 3804K, committed 3968K, reserved 1048576K
}
Event: 13.160 GC heap after
{Heap after GC invocations=8 (full 0):
 garbage-first heap   total reserved 2056192K, committed 45056K, used 18380K [0x0000000082800000, 0x0000000100000000)
  region size 1024K, 2 young (2048K), 2 survivors (2048K)
 Metaspace       used 33051K, committed 33472K, reserved 1114112K
  class space    used 3804K, committed 3968K, reserved 1048576K
}
Event: 13.594 GC heap before
{Heap before GC invocations=8 (full 0):
 garbage-first heap   total reserved 2056192K, committed 45056K, used 34764K [0x0000000082800000, 0x0000000100000000)
  region size 1024K, 19 young (19456K), 2 survivors (2048K)
 Metaspace       used 33152K, committed 33472K, reserved 1114112K
  class space    used 3808K, committed 3968K, reserved 1048576K
}
Event: 13.596 GC heap after
{Heap after GC invocations=9 (full 0):
 garbage-first heap   total reserved 2056192K, committed 45056K, used 19044K [0x0000000082800000, 0x0000000100000000)
  region size 1024K, 2 young (2048K), 2 survivors (2048K)
 Metaspace       used 33152K, committed 33472K, reserved 1114112K
  class space    used 3808K, committed 3968K, reserved 1048576K
}
Event: 14.355 GC heap before
{Heap before GC invocations=9 (full 0):
 garbage-first heap   total reserved 2056192K, committed 45056K, used 36452K [0x0000000082800000, 0x0000000100000000)
  region size 1024K, 19 young (19456K), 2 survivors (2048K)
 Metaspace       used 33295K, committed 33728K, reserved 1114112K
  class space    used 3808K, committed 3968K, reserved 1048576K
}
Event: 14.358 GC heap after
{Heap after GC invocations=10 (full 0):
 garbage-first heap   total reserved 2056192K, committed 45056K, used 20827K [0x0000000082800000, 0x0000000100000000)
  region size 1024K, 3 young (3072K), 3 survivors (3072K)
 Metaspace       used 33295K, committed 33728K, reserved 1114112K
  class space    used 3808K, committed 3968K, reserved 1048576K
}
Event: 14.579 GC heap before
{Heap before GC invocations=10 (full 0):
 garbage-first heap   total reserved 2056192K, committed 45056K, used 37211K [0x0000000082800000, 0x0000000100000000)
  region size 1024K, 19 young (19456K), 3 survivors (3072K)
 Metaspace       used 33427K, committed 33856K, reserved 1114112K
  class space    used 3824K, committed 4032K, reserved 1048576K
}
Event: 14.581 GC heap after
{Heap after GC invocations=11 (full 0):
 garbage-first heap   total reserved 2056192K, committed 45056K, used 20713K [0x0000000082800000, 0x0000000100000000)
  region size 1024K, 2 young (2048K), 2 survivors (2048K)
 Metaspace       used 33427K, committed 33856K, reserved 1114112K
  class space    used 3824K, committed 4032K, reserved 1048576K
}
Event: 16.181 GC heap before
{Heap before GC invocations=11 (full 0):
 garbage-first heap   total reserved 2056192K, committed 45056K, used 39145K [0x0000000082800000, 0x0000000100000000)
  region size 1024K, 20 young (20480K), 2 survivors (2048K)
 Metaspace       used 33439K, committed 33856K, reserved 1114112K
  class space    used 3824K, committed 4032K, reserved 1048576K
}
Event: 16.183 GC heap after
{Heap after GC invocations=12 (full 0):
 garbage-first heap   total reserved 2056192K, committed 45056K, used 20798K [0x0000000082800000, 0x0000000100000000)
  region size 1024K, 2 young (2048K), 2 survivors (2048K)
 Metaspace       used 33439K, committed 33856K, reserved 1114112K
  class space    used 3824K, committed 4032K, reserved 1048576K
}
Event: 17.601 GC heap before
{Heap before GC invocations=12 (full 0):
 garbage-first heap   total reserved 2056192K, committed 45056K, used 39230K [0x0000000082800000, 0x0000000100000000)
  region size 1024K, 20 young (20480K), 2 survivors (2048K)
 Metaspace       used 33439K, committed 33856K, reserved 1114112K
  class space    used 3824K, committed 4032K, reserved 1048576K
}
Event: 17.602 GC heap after
{Heap after GC invocations=13 (full 0):
 garbage-first heap   total reserved 2056192K, committed 45056K, used 20882K [0x0000000082800000, 0x0000000100000000)
  region size 1024K, 1 young (1024K), 1 survivors (1024K)
 Metaspace       used 33439K, committed 33856K, reserved 1114112K
  class space    used 3824K, committed 4032K, reserved 1048576K
}

Dll operation events (8 events):
Event: 0.055 Loaded shared library C:\Program Files\Java\jdk-23\bin\java.dll
Event: 0.149 Loaded shared library C:\Program Files\Java\jdk-23\bin\jsvml.dll
Event: 0.255 Loaded shared library C:\Program Files\Java\jdk-23\bin\net.dll
Event: 0.259 Loaded shared library C:\Program Files\Java\jdk-23\bin\nio.dll
Event: 0.286 Loaded shared library C:\Program Files\Java\jdk-23\bin\zip.dll
Event: 0.588 Loaded shared library C:\Program Files\Java\jdk-23\bin\jimage.dll
Event: 4.150 Loaded shared library C:\Program Files\Java\jdk-23\bin\verify.dll
Event: 11.654 Loaded shared library C:\Users\Mbongeni\AppData\Local\Temp\sqlite-3.41.2.1-dbde0f2b-f0b6-488a-88e6-e4cc3a74b569-sqlitejdbc.dll

Deoptimization events (20 events):
Event: 18.369 Thread 0x000002247ec35fc0 Uncommon trap: trap_request=0xffffffdc fr.pc=0x000002242aedf460 relative=0x00000000000002c0
Event: 18.369 Thread 0x000002247ec35fc0 Uncommon trap: reason=class_check action=make_not_entrant pc=0x000002242aedf460 method=java.util.ArrayList.toArray([Ljava/lang/Object;)[Ljava/lang/Object; @ 21 c2
Event: 18.369 Thread 0x000002247ec35fc0 DEOPT PACKING pc=0x000002242aedf460 sp=0x000000a284afc700
Event: 18.369 Thread 0x000002247ec35fc0 DEOPT UNPACKING pc=0x000002242a844402 sp=0x000000a284afc6d0 mode 2
Event: 18.378 Thread 0x000002247ec35fc0 Uncommon trap: trap_request=0xffffffde fr.pc=0x000002242adb70a4 relative=0x00000000000001a4
Event: 18.378 Thread 0x000002247ec35fc0 Uncommon trap: reason=class_check action=maybe_recompile pc=0x000002242adb70a4 method=java.lang.String.equals(Ljava/lang/Object;)Z @ 8 c2
Event: 18.378 Thread 0x000002247ec35fc0 DEOPT PACKING pc=0x000002242adb70a4 sp=0x000000a284afe320
Event: 18.378 Thread 0x000002247ec35fc0 DEOPT UNPACKING pc=0x000002242a844402 sp=0x000000a284afe2a8 mode 2
Event: 18.379 Thread 0x000002247ec35fc0 Uncommon trap: trap_request=0xffffffde fr.pc=0x000002242adb70a4 relative=0x00000000000001a4
Event: 18.379 Thread 0x000002247ec35fc0 Uncommon trap: reason=class_check action=maybe_recompile pc=0x000002242adb70a4 method=java.lang.String.equals(Ljava/lang/Object;)Z @ 8 c2
Event: 18.379 Thread 0x000002247ec35fc0 DEOPT PACKING pc=0x000002242adb70a4 sp=0x000000a284afe320
Event: 18.379 Thread 0x000002247ec35fc0 DEOPT UNPACKING pc=0x000002242a844402 sp=0x000000a284afe2a8 mode 2
Event: 18.379 Thread 0x000002247ec35fc0 Uncommon trap: trap_request=0xffffffde fr.pc=0x000002242adb70a4 relative=0x00000000000001a4
Event: 18.379 Thread 0x000002247ec35fc0 Uncommon trap: reason=class_check action=maybe_recompile pc=0x000002242adb70a4 method=java.lang.String.equals(Ljava/lang/Object;)Z @ 8 c2
Event: 18.379 Thread 0x000002247ec35fc0 DEOPT PACKING pc=0x000002242adb70a4 sp=0x000000a284afe320
Event: 18.379 Thread 0x000002247ec35fc0 DEOPT UNPACKING pc=0x000002242a844402 sp=0x000000a284afe2a8 mode 2
Event: 18.379 Thread 0x000002247ec35fc0 Uncommon trap: trap_request=0xffffffde fr.pc=0x000002242adb70a4 relative=0x00000000000001a4
Event: 18.379 Thread 0x000002247ec35fc0 Uncommon trap: reason=class_check action=maybe_recompile pc=0x000002242adb70a4 method=java.lang.String.equals(Ljava/lang/Object;)Z @ 8 c2
Event: 18.379 Thread 0x000002247ec35fc0 DEOPT PACKING pc=0x000002242adb70a4 sp=0x000000a284afe320
Event: 18.379 Thread 0x000002247ec35fc0 DEOPT UNPACKING pc=0x000002242a844402 sp=0x000000a284afe2a8 mode 2

Classes loaded (20 events):
Event: 18.461 Loading class java/lang/ProcessImpl$2
Event: 18.462 Loading class java/lang/ProcessImpl$2 done
Event: 18.462 Loading class java/lang/Process$PipeOutputStream
Event: 18.462 Loading class java/lang/Process$PipeOutputStream done
Event: 18.462 Loading class java/lang/Process$PipeInputStream
Event: 18.462 Loading class java/lang/Process$PipeInputStream done
Event: 18.462 Loading class jdk/internal/event/ProcessStartEvent
Event: 18.462 Loading class jdk/internal/event/ProcessStartEvent done
Event: 18.462 Loading class jdk/internal/logger/LazyLoggers
Event: 18.462 Loading class jdk/internal/logger/LazyLoggers done
Event: 18.462 Loading class jdk/internal/logger/LazyLoggers$1
Event: 18.463 Loading class jdk/internal/logger/LazyLoggers$1 done
Event: 18.463 Loading class jdk/internal/logger/LazyLoggers$LazyLoggerFactories
Event: 18.463 Loading class jdk/internal/logger/LazyLoggers$LazyLoggerFactories done
Event: 18.464 Loading class jdk/internal/logger/LoggerFinderLoader
Event: 18.465 Loading class jdk/internal/logger/LoggerFinderLoader done
Event: 18.465 Loading class jdk/internal/logger/LoggerFinderLoader$TemporaryLoggerFinder
Event: 18.465 Loading class jdk/internal/logger/LoggerFinderLoader$TemporaryLoggerFinder done
Event: 18.466 Loading class sun/util/logging/internal/LoggingProviderImpl$JULWrapper
Event: 18.466 Loading class sun/util/logging/internal/LoggingProviderImpl$JULWrapper done

Classes unloaded (0 events):
No events

Classes redefined (0 events):
No events

Internal exceptions (20 events):
Event: 10.007 Thread 0x000002247ecbcc30 Exception <a 'java/lang/NoSuchMethodError'{0x00000000845e0270}: 'void java.lang.invoke.Invokers$Holder.invokeExact_MT(java.lang.Object, java.lang.Object, java.lang.Object, java.lang.Object)'> (0x00000000845e0270) 
thrown [s\open\src\hotspot\share\interpreter\linkResolver.cpp, line 796]
Event: 10.522 Thread 0x000002247ecbcc30 Exception <a 'java/lang/NoSuchMethodError'{0x00000000843901a0}: 'void java.lang.invoke.Invokers$Holder.invokeExact_MT(java.lang.Object, java.lang.Object, int, java.lang.Object)'> (0x00000000843901a0) 
thrown [s\open\src\hotspot\share\interpreter\linkResolver.cpp, line 796]
Event: 10.531 Thread 0x000002247ecbcc30 Exception <a 'java/lang/NoSuchMethodError'{0x00000000843b1b00}: 'java.lang.Object java.lang.invoke.DirectMethodHandle$Holder.invokeInterface(java.lang.Object, java.lang.Object, java.lang.Object)'> (0x00000000843b1b00) 
thrown [s\open\src\hotspot\share\interpreter\linkResolver.cpp, line 796]
Event: 10.866 Thread 0x000002247ec35fc0 Exception <a 'sun/nio/fs/WindowsException'{0x0000000089a70858}> (0x0000000089a70858) 
thrown [s\open\src\hotspot\share\prims\jni.cpp, line 520]
Event: 10.868 Thread 0x000002247ec35fc0 Exception <a 'sun/nio/fs/WindowsException'{0x0000000089a75670}> (0x0000000089a75670) 
thrown [s\open\src\hotspot\share\prims\jni.cpp, line 520]
Event: 11.688 Thread 0x000002247ec35fc0 Exception <a 'java/lang/NoSuchMethodError'{0x00000000899011d8}: 'java.lang.Object java.lang.invoke.DirectMethodHandle$Holder.invokeSpecial(java.lang.Object, java.lang.Object, int, java.lang.Object, long)'> (0x00000000899011d8) 
thrown [s\open\src\hotspot\share\interpreter\linkResolver.cpp, line 796]
Event: 11.808 Thread 0x000002247ec35fc0 Exception <a 'java/lang/NoSuchMethodError'{0x0000000084e7f0a8}: 'int java.lang.invoke.DirectMethodHandle$Holder.invokeSpecialIFC(java.lang.Object, java.lang.Object, java.lang.Object, java.lang.Object)'> (0x0000000084e7f0a8) 
thrown [s\open\src\hotspot\share\interpreter\linkResolver.cpp, line 796]
Event: 11.840 Thread 0x000002247ec35fc0 Exception <a 'java/lang/NoSuchMethodError'{0x0000000084ecae98}: 'java.lang.Object java.lang.invoke.DirectMethodHandle$Holder.invokeSpecial(java.lang.Object, java.lang.Object, int, int, java.lang.Object)'> (0x0000000084ecae98) 
thrown [s\open\src\hotspot\share\interpreter\linkResolver.cpp, line 796]
Event: 11.841 Thread 0x000002247ec35fc0 Exception <a 'java/lang/NoSuchMethodError'{0x0000000084ece2b0}: 'java.lang.Object java.lang.invoke.Invokers$Holder.linkToTargetMethod(int, int, java.lang.Object, java.lang.Object)'> (0x0000000084ece2b0) 
thrown [s\open\src\hotspot\share\interpreter\linkResolver.cpp, line 796]
Event: 14.551 Thread 0x000002247ec35fc0 Exception <a 'sun/nio/fs/WindowsException'{0x000000008449faf8}> (0x000000008449faf8) 
thrown [s\open\src\hotspot\share\prims\jni.cpp, line 520]
Event: 14.551 Thread 0x000002247ec35fc0 Exception <a 'sun/nio/fs/WindowsException'{0x000000008449feb8}> (0x000000008449feb8) 
thrown [s\open\src\hotspot\share\prims\jni.cpp, line 520]
Event: 14.552 Thread 0x000002247ec35fc0 Exception <a 'sun/nio/fs/WindowsException'{0x00000000844a0278}> (0x00000000844a0278) 
thrown [s\open\src\hotspot\share\prims\jni.cpp, line 520]
Event: 14.552 Thread 0x000002247ec35fc0 Exception <a 'sun/nio/fs/WindowsException'{0x00000000844a0630}> (0x00000000844a0630) 
thrown [s\open\src\hotspot\share\prims\jni.cpp, line 520]
Event: 14.552 Thread 0x000002247ec35fc0 Exception <a 'sun/nio/fs/WindowsException'{0x00000000844a09e8}> (0x00000000844a09e8) 
thrown [s\open\src\hotspot\share\prims\jni.cpp, line 520]
Event: 14.552 Thread 0x000002247ec35fc0 Exception <a 'sun/nio/fs/WindowsException'{0x00000000844a0da0}> (0x00000000844a0da0) 
thrown [s\open\src\hotspot\share\prims\jni.cpp, line 520]
Event: 18.421 Thread 0x000002247ec35fc0 Exception <a 'sun/nio/fs/WindowsException'{0x0000000084823ca0}> (0x0000000084823ca0) 
thrown [s\open\src\hotspot\share\prims\jni.cpp, line 520]
Event: 18.452 Thread 0x000002247ec35fc0 Exception <a 'java/lang/NoSuchMethodError'{0x0000000084830108}: 'void java.lang.invoke.DirectMethodHandle$Holder.invokeStatic(java.lang.Object, long)'> (0x0000000084830108) 
thrown [s\open\src\hotspot\share\interpreter\linkResolver.cpp, line 796]
Event: 18.453 Thread 0x000002247ec35fc0 Exception <a 'java/lang/NoSuchMethodError'{0x0000000084834ee0}: 'java.lang.Object java.lang.invoke.DirectMethodHandle$Holder.newInvokeSpecial(java.lang.Object, long)'> (0x0000000084834ee0) 
thrown [s\open\src\hotspot\share\interpreter\linkResolver.cpp, line 796]
Event: 18.455 Thread 0x000002247ec35fc0 Exception <a 'java/lang/NoSuchMethodError'{0x000000008483ba90}: 'java.lang.Object java.lang.invoke.DirectMethodHandle$Holder.invokeStatic(java.lang.Object, long, java.lang.Object)'> (0x000000008483ba90) 
thrown [s\open\src\hotspot\share\interpreter\linkResolver.cpp, line 796]
Event: 18.457 Thread 0x000002247ec35fc0 Exception <a 'java/lang/NoSuchMethodError'{0x000000008483f100}: 'java.lang.Object java.lang.invoke.DirectMethodHandle$Holder.invokeStaticInit(java.lang.Object, long, java.lang.Object)'> (0x000000008483f100) 
thrown [s\open\src\hotspot\share\interpreter\linkResolver.cpp, line 796]

VM Operations (20 events):
Event: 10.629 Executing VM operation: G1CollectForAllocation (G1 Evacuation Pause)
Event: 10.641 Executing VM operation: G1CollectForAllocation (G1 Evacuation Pause) done
Event: 10.689 Executing VM operation: HandshakeAllThreads (Deoptimize)
Event: 10.690 Executing VM operation: HandshakeAllThreads (Deoptimize) done
Event: 13.155 Executing VM operation: G1CollectForAllocation (G1 Evacuation Pause)
Event: 13.160 Executing VM operation: G1CollectForAllocation (G1 Evacuation Pause) done
Event: 13.594 Executing VM operation: G1CollectForAllocation (G1 Evacuation Pause)
Event: 13.596 Executing VM operation: G1CollectForAllocation (G1 Evacuation Pause) done
Event: 14.355 Executing VM operation: G1CollectForAllocation (G1 Evacuation Pause)
Event: 14.358 Executing VM operation: G1CollectForAllocation (G1 Evacuation Pause) done
Event: 14.579 Executing VM operation: G1CollectForAllocation (G1 Evacuation Pause)
Event: 14.581 Executing VM operation: G1CollectForAllocation (G1 Evacuation Pause) done
Event: 16.181 Executing VM operation: G1CollectForAllocation (G1 Evacuation Pause)
Event: 16.183 Executing VM operation: G1CollectForAllocation (G1 Evacuation Pause) done
Event: 17.601 Executing VM operation: G1CollectForAllocation (G1 Evacuation Pause)
Event: 17.602 Executing VM operation: G1CollectForAllocation (G1 Evacuation Pause) done
Event: 60.170 Executing VM operation: HandshakeAllThreads (HandshakeForDeflation)
Event: 60.170 Executing VM operation: HandshakeAllThreads (HandshakeForDeflation) done
Event: 60.170 Executing VM operation: RendezvousGCThreads
Event: 60.170 Executing VM operation: RendezvousGCThreads done

Memory protections (0 events):
No events

Nmethod flushes (0 events):
No events

Events (20 events):
Event: 6.230 Thread 0x0000022436f0fcf0 Thread added: 0x000002247d6384a0
Event: 6.401 Thread 0x000002247d6384a0 Thread exited: 0x000002247d6384a0
Event: 7.385 Thread 0x0000022436ed9780 Thread added: 0x000002247dc95de0
Event: 7.697 Thread 0x000002247dc95de0 Thread exited: 0x000002247dc95de0
Event: 8.860 Thread 0x000002241ab85560 Thread added: 0x000002247dd1c5f0
Event: 8.867 Thread 0x000002247dd1c5f0 Thread exited: 0x000002247dd1c5f0
Event: 8.968 Thread 0x0000022436f0fcf0 Thread added: 0x000002247e0f0090
Event: 9.173 Thread 0x000002247e0f0090 Thread exited: 0x000002247e0f0090
Event: 9.949 Thread 0x000002241ab85560 Thread added: 0x000002247ecbcc30
Event: 9.950 Thread 0x000002241ab85560 Thread exited: 0x000002241ab85560
Event: 9.950 Thread 0x000002241ab85560 Thread added: 0x000002241ab85560
Event: 10.540 Thread 0x000002247ecbcc30 Thread added: 0x000002247ec35fc0
Event: 10.694 Thread 0x0000022436f0fcf0 Thread added: 0x000002247e385b40
Event: 11.316 Thread 0x000002247e385b40 Thread exited: 0x000002247e385b40
Event: 13.524 Thread 0x0000022436ed9780 Thread added: 0x000002247c7d4f40
Event: 13.823 Thread 0x000002247c7d4f40 Thread exited: 0x000002247c7d4f40
Event: 14.571 Thread 0x0000022436ed9780 Thread added: 0x000002247e486210
Event: 14.923 Thread 0x000002247e486210 Thread exited: 0x000002247e486210
Event: 18.467 Thread 0x000002247ec35fc0 Thread added: 0x000002247e486210
Event: 18.467 Thread 0x000002247ec35fc0 Thread added: 0x000002247e25b630


Dynamic libraries:
0x00007ff7730d0000 - 0x00007ff7730e0000 	C:\Program Files\Java\jdk-23\bin\java.exe
0x00007ffbf8a40000 - 0x00007ffbf8ca7000 	C:\WINDOWS\SYSTEM32\ntdll.dll
0x00007ffbf8920000 - 0x00007ffbf89e9000 	C:\WINDOWS\System32\KERNEL32.DLL
0x00007ffbf63d0000 - 0x00007ffbf67c0000 	C:\WINDOWS\System32\KERNELBASE.dll
0x00007ffbf5e90000 - 0x00007ffbf5fdb000 	C:\WINDOWS\System32\ucrtbase.dll
0x00007ffb73780000 - 0x00007ffb73797000 	C:\Program Files\Java\jdk-23\bin\jli.dll
0x00007ffbf7590000 - 0x00007ffbf7755000 	C:\WINDOWS\System32\USER32.dll
0x00007ffbf5b70000 - 0x00007ffbf5b97000 	C:\WINDOWS\System32\win32u.dll
0x00007ffbf6a90000 - 0x00007ffbf6abb000 	C:\WINDOWS\System32\GDI32.dll
0x00007ffbf6200000 - 0x00007ffbf6338000 	C:\WINDOWS\System32\gdi32full.dll
0x00007ffbf5ba0000 - 0x00007ffbf5c43000 	C:\WINDOWS\System32\msvcp_win.dll
0x00007ffbdcb90000 - 0x00007ffbdcbab000 	C:\Program Files\Java\jdk-23\bin\VCRUNTIME140.dll
0x00007ffbd9680000 - 0x00007ffbd991a000 	C:\WINDOWS\WinSxS\amd64_microsoft.windows.common-controls_6595b64144ccf1df_6.0.26100.4768_none_3e0c112ce331287c\COMCTL32.dll
0x00007ffbf8870000 - 0x00007ffbf8919000 	C:\WINDOWS\System32\msvcrt.dll
0x00007ffbf6c60000 - 0x00007ffbf6c8f000 	C:\WINDOWS\System32\IMM32.DLL
0x00007ffbd9f60000 - 0x00007ffbd9f6c000 	C:\Program Files\Java\jdk-23\bin\vcruntime140_1.dll
0x00007ffb587a0000 - 0x00007ffb5882e000 	C:\Program Files\Java\jdk-23\bin\msvcp140.dll
0x00007ffb48d50000 - 0x00007ffb49aa0000 	C:\Program Files\Java\jdk-23\bin\server\jvm.dll
0x00007ffbf6900000 - 0x00007ffbf69b4000 	C:\WINDOWS\System32\ADVAPI32.dll
0x00007ffbf67d0000 - 0x00007ffbf6876000 	C:\WINDOWS\System32\sechost.dll
0x00007ffbf81d0000 - 0x00007ffbf82e8000 	C:\WINDOWS\System32\RPCRT4.dll
0x00007ffbf6a10000 - 0x00007ffbf6a84000 	C:\WINDOWS\System32\WS2_32.dll
0x00007ffbf59f0000 - 0x00007ffbf5a4e000 	C:\WINDOWS\SYSTEM32\POWRPROF.dll
0x00007ffbf3560000 - 0x00007ffbf3595000 	C:\WINDOWS\SYSTEM32\WINMM.dll
0x00007ffbe68d0000 - 0x00007ffbe68db000 	C:\WINDOWS\SYSTEM32\VERSION.dll
0x00007ffbf59d0000 - 0x00007ffbf59e4000 	C:\WINDOWS\SYSTEM32\UMPDC.dll
0x00007ffbf48c0000 - 0x00007ffbf48db000 	C:\WINDOWS\SYSTEM32\kernel.appcore.dll
0x00007ffbd9b60000 - 0x00007ffbd9b6a000 	C:\Program Files\Java\jdk-23\bin\jimage.dll
0x00007ffbf3090000 - 0x00007ffbf32d1000 	C:\WINDOWS\SYSTEM32\DBGHELP.DLL
0x00007ffbf6e80000 - 0x00007ffbf7205000 	C:\WINDOWS\System32\combase.dll
0x00007ffbf82f0000 - 0x00007ffbf83d0000 	C:\WINDOWS\System32\OLEAUT32.dll
0x00007ffbda3b0000 - 0x00007ffbda3f3000 	C:\WINDOWS\SYSTEM32\dbgcore.DLL
0x00007ffbf6160000 - 0x00007ffbf61f9000 	C:\WINDOWS\System32\bcryptPrimitives.dll
0x00007ffbd9f10000 - 0x00007ffbd9f2e000 	C:\Program Files\Java\jdk-23\bin\java.dll
0x00007ffbf6cd0000 - 0x00007ffbf6e70000 	C:\WINDOWS\System32\ole32.dll
0x00007ffbf7760000 - 0x00007ffbf7ead000 	C:\WINDOWS\System32\SHELL32.dll
0x00007ffbf5c50000 - 0x00007ffbf5dc3000 	C:\WINDOWS\System32\wintypes.dll
0x00007ffbf3730000 - 0x00007ffbf3f90000 	C:\WINDOWS\SYSTEM32\windows.storage.dll
0x00007ffbf7eb0000 - 0x00007ffbf7fa5000 	C:\WINDOWS\System32\SHCORE.dll
0x00007ffbf7480000 - 0x00007ffbf74ea000 	C:\WINDOWS\System32\shlwapi.dll
0x00007ffbf5a90000 - 0x00007ffbf5ab9000 	C:\WINDOWS\SYSTEM32\profapi.dll
0x00007ffb73870000 - 0x00007ffb73947000 	C:\Program Files\Java\jdk-23\bin\jsvml.dll
0x00007ffbd9b50000 - 0x00007ffbd9b60000 	C:\Program Files\Java\jdk-23\bin\net.dll
0x00007ffbf4e80000 - 0x00007ffbf4eeb000 	C:\WINDOWS\system32\mswsock.dll
0x00007ffbd99b0000 - 0x00007ffbd99c6000 	C:\Program Files\Java\jdk-23\bin\nio.dll
0x00007ffbc8fc0000 - 0x00007ffbc8fd7000 	C:\Program Files\Java\jdk-23\bin\zip.dll
0x00007ffbf5140000 - 0x00007ffbf515b000 	C:\WINDOWS\SYSTEM32\CRYPTSP.dll
0x00007ffbf4820000 - 0x00007ffbf485b000 	C:\WINDOWS\system32\rsaenh.dll
0x00007ffbf4f20000 - 0x00007ffbf4f4b000 	C:\WINDOWS\SYSTEM32\USERENV.dll
0x00007ffbf5a60000 - 0x00007ffbf5a86000 	C:\WINDOWS\SYSTEM32\bcrypt.dll
0x00007ffbf5160000 - 0x00007ffbf516c000 	C:\WINDOWS\SYSTEM32\CRYPTBASE.dll
0x00007ffbf42f0000 - 0x00007ffbf4323000 	C:\WINDOWS\SYSTEM32\IPHLPAPI.DLL
0x00007ffbf7210000 - 0x00007ffbf721a000 	C:\WINDOWS\System32\NSI.dll
0x00007ffbca8f0000 - 0x00007ffbca900000 	C:\Program Files\Java\jdk-23\bin\verify.dll
0x00007ffb71b20000 - 0x00007ffb71c09000 	C:\Users\Mbongeni\AppData\Local\Temp\sqlite-3.41.2.1-dbde0f2b-f0b6-488a-88e6-e4cc3a74b569-sqlitejdbc.dll

dbghelp: loaded successfully - version: 4.0.5 - missing functions: none
symbol engine: initialized successfully - sym options: 0x614 - pdb path: .;C:\Program Files\Java\jdk-23\bin;C:\WINDOWS\SYSTEM32;C:\WINDOWS\WinSxS\amd64_microsoft.windows.common-controls_6595b64144ccf1df_6.0.26100.4768_none_3e0c112ce331287c;C:\Program Files\Java\jdk-23\bin\server;C:\Users\Mbongeni\AppData\Local\Temp

VM Arguments:
jvm_args: -DkotlinLanguageServer.version=1.3.13 
java_command: org.javacs.kt.MainKt
java_class_path (initial): c:\Users\Mbongeni\AppData\Roaming\Code\User\globalStorage\fwcd.kotlin\langServerInstall\server\lib\server-1.3.13.jar;c:\Users\Mbongeni\AppData\Roaming\Code\User\globalStorage\fwcd.kotlin\langServerInstall\server\lib\shared-1.3.13.jar;c:\Users\Mbongeni\AppData\Roaming\Code\User\globalStorage\fwcd.kotlin\langServerInstall\server\lib\kotlin-scripting-jvm-host-unshaded-2.1.0.jar;c:\Users\Mbongeni\AppData\Roaming\Code\User\globalStorage\fwcd.kotlin\langServerInstall\server\lib\kotlin-scripting-compiler-2.1.0.jar;c:\Users\Mbongeni\AppData\Roaming\Code\User\globalStorage\fwcd.kotlin\langServerInstall\server\lib\ktfmt-b5d31d1.jar;c:\Users\Mbongeni\AppData\Roaming\Code\User\globalStorage\fwcd.kotlin\langServerInstall\server\lib\kotlin-compiler-2.1.0.jar;c:\Users\Mbongeni\AppData\Roaming\Code\User\globalStorage\fwcd.kotlin\langServerInstall\server\lib\exposed-dao-0.37.3.jar;c:\Users\Mbongeni\AppData\Roaming\Code\User\globalStorage\fwcd.kotlin\langServerInstall\server\lib\exposed-jdbc-0.37.3.jar;c:\Users\Mbongeni\AppData\Roaming\Code\User\globalStorage\fwcd.kotlin\langServerInstall\server\lib\exposed-core-0.37.3.jar;c:\Users\Mbongeni\AppData\Roaming\Code\User\globalStorage\fwcd.kotlin\langServerInstall\server\lib\kotlin-scripting-compiler-impl-2.1.0.jar;c:\Users\Mbongeni\AppData\Roaming\Code\User\globalStorage\fwcd.kotlin\langServerInstall\server\lib\kotlin-reflect-2.1.0.jar;c:\Users\Mbongeni\AppData\Roaming\Code\User\globalStorage\fwcd.kotlin\langServerInstall\server\lib\kotlin-scripting-jvm-2.1.0.jar;c:\Users\Mbongeni\AppData\Roaming\Code\User\globalStorage\fwcd.kotlin\langServerInstall\server\lib\kotlin-scripting-common-2.1.0.jar;c:\Users\Mbongeni\AppData\Roaming\Code\User\globalStorage\fwcd.kotlin\langServerInstall\server\lib\kotlinx-coroutines-core-jvm-1.6.4.jar;c:\Users\Mbongeni\AppData\Roaming\Code\User\globalStorage\fwcd.kotlin\langServerInstall\server\lib\kotlin-stdlib-jdk8-2.1.0.jar;c:\Users\Mbongeni\AppData\Roaming\Code\User\globalStorage\fwcd.kotlin\langServerInstall\server\lib\kotlin-stdlib-jdk7-2.1.0.jar;c:\Users\Mbongeni\AppData\Roaming\Code\User\globalStorage\fwcd.kotlin\langServerInstall\server\lib\kotlin-stdlib-2.1.0.jar;c:\Users\Mbongeni\AppData\Roaming\Code\User\globalStorage\fwcd.kotlin\langServerInstall\server\lib\org.eclipse.lsp4j-0.21.2.jar;c:\Users\Mbongeni\AppData\Roaming\Code\User\globalStorage\fwcd.kotlin\langServerInstall\server\lib\org.eclipse.lsp4j.jsonrpc-0.21.2.jar;c:\Users\Mbongeni\AppData\Roaming\Code\User\globalStorage\fwcd.kotlin\langServerInstall\server\lib\kotlin-sam-with-receiver-compiler-plugin-2.1.0.jar;c:\Users\Mbongeni\AppData\Roaming\Code\User\globalStorage\fwcd.kotlin\langServerInstall\server\lib\fernflower-1.0.jar;c:\Users\Mbongeni\AppData\Roaming\Code\User\globalStorage\fwcd.kotlin\langServerInstall\server\lib\h2-1.4.200.jar;c:\Users\Mbongeni\AppData\Roaming\Code\User\globalStorage\fwcd.kotlin\langServerInstall\server\lib\jcommander-1.78.jar;c:\Users\Mbongeni\AppData\Roaming\Code\User\globalStorage\fwcd.kotlin\langServerInstall\server\lib\sqlite-jdbc-3.41.2.1.jar;c:\Users\Mbongeni\AppData\Roaming\Code\User\globalStorage\fwcd.kotlin\langServerInstall\server\lib\google-java-format-1.8.jar;c:\Users\Mbongeni\AppData\Roaming\Code\User\globalStorage\fwcd.kotlin\langServerInstall\server\lib\guava-33.3.0-jre.jar;c:\Users\Mbongeni\AppData\Roaming\Code\User\globalStorage\fwcd.kotlin\langServerInstall\server\lib\annotations-13.0.jar;c:\Users\Mbongeni\AppData\Roaming\Code\User\globalStorage\fwcd.kotlin\langServerInstall\server\lib\gson-2.10.1.jar;c:\Users\Mbongeni\AppData\Roaming\Code\User\globalStorage\fwcd.kotlin\langServerInstall\server\lib\kotlin-script-runtime-2.1.0.jar;c:\Users\Mbongeni\AppData\Roaming\Code\User\globalStorage\fwcd.kotlin\langServerInstall\server\lib\trove4j-1.0.20200330.jar;c:\Users\Mbongeni\AppData\Roaming\Code\User\globalStorage\fwcd.kotlin\langServerInstall\server\lib\jline-3.24.1.jar;c:\Users\Mbongeni\AppData\Roaming\Code\User\globalStorage\fwcd.kotlin\langServerInstall\server\lib\slf4j-api-1.7.25.jar;c:\Users\Mbongeni\AppData\Roaming\Code\User\globalStorage\fwcd.kotlin\langServerInstall\server\lib\jna-4.2.2.jar;c:\Users\Mbongeni\AppData\Roaming\Code\User\globalStorage\fwcd.kotlin\langServerInstall\server\lib\failureaccess-1.0.2.jar;c:\Users\Mbongeni\AppData\Roaming\Code\User\globalStorage\fwcd.kotlin\langServerInstall\server\lib\listenablefuture-9999.0-empty-to-avoid-conflict-with-guava.jar;c:\Users\Mbongeni\AppData\Roaming\Code\User\globalStorage\fwcd.kotlin\langServerInstall\server\lib\jsr305-3.0.2.jar;c:\Users\Mbongeni\AppData\Roaming\Code\User\globalStorage\fwcd.kotlin\langServerInstall\server\lib\checker-qual-3.43.0.jar;c:\Users\Mbongeni\AppData\Roaming\Code\User\globalStorage\fwcd.kotlin\langServerInstall\server\lib\error_prone_annotations-2.28.0.jar
Launcher Type: SUN_STANDARD

[Global flags]
     intx CICompilerCount                          = 3                                         {product} {ergonomic}
     uint ConcGCThreads                            = 1                                         {product} {ergonomic}
     uint G1ConcRefinementThreads                  = 4                                         {product} {ergonomic}
   size_t G1HeapRegionSize                         = 1048576                                   {product} {ergonomic}
   size_t InitialHeapSize                          = 132120576                                 {product} {ergonomic}
   size_t MarkStackSize                            = 4194304                                   {product} {ergonomic}
   size_t MarkStackSizeMax                         = 536870912                                 {product} {ergonomic}
   size_t MaxHeapSize                              = 2105540608                                {product} {ergonomic}
   size_t MaxNewSize                               = 1262485504                                {product} {ergonomic}
   size_t MinHeapDeltaBytes                        = 1048576                                   {product} {ergonomic}
   size_t MinHeapSize                              = 8388608                                   {product} {ergonomic}
    uintx NonNMethodCodeHeapSize                   = 5832704                                {pd product} {ergonomic}
    uintx NonProfiledCodeHeapSize                  = 122945536                              {pd product} {ergonomic}
    uintx ProfiledCodeHeapSize                     = 122880000                              {pd product} {ergonomic}
    uintx ReservedCodeCacheSize                    = 251658240                              {pd product} {ergonomic}
     bool SegmentedCodeCache                       = true                                      {product} {ergonomic}
   size_t SoftMaxHeapSize                          = 2105540608                             {manageable} {ergonomic}
     bool UseCompressedOops                        = true                           {product lp64_product} {ergonomic}
     bool UseG1GC                                  = true                                      {product} {ergonomic}
     bool UseLargePagesIndividualAllocation        = false                                  {pd product} {ergonomic}

Logging:
Log output configuration:
 #0: stdout all=warning uptime,level,tags foldmultilines=false
 #1: stderr all=off uptime,level,tags foldmultilines=false

Environment Variables:
CLASSPATH=c:\Users\Mbongeni\AppData\Roaming\Code\User\globalStorage\fwcd.kotlin\langServerInstall\server\lib\server-1.3.13.jar;c:\Users\Mbongeni\AppData\Roaming\Code\User\globalStorage\fwcd.kotlin\langServerInstall\server\lib\shared-1.3.13.jar;c:\Users\Mbongeni\AppData\Roaming\Code\User\globalStorage\fwcd.kotlin\langServerInstall\server\lib\kotlin-scripting-jvm-host-unshaded-2.1.0.jar;c:\Users\Mbongeni\AppData\Roaming\Code\User\globalStorage\fwcd.kotlin\langServerInstall\server\lib\kotlin-scripting-compiler-2.1.0.jar;c:\Users\Mbongeni\AppData\Roaming\Code\User\globalStorage\fwcd.kotlin\langServerInstall\server\lib\ktfmt-b5d31d1.jar;c:\Users\Mbongeni\AppData\Roaming\Code\User\globalStorage\fwcd.kotlin\langServerInstall\server\lib\kotlin-compiler-2.1.0.jar;c:\Users\Mbongeni\AppData\Roaming\Code\User\globalStorage\fwcd.kotlin\langServerInstall\server\lib\exposed-dao-0.37.3.jar;c:\Users\Mbongeni\AppData\Roaming\Code\User\globalStorage\fwcd.kotlin\langServerInstall\server\lib\exposed-jdbc-0.37.3.jar;c:\Users\Mbongeni\AppData\Roaming\Code\User\globalStorage\fwcd.kotlin\langServerInstall\server\lib\exposed-core-0.37.3.jar;c:\Users\Mbongeni\AppData\Roaming\Code\User\globalStorage\fwcd.kotlin\langServerInstall\server\lib\kotlin-scripting-compiler-impl-2.1.0.jar;c:\Users\Mbongeni\AppData\Roaming\Code\User\globalStorage\fwcd.kotlin\langServerInstall\server\lib\kotlin-reflect-2.1.0.jar;c:\Users\Mbongeni\AppData\Roaming\Code\User\globalStorage\fwcd.kotlin\langServerInstall\server\lib\kotlin-scripting-jvm-2.1.0.jar;c:\Users\Mbongeni\AppData\Roaming\Code\User\globalStorage\fwcd.kotlin\langServerInstall\server\lib\kotlin-scripting-common-2.1.0.jar;c:\Users\Mbongeni\AppData\Roaming\Code\User\globalStorage\fwcd.kotlin\langServerInstall\server\lib\kotlinx-coroutines-core-jvm-1.6.4.jar;c:\Users\Mbongeni\AppData\Roaming\Code\User\globalStorage\fwcd.kotlin\langServerInstall\server\lib\kotlin-stdlib-jdk8-2.1.0.jar;c:\Users\Mbongeni\AppData\Roaming\Code\User\globalStorage\fwcd.kotlin\langServerInstall\server\lib\kotlin-stdlib-jdk7-2.1.0.jar;c:\Users\Mbongeni\AppData\Roaming\Code\User\globalStorage\fwcd.kotlin\langServerInstall\server\lib\kotlin-stdlib-2.1.0.jar;c:\Users\Mbongeni\AppData\Roaming\Code\User\globalStorage\fwcd.kotlin\langServerInstall\server\lib\org.eclipse.lsp4j-0.21.2.jar;c:\Users\Mbongeni\AppData\Roaming\Code\User\globalStorage\fwcd.kotlin\langServerInstall\server\lib\org.eclipse.lsp4j.jsonrpc-0.21.2.jar;c:\Users\Mbongeni\AppData\Roaming\Code\User\globalStorage\fwcd.kotlin\langServerInstall\server\lib\kotlin-sam-with-receiver-compiler-plugin-2.1.0.jar;c:\Users\Mbongeni\AppData\Roaming\Code\User\globalStorage\fwcd.kotlin\langServerInstall\server\lib\fernflower-1.0.jar;c:\Users\Mbongeni\AppData\Roaming\Code\User\globalStorage\fwcd.kotlin\langServerInstall\server\lib\h2-1.4.200.jar;c:\Users\Mbongeni\AppData\Roaming\Code\User\globalStorage\fwcd.kotlin\langServerInstall\server\lib\jcommander-1.78.jar;c:\Users\Mbongeni\AppData\Roaming\Code\User\globalStorage\fwcd.kotlin\langServerInstall\server\lib\sqlite-jdbc-3.41.2.1.jar;c:\Users\Mbongeni\AppData\Roaming\Code\User\globalStorage\fwcd.kotlin\langServerInstall\server\lib\google-java-format-1.8.jar;c:\Users\Mbongeni\AppData\Roaming\Code\User\globalStorage\fwcd.kotlin\langServerInstall\server\lib\guava-33.3.0-jre.jar;c:\Users\Mbongeni\AppData\Roaming\Code\User\globalStorage\fwcd.kotlin\langServerInstall\server\lib\annotations-13.0.jar;c:\Users\Mbongeni\AppData\Roaming\Code\User\globalStorage\fwcd.kotlin\langServerInstall\server\lib\gson-2.10.1.jar;c:\Users\Mbongeni\AppData\Roaming\Code\User\globalStorage\fwcd.kotlin\langServerInstall\server\lib\kotlin-script-runtime-2.1.0.jar;c:\Users\Mbongeni\AppData\Roaming\Code\User\globalStorage\fwcd.kotlin\langServerInstall\server\lib\trove4j-1.0.20200330.jar;c:\Users\Mbongeni\AppData\Roaming\Code\User\globalStorage\fwcd.kotlin\langServerInstall\server\lib\jline-3.24.1.jar;c:\Users\Mbongeni\AppData\Roaming\Code\User\globalStorage\fwcd.kotlin\langServerInstall\server\lib\slf4j-api-1.7.25.jar;c:\Users\Mbongeni\AppData\Roaming\Code\User\globalStorage\fwcd.kotlin\langServerInstall\server\lib\jna-4.2.2.jar;c:\Users\Mbongeni\AppData\Roaming\Code\User\globalStorage\fwcd.kotlin\langServerInstall\server\lib\failureaccess-1.0.2.jar;c:\Users\Mbongeni\AppData\Roaming\Code\User\globalStorage\fwcd.kotlin\langServerInstall\server\lib\listenablefuture-9999.0-empty-to-avoid-conflict-with-guava.jar;c:\Users\Mbongeni\AppData\Roaming\Code\User\globalStorage\fwcd.kotlin\langServerInstall\server\lib\jsr305-3.0.2.jar;c:\Users\Mbongeni\AppData\Roaming\Code\User\globalStorage\fwcd.kotlin\langServerInstall\server\lib\checker-qual-3.43.0.jar;c:\Users\Mbongeni\AppData\Roaming\Code\User\globalStorage\fwcd.kotlin\langServerInstall\server\lib\error_prone_annotations-2.28.0.jar
PATH=C:\Program Files\Common Files\Oracle\Java\javapath;C:\Windows\System32\HWAudioDriverLibs;C:\Windows\system32;C:\Windows;C:\Windows\System32\Wbem;C:\Windows\System32\WindowsPowerShell\v1.0\;C:\Windows\System32\OpenSSH\;C:\Windows\system32\config\systemprofile\AppData\Local\Microsoft\WindowsApps;C:\WINDOWS\system32;C:\WINDOWS;C:\WINDOWS\System32\Wbem;C:\WINDOWS\System32\WindowsPowerShell\v1.0\;C:\WINDOWS\System32\OpenSSH\;C:\Program Files\nodejs\;C:\Program Files\apache-maven-3.9.9\bin;C:\Program Files\Microsoft SQL Server\150\Tools\Binn\;C:\Users\Mbongeni\Downloads\ffmpeg-2025-04-14-git-3b2a9410ef-full_build\ffmpeg-2025-04-14-git-3b2a9410ef-full_build\bin;C:\platform-tools;C:\xampp\php;C:\ProgramData\ComposerSetup\bin;C:\dev\flutter\bin;C:\Program Files\Git\cmd;C:\Users\Mbongeni\AppData\Local\Microsoft\WindowsApps;C:\Users\Mbongeni\AppData\Local\Programs\Microsoft VS Code\bin;C:\Users\Mbongeni\AppData\Roaming\npm;C:\Users\Mbongeni\AppData\Local\GitHubDesktop\bin;C:\Users\Mbongeni\.dotnet\tools;C:\msys64\ucrt64\bin;C:\Users\Mbongeni\AppData\Roaming\Composer\vendor\bin
USERNAME=Mbongeni
OS=Windows_NT
PROCESSOR_IDENTIFIER=Intel64 Family 6 Model 142 Stepping 12, GenuineIntel
TMP=C:\Users\Mbongeni\AppData\Local\Temp
TEMP=C:\Users\Mbongeni\AppData\Local\Temp




Periodic native trim disabled

---------------  S Y S T E M  ---------------

OS:
 Windows 11 , 64 bit Build 26100 (10.0.26100.4768)
OS uptime: 0 days 3:22 hours
Hyper-V role detected

CPU: total 4 (initial active 4) (2 cores per cpu, 2 threads per core) family 6 model 142 stepping 12 microcode 0xde, cx8, cmov, fxsr, ht, mmx, 3dnowpref, sse, sse2, sse3, ssse3, sse4.1, sse4.2, popcnt, lzcnt, tsc, tscinvbit, avx, avx2, aes, erms, clmul, bmi1, bmi2, adx, fma, vzeroupper, clflush, clflushopt, hv, rdtscp, f16c
Processor Information for the first 4 processors :
  Max Mhz: 2592, Current Mhz: 2592, Mhz Limit: 2073

Memory: 4k page, system-wide physical 8025M (575M free)
TotalPageFile size 17880M (AvailPageFile size 0M)
current process WorkingSet (physical memory assigned to process): 28M, peak: 164M
current process commit charge ("private bytes"): 177M, peak: 262M

vm_info: Java HotSpot(TM) 64-Bit Server VM (23.0.2+7-58) for windows-amd64 JRE (23.0.2+7-58), built on 2024-11-29T09:34:55Z with MS VC++ 17.6 (VS2022)

END.
