#
# There is insufficient memory for the Java Runtime Environment to continue.
# Native memory allocation (malloc) failed to allocate 131088 bytes. Error detail: Chunk::new
# Possible reasons:
#   The system is out of physical RAM or swap space
#   This process is running with CompressedOops enabled, and the Java Heap may be blocking the growth of the native heap
# Possible solutions:
#   Reduce memory load on the system
#   Increase physical memory or swap space
#   Check if swap backing store is full
#   Decrease Java heap size (-Xmx/-Xms)
#   Decrease number of Java threads
#   Decrease Java thread stack sizes (-Xss)
#   Set larger code cache with -XX:ReservedCodeCacheSize=
#   JVM is running with Zero Based Compressed Oops mode in which the Java heap is
#     placed in the first 32GB address space. The Java Heap base address is the
#     maximum limit for the native heap growth. Please use -XX:HeapBaseMinAddress
#     to set the Java Heap base and to place the Java Heap above 32GB virtual address.
# This output file may be truncated or incomplete.
#
#  Out of Memory Error (arena.cpp:168), pid=12728, tid=15320
#
# JRE version: OpenJDK Runtime Environment (21.0.6) (build 21.0.6+-13391695-b895.109)
# Java VM: OpenJDK 64-Bit Server VM (21.0.6+-13391695-b895.109, mixed mode, tiered, compressed oops, compressed class ptrs, parallel gc, windows-amd64)
# No core dump will be written. Minidumps are not enabled by default on client versions of Windows
#

---------------  S U M M A R Y ------------

Command Line: --add-opens=java.base/java.lang=ALL-UNNAMED --add-opens=java.base/java.lang.invoke=ALL-UNNAMED --add-opens=java.base/java.util=ALL-UNNAMED --add-opens=java.prefs/java.util.prefs=ALL-UNNAMED --add-exports=jdk.compiler/com.sun.tools.javac.api=ALL-UNNAMED --add-exports=jdk.compiler/com.sun.tools.javac.util=ALL-UNNAMED --add-opens=java.base/java.util=ALL-UNNAMED --add-opens=java.prefs/java.util.prefs=ALL-UNNAMED --add-opens=java.base/java.nio.charset=ALL-UNNAMED --add-opens=java.base/java.net=ALL-UNNAMED --add-opens=java.base/java.util.concurrent.atomic=ALL-UNNAMED --add-opens=java.xml/javax.xml.namespace=ALL-UNNAMED -XX:+UseParallelGC -Xmx4g -Dfile.encoding=UTF-8 -Duser.country=CN -Duser.language=zh -Duser.variant -javaagent:C:\Users\Mbongeni\.gradle\wrapper\dists\gradle-8.14.2-bin\2pb3mgt1p815evrl3weanttgr\gradle-8.14.2\lib\agents\gradle-instrumentation-agent-8.14.2.jar org.gradle.launcher.daemon.bootstrap.GradleDaemon 8.14.2

Host: Intel(R) Core(TM) i3-10110U CPU @ 2.10GHz, 4 cores, 7G,  Windows 11 , 64 bit Build 26100 (10.0.26100.5074)
Time: Mon Sep  8 19:57:08 2025 South Africa Standard Time elapsed time: 10.659641 seconds (0d 0h 0m 10s)

---------------  T H R E A D  ---------------

Current thread (0x0000028a558afcf0):  JavaThread "C2 CompilerThread0" daemon [_thread_in_native, id=15320, stack(0x000000beaa100000,0x000000beaa200000) (1024K)]


Current CompileTask:
C2:10659 6461       4       sun.security.ec.ECOperations::setDouble (463 bytes)

Stack: [0x000000beaa100000,0x000000beaa200000]
Native frames: (J=compiled Java code, j=interpreted, Vv=VM code, C=native code)
V  [jvm.dll+0x6d0639]
V  [jvm.dll+0x85eb03]
V  [jvm.dll+0x86105e]
V  [jvm.dll+0x861743]
V  [jvm.dll+0x27e6e6]
V  [jvm.dll+0xbff6d]
V  [jvm.dll+0xc04a3]
V  [jvm.dll+0xc0095]
V  [jvm.dll+0x6ad4cc]
V  [jvm.dll+0x60cfc4]
V  [jvm.dll+0x6088f2]
V  [jvm.dll+0x5efbcc]
V  [jvm.dll+0x5f4093]
V  [jvm.dll+0x5f37cd]
V  [jvm.dll+0x5f36b0]
V  [jvm.dll+0x5f382e]
V  [jvm.dll+0x5f382e]
V  [jvm.dll+0x5f382e]
V  [jvm.dll+0x5f382e]
V  [jvm.dll+0x5fabdc]
V  [jvm.dll+0x250d92]
V  [jvm.dll+0x2496da]
V  [jvm.dll+0x24714e]
V  [jvm.dll+0x1c5f04]
V  [jvm.dll+0x2569ac]
V  [jvm.dll+0x254ef6]
V  [jvm.dll+0x3f0e96]
V  [jvm.dll+0x806ed8]
V  [jvm.dll+0x6cef0d]
C  [ucrtbase.dll+0x37b0]
C  [KERNEL32.DLL+0x2e8d7]
C  [ntdll.dll+0x8d9c]


---------------  P R O C E S S  ---------------

Threads class SMR info:
_java_thread_list=0x0000028a5faa1830, length=38, elements={
0x0000028a3a55d2d0, 0x0000028a5a790270, 0x0000028a558a2840, 0x0000028a558b2100,
0x0000028a558b4b60, 0x0000028a558b6c90, 0x0000028a558b7e80, 0x0000028a558afcf0,
0x0000028a558bbc20, 0x0000028a5a8e2b90, 0x0000028a5aa8ef70, 0x0000028a5c334f50,
0x0000028a5c343ed0, 0x0000028a5c509370, 0x0000028a5c53e990, 0x0000028a5c5413d0,
0x0000028a5c560ea0, 0x0000028a5c5629f0, 0x0000028a5c596370, 0x0000028a5c5b3790,
0x0000028a5c5b3100, 0x0000028a5c5b2a70, 0x0000028a5c5b16c0, 0x0000028a5c5b3e20,
0x0000028a5c5b44b0, 0x0000028a5c5b4b40, 0x0000028a5c5b1d50, 0x0000028a5c5b23e0,
0x0000028a5c9271c0, 0x0000028a5c9264a0, 0x0000028a5c925e10, 0x0000028a5ef46790,
0x0000028a5c928570, 0x0000028a5c928c00, 0x0000028a5c929290, 0x0000028a5c929fb0,
0x0000028a5c92a640, 0x0000028a5c92b360
}

Java Threads: ( => current thread )
  0x0000028a3a55d2d0 JavaThread "main"                              [_thread_blocked, id=11244, stack(0x000000bea9700000,0x000000bea9800000) (1024K)]
  0x0000028a5a790270 JavaThread "Reference Handler"          daemon [_thread_blocked, id=11912, stack(0x000000bea9b00000,0x000000bea9c00000) (1024K)]
  0x0000028a558a2840 JavaThread "Finalizer"                  daemon [_thread_blocked, id=5900, stack(0x000000bea9c00000,0x000000bea9d00000) (1024K)]
  0x0000028a558b2100 JavaThread "Signal Dispatcher"          daemon [_thread_blocked, id=13676, stack(0x000000bea9d00000,0x000000bea9e00000) (1024K)]
  0x0000028a558b4b60 JavaThread "Attach Listener"            daemon [_thread_blocked, id=14860, stack(0x000000bea9e00000,0x000000bea9f00000) (1024K)]
  0x0000028a558b6c90 JavaThread "Service Thread"             daemon [_thread_blocked, id=10972, stack(0x000000bea9f00000,0x000000beaa000000) (1024K)]
  0x0000028a558b7e80 JavaThread "Monitor Deflation Thread"   daemon [_thread_blocked, id=2564, stack(0x000000beaa000000,0x000000beaa100000) (1024K)]
=>0x0000028a558afcf0 JavaThread "C2 CompilerThread0"         daemon [_thread_in_native, id=15320, stack(0x000000beaa100000,0x000000beaa200000) (1024K)]
  0x0000028a558bbc20 JavaThread "C1 CompilerThread0"         daemon [_thread_blocked, id=15560, stack(0x000000beaa200000,0x000000beaa300000) (1024K)]
  0x0000028a5a8e2b90 JavaThread "Common-Cleaner"             daemon [_thread_blocked, id=11652, stack(0x000000beaa300000,0x000000beaa400000) (1024K)]
  0x0000028a5aa8ef70 JavaThread "Notification Thread"        daemon [_thread_blocked, id=1404, stack(0x000000beaa400000,0x000000beaa500000) (1024K)]
  0x0000028a5c334f50 JavaThread "Daemon health stats"               [_thread_blocked, id=8804, stack(0x000000beaa900000,0x000000beaaa00000) (1024K)]
  0x0000028a5c343ed0 JavaThread "Incoming local TCP Connector on port 43636"        [_thread_in_native, id=4372, stack(0x000000beaaa00000,0x000000beaab00000) (1024K)]
  0x0000028a5c509370 JavaThread "Daemon periodic checks"            [_thread_blocked, id=1672, stack(0x000000beaab00000,0x000000beaac00000) (1024K)]
  0x0000028a5c53e990 JavaThread "Daemon"                            [_thread_blocked, id=14120, stack(0x000000beaac00000,0x000000beaad00000) (1024K)]
  0x0000028a5c5413d0 JavaThread "Handler for socket connection from /127.0.0.1:43636 to /127.0.0.1:43637"        [_thread_in_native, id=15768, stack(0x000000beaad00000,0x000000beaae00000) (1024K)]
  0x0000028a5c560ea0 JavaThread "Cancel handler"                    [_thread_blocked, id=15812, stack(0x000000beaae00000,0x000000beaaf00000) (1024K)]
  0x0000028a5c5629f0 JavaThread "Daemon worker"                     [_thread_blocked, id=16180, stack(0x000000beaaf00000,0x000000beab000000) (1024K)]
  0x0000028a5c596370 JavaThread "Asynchronous log dispatcher for DefaultDaemonConnection: socket connection from /127.0.0.1:43636 to /127.0.0.1:43637"        [_thread_blocked, id=4328, stack(0x000000beab000000,0x000000beab100000) (1024K)]
  0x0000028a5c5b3790 JavaThread "Stdin handler"                     [_thread_blocked, id=13008, stack(0x000000beab100000,0x000000beab200000) (1024K)]
  0x0000028a5c5b3100 JavaThread "Daemon client event forwarder"        [_thread_blocked, id=15652, stack(0x000000beab200000,0x000000beab300000) (1024K)]
  0x0000028a5c5b2a70 JavaThread "Cache worker for journal cache (C:\Users\Mbongeni\.gradle\caches\journal-1)"        [_thread_blocked, id=4740, stack(0x000000beaa500000,0x000000beaa600000) (1024K)]
  0x0000028a5c5b16c0 JavaThread "File lock request listener"        [_thread_in_native, id=15108, stack(0x000000beab300000,0x000000beab400000) (1024K)]
  0x0000028a5c5b3e20 JavaThread "Cache worker for file hash cache (C:\Users\Mbongeni\.gradle\caches\8.14.2\fileHashes)"        [_thread_blocked, id=12480, stack(0x000000beab500000,0x000000beab600000) (1024K)]
  0x0000028a5c5b44b0 JavaThread "Cache worker for file hash cache (C:\Users\Mbongeni\OneDrive\Documents\GitHub\Lost\.gradle\8.14.2\fileHashes)"        [_thread_blocked, id=5180, stack(0x000000beab600000,0x000000beab700000) (1024K)]
  0x0000028a5c5b4b40 JavaThread "Cache worker for checksums cache (C:\Users\Mbongeni\OneDrive\Documents\GitHub\Lost\.gradle\8.14.2\checksums)"        [_thread_blocked, id=6088, stack(0x000000beab700000,0x000000beab800000) (1024K)]
  0x0000028a5c5b1d50 JavaThread "Cache worker for Build Output Cleanup Cache (C:\Users\Mbongeni\OneDrive\Documents\GitHub\Lost\.gradle\buildOutputCleanup)"        [_thread_blocked, id=10392, stack(0x000000beab800000,0x000000beab900000) (1024K)]
  0x0000028a5c5b23e0 JavaThread "Cache worker for file content cache (C:\Users\Mbongeni\.gradle\caches\8.14.2\fileContent)"        [_thread_blocked, id=5848, stack(0x000000beab900000,0x000000beaba00000) (1024K)]
  0x0000028a5c9271c0 JavaThread "File watcher server"        daemon [_thread_in_native, id=16176, stack(0x000000beaba00000,0x000000beabb00000) (1024K)]
  0x0000028a5c9264a0 JavaThread "File watcher consumer"      daemon [_thread_blocked, id=9192, stack(0x000000beabb00000,0x000000beabc00000) (1024K)]
  0x0000028a5c925e10 JavaThread "gradle-enterprise-worker-0"        [_thread_blocked, id=2136, stack(0x000000beabc00000,0x000000beabd00000) (1024K)]
  0x0000028a5ef46790 JavaThread "C2 CompilerThread1"         daemon [_thread_in_native, id=5704, stack(0x000000beab400000,0x000000beab500000) (1024K)]
  0x0000028a5c928570 JavaThread "Develocity resource usage"  daemon [_thread_in_native, id=2292, stack(0x000000beabd00000,0x000000beabe00000) (1024K)]
  0x0000028a5c928c00 JavaThread "JNA Cleaner"                daemon [_thread_blocked, id=12992, stack(0x000000beabe00000,0x000000beabf00000) (1024K)]
  0x0000028a5c929290 JavaThread "gradle-enterprise-background-job-0" daemon [_thread_in_native, id=15808, stack(0x000000beabf00000,0x000000beac000000) (1024K)]
  0x0000028a5c929fb0 JavaThread "DefaultSharedObjectDecoder reader thread" daemon [_thread_in_native, id=7312, stack(0x000000beac400000,0x000000beac500000) (1024K)]
  0x0000028a5c92a640 JavaThread "build event listener"              [_thread_blocked, id=8048, stack(0x000000beac500000,0x000000beac600000) (1024K)]
  0x0000028a5c92b360 JavaThread "build event listener"              [_thread_blocked, id=15324, stack(0x000000beac600000,0x000000beac700000) (1024K)]
Total: 38

Other Threads:
  0x0000028a558575d0 VMThread "VM Thread"                           [id=3436, stack(0x000000bea9a00000,0x000000bea9b00000) (1024K)]
  0x0000028a5579ba00 WatcherThread "VM Periodic Task Thread"        [id=10096, stack(0x000000bea9900000,0x000000bea9a00000) (1024K)]
  0x0000028a3a573e40 WorkerThread "GC Thread#0"                     [id=14212, stack(0x000000bea9800000,0x000000bea9900000) (1024K)]
  0x0000028a5aef82b0 WorkerThread "GC Thread#1"                     [id=10500, stack(0x000000beaa600000,0x000000beaa700000) (1024K)]
  0x0000028a5b33ed40 WorkerThread "GC Thread#2"                     [id=2932, stack(0x000000beaa700000,0x000000beaa800000) (1024K)]
  0x0000028a5b37e9d0 WorkerThread "GC Thread#3"                     [id=11516, stack(0x000000beaa800000,0x000000beaa900000) (1024K)]
Total: 6

Threads with active compile tasks:
C2 CompilerThread0  10695 6461       4       sun.security.ec.ECOperations::setDouble (463 bytes)
C2 CompilerThread1  10695 6421       4       java.lang.invoke.MethodType::makeImpl (109 bytes)
Total: 2

VM state: not at safepoint (normal execution)

VM Mutex/Monitor currently owned by a thread: None

Heap address: 0x0000000700000000, size: 4096 MB, Compressed Oops mode: Zero based, Oop shift amount: 3

CDS archive(s) not mapped
Compressed class space mapped at: 0x0000000800000000-0x0000000840000000, reserved size: 1073741824
Narrow klass base: 0x0000000800000000, Narrow klass shift: 0, Narrow klass range: 0x40000000

GC Precious Log:
 CardTable entry size: 512
 CPUs: 4 total, 4 available
 Memory: 8025M
 Large Page Support: Disabled
 NUMA Support: Disabled
 Compressed Oops: Enabled (Zero based)
 Alignments: Space 512K, Generation 512K, Heap 2M
 Heap Min Capacity: 8M
 Heap Initial Capacity: 126M
 Heap Max Capacity: 4G
 Pre-touch: Disabled
 Parallel Workers: 4

Heap:
 PSYoungGen      total 79360K, used 13297K [0x00000007aab00000, 0x00000007b2c00000, 0x0000000800000000)
  eden space 58880K, 15% used [0x00000007aab00000,0x00000007ab3da6f8,0x00000007ae480000)
  from space 20480K, 20% used [0x00000007af800000,0x00000007afc21d38,0x00000007b0c00000)
  to   space 19968K, 0% used [0x00000007ae480000,0x00000007ae480000,0x00000007af800000)
 ParOldGen       total 86016K, used 50955K [0x0000000700000000, 0x0000000705400000, 0x00000007aab00000)
  object space 86016K, 59% used [0x0000000700000000,0x00000007031c2ff8,0x0000000705400000)
 Metaspace       used 68272K, committed 69568K, reserved 1114112K
  class space    used 9073K, committed 9728K, reserved 1048576K

Card table byte_map: [0x0000028a4c6b0000,0x0000028a4cec0000] _byte_map_base: 0x0000028a48eb0000

Marking Bits: (ParMarkBitMap*) 0x00007ff9b2d33300
 Begin Bits: [0x0000028a4cec0000, 0x0000028a50ec0000)
 End Bits:   [0x0000028a50ec0000, 0x0000028a54ec0000)

Polling page: 0x0000028a39d20000

Metaspace:

Usage:
  Non-class:     57.81 MB used.
      Class:      8.86 MB used.
       Both:     66.67 MB used.

Virtual space:
  Non-class space:       64.00 MB reserved,      58.44 MB ( 91%) committed,  1 nodes.
      Class space:        1.00 GB reserved,       9.50 MB ( <1%) committed,  1 nodes.
             Both:        1.06 GB reserved,      67.94 MB (  6%) committed. 

Chunk freelists:
   Non-Class:  5.25 MB
       Class:  6.38 MB
        Both:  11.62 MB

MaxMetaspaceSize: unlimited
CompressedClassSpaceSize: 1.00 GB
Initial GC threshold: 21.00 MB
Current GC threshold: 97.31 MB
CDS: off
 - commit_granule_bytes: 65536.
 - commit_granule_words: 8192.
 - virtual_space_node_default_size: 8388608.
 - enlarge_chunks_in_place: 1.
 - use_allocation_guard: 0.


Internal statistics:

num_allocs_failed_limit: 11.
num_arena_births: 2514.
num_arena_deaths: 0.
num_vsnodes_births: 2.
num_vsnodes_deaths: 0.
num_space_committed: 1086.
num_space_uncommitted: 0.
num_chunks_returned_to_freelist: 11.
num_chunks_taken_from_freelist: 5194.
num_chunk_merges: 11.
num_chunk_splits: 3226.
num_chunks_enlarged: 1888.
num_inconsistent_stats: 0.

CodeHeap 'non-profiled nmethods': size=120000Kb used=3444Kb max_used=3444Kb free=116555Kb
 bounds [0x0000028a45180000, 0x0000028a454e0000, 0x0000028a4c6b0000]
CodeHeap 'profiled nmethods': size=120000Kb used=11605Kb max_used=11605Kb free=108394Kb
 bounds [0x0000028a3d6b0000, 0x0000028a3e210000, 0x0000028a44be0000]
CodeHeap 'non-nmethods': size=5760Kb used=1749Kb max_used=1778Kb free=4011Kb
 bounds [0x0000028a44be0000, 0x0000028a44e50000, 0x0000028a45180000]
 total_blobs=6730 nmethods=5912 adapters=724
 compilation: enabled
              stopped_count=0, restarted_count=0
 full_count=0

Compilation events (20 events):
Event: 10.544 Thread 0x0000028a558bbc20 nmethod 6453 0x0000028a3e1fb810 code [0x0000028a3e1fba00, 0x0000028a3e1fbf98]
Event: 10.545 Thread 0x0000028a558bbc20 6454       3       sun.security.util.math.intpoly.IntegerPolynomial$Element::mutable (26 bytes)
Event: 10.545 Thread 0x0000028a558bbc20 nmethod 6454 0x0000028a3e1fc190 code [0x0000028a3e1fc360, 0x0000028a3e1fc848]
Event: 10.545 Thread 0x0000028a558bbc20 6455       3       sun.security.ec.ECOperations::setSum (549 bytes)
Event: 10.549 Thread 0x0000028a558bbc20 nmethod 6455 0x0000028a3e1fca10 code [0x0000028a3e1fd240, 0x0000028a3e202298]
Event: 10.549 Thread 0x0000028a558bbc20 6456       1       sun.security.util.math.intpoly.IntegerPolynomial$Element::getField (5 bytes)
Event: 10.549 Thread 0x0000028a558bbc20 nmethod 6456 0x0000028a454dbe10 code [0x0000028a454dbfa0, 0x0000028a454dc070]
Event: 10.556 Thread 0x0000028a558bbc20 6457       3       sun.security.util.math.intpoly.IntegerPolynomial$ImmutableElement::<init> (7 bytes)
Event: 10.556 Thread 0x0000028a558bbc20 nmethod 6457 0x0000028a3e203a90 code [0x0000028a3e203c40, 0x0000028a3e203d78]
Event: 10.556 Thread 0x0000028a558bbc20 6458       3       sun.security.util.math.intpoly.IntegerPolynomial$Element::<init> (40 bytes)
Event: 10.556 Thread 0x0000028a558bbc20 nmethod 6458 0x0000028a3e203e10 code [0x0000028a3e203fc0, 0x0000028a3e204280]
Event: 10.560 Thread 0x0000028a558bbc20 6459       3       sun.security.util.ArrayUtil::swap (15 bytes)
Event: 10.561 Thread 0x0000028a558bbc20 nmethod 6459 0x0000028a3e204390 code [0x0000028a3e204540, 0x0000028a3e204688]
Event: 10.568 Thread 0x0000028a558afcf0 6460       4       sun.security.ec.ECOperations$PointMultiplier::lookup (84 bytes)
Event: 10.595 Thread 0x0000028a558bbc20 6462       3       sun.security.util.math.intpoly.IntegerPolynomial::get0 (10 bytes)
Event: 10.595 Thread 0x0000028a558bbc20 nmethod 6462 0x0000028a3e204790 code [0x0000028a3e204940, 0x0000028a3e204b48]
Event: 10.595 Thread 0x0000028a558bbc20 6463       3       sun.security.util.math.intpoly.IntegerPolynomial::get0 (5 bytes)
Event: 10.595 Thread 0x0000028a558bbc20 nmethod 6463 0x0000028a3e204c90 code [0x0000028a3e204e40, 0x0000028a3e205130]
Event: 10.600 Thread 0x0000028a558afcf0 nmethod 6460 0x0000028a454dc110 code [0x0000028a454dc300, 0x0000028a454dcda0]
Event: 10.600 Thread 0x0000028a558afcf0 6461       4       sun.security.ec.ECOperations::setDouble (463 bytes)

GC Heap History (20 events):
Event: 2.680 GC heap before
{Heap before GC invocations=6 (full 1):
 PSYoungGen      total 70656K, used 5096K [0x00000007aab00000, 0x00000007b0400000, 0x0000000800000000)
  eden space 65536K, 0% used [0x00000007aab00000,0x00000007aab00000,0x00000007aeb00000)
  from space 5120K, 99% used [0x00000007aeb00000,0x00000007aeffa238,0x00000007af000000)
  to   space 12800K, 0% used [0x00000007af780000,0x00000007af780000,0x00000007b0400000)
 ParOldGen       total 86016K, used 13998K [0x0000000700000000, 0x0000000705400000, 0x00000007aab00000)
  object space 86016K, 16% used [0x0000000700000000,0x0000000700daba68,0x0000000705400000)
 Metaspace       used 21192K, committed 21504K, reserved 1114112K
  class space    used 2448K, committed 2624K, reserved 1048576K
}
Event: 2.708 GC heap after
{Heap after GC invocations=6 (full 1):
 PSYoungGen      total 70656K, used 0K [0x00000007aab00000, 0x00000007b0400000, 0x0000000800000000)
  eden space 65536K, 0% used [0x00000007aab00000,0x00000007aab00000,0x00000007aeb00000)
  from space 5120K, 0% used [0x00000007aeb00000,0x00000007aeb00000,0x00000007af000000)
  to   space 12800K, 0% used [0x00000007af780000,0x00000007af780000,0x00000007b0400000)
 ParOldGen       total 86016K, used 18639K [0x0000000700000000, 0x0000000705400000, 0x00000007aab00000)
  object space 86016K, 21% used [0x0000000700000000,0x0000000701233d80,0x0000000705400000)
 Metaspace       used 21192K, committed 21504K, reserved 1114112K
  class space    used 2448K, committed 2624K, reserved 1048576K
}
Event: 4.071 GC heap before
{Heap before GC invocations=7 (full 1):
 PSYoungGen      total 70656K, used 65536K [0x00000007aab00000, 0x00000007b0400000, 0x0000000800000000)
  eden space 65536K, 100% used [0x00000007aab00000,0x00000007aeb00000,0x00000007aeb00000)
  from space 5120K, 0% used [0x00000007aeb00000,0x00000007aeb00000,0x00000007af000000)
  to   space 12800K, 0% used [0x00000007af780000,0x00000007af780000,0x00000007b0400000)
 ParOldGen       total 86016K, used 18639K [0x0000000700000000, 0x0000000705400000, 0x00000007aab00000)
  object space 86016K, 21% used [0x0000000700000000,0x0000000701233d80,0x0000000705400000)
 Metaspace       used 31282K, committed 31872K, reserved 1114112K
  class space    used 4065K, committed 4352K, reserved 1048576K
}
Event: 4.077 GC heap after
{Heap after GC invocations=7 (full 1):
 PSYoungGen      total 74240K, used 3696K [0x00000007aab00000, 0x00000007b0200000, 0x0000000800000000)
  eden space 63488K, 0% used [0x00000007aab00000,0x00000007aab00000,0x00000007ae900000)
  from space 10752K, 34% used [0x00000007af780000,0x00000007afb1c150,0x00000007b0200000)
  to   space 12800K, 0% used [0x00000007ae900000,0x00000007ae900000,0x00000007af580000)
 ParOldGen       total 86016K, used 18639K [0x0000000700000000, 0x0000000705400000, 0x00000007aab00000)
  object space 86016K, 21% used [0x0000000700000000,0x0000000701233d80,0x0000000705400000)
 Metaspace       used 31282K, committed 31872K, reserved 1114112K
  class space    used 4065K, committed 4352K, reserved 1048576K
}
Event: 4.672 GC heap before
{Heap before GC invocations=8 (full 1):
 PSYoungGen      total 74240K, used 33667K [0x00000007aab00000, 0x00000007b0200000, 0x0000000800000000)
  eden space 63488K, 47% used [0x00000007aab00000,0x00000007ac844b30,0x00000007ae900000)
  from space 10752K, 34% used [0x00000007af780000,0x00000007afb1c150,0x00000007b0200000)
  to   space 12800K, 0% used [0x00000007ae900000,0x00000007ae900000,0x00000007af580000)
 ParOldGen       total 86016K, used 18639K [0x0000000700000000, 0x0000000705400000, 0x00000007aab00000)
  object space 86016K, 21% used [0x0000000700000000,0x0000000701233d80,0x0000000705400000)
 Metaspace       used 34969K, committed 35840K, reserved 1114112K
  class space    used 4691K, committed 5120K, reserved 1048576K
}
Event: 4.677 GC heap after
{Heap after GC invocations=8 (full 1):
 PSYoungGen      total 69120K, used 5568K [0x00000007aab00000, 0x00000007b0100000, 0x0000000800000000)
  eden space 63488K, 0% used [0x00000007aab00000,0x00000007aab00000,0x00000007ae900000)
  from space 5632K, 98% used [0x00000007ae900000,0x00000007aee70030,0x00000007aee80000)
  to   space 12288K, 0% used [0x00000007af500000,0x00000007af500000,0x00000007b0100000)
 ParOldGen       total 86016K, used 18647K [0x0000000700000000, 0x0000000705400000, 0x00000007aab00000)
  object space 86016K, 21% used [0x0000000700000000,0x0000000701235d80,0x0000000705400000)
 Metaspace       used 34969K, committed 35840K, reserved 1114112K
  class space    used 4691K, committed 5120K, reserved 1048576K
}
Event: 4.677 GC heap before
{Heap before GC invocations=9 (full 2):
 PSYoungGen      total 69120K, used 5568K [0x00000007aab00000, 0x00000007b0100000, 0x0000000800000000)
  eden space 63488K, 0% used [0x00000007aab00000,0x00000007aab00000,0x00000007ae900000)
  from space 5632K, 98% used [0x00000007ae900000,0x00000007aee70030,0x00000007aee80000)
  to   space 12288K, 0% used [0x00000007af500000,0x00000007af500000,0x00000007b0100000)
 ParOldGen       total 86016K, used 18647K [0x0000000700000000, 0x0000000705400000, 0x00000007aab00000)
  object space 86016K, 21% used [0x0000000700000000,0x0000000701235d80,0x0000000705400000)
 Metaspace       used 34969K, committed 35840K, reserved 1114112K
  class space    used 4691K, committed 5120K, reserved 1048576K
}
Event: 4.720 GC heap after
{Heap after GC invocations=9 (full 2):
 PSYoungGen      total 69120K, used 0K [0x00000007aab00000, 0x00000007b0100000, 0x0000000800000000)
  eden space 63488K, 0% used [0x00000007aab00000,0x00000007aab00000,0x00000007ae900000)
  from space 5632K, 0% used [0x00000007ae900000,0x00000007ae900000,0x00000007aee80000)
  to   space 12288K, 0% used [0x00000007af500000,0x00000007af500000,0x00000007b0100000)
 ParOldGen       total 86016K, used 23930K [0x0000000700000000, 0x0000000705400000, 0x00000007aab00000)
  object space 86016K, 27% used [0x0000000700000000,0x000000070175e998,0x0000000705400000)
 Metaspace       used 34969K, committed 35840K, reserved 1114112K
  class space    used 4691K, committed 5120K, reserved 1048576K
}
Event: 6.155 GC heap before
{Heap before GC invocations=10 (full 2):
 PSYoungGen      total 69120K, used 63488K [0x00000007aab00000, 0x00000007b0100000, 0x0000000800000000)
  eden space 63488K, 100% used [0x00000007aab00000,0x00000007ae900000,0x00000007ae900000)
  from space 5632K, 0% used [0x00000007ae900000,0x00000007ae900000,0x00000007aee80000)
  to   space 12288K, 0% used [0x00000007af500000,0x00000007af500000,0x00000007b0100000)
 ParOldGen       total 86016K, used 23930K [0x0000000700000000, 0x0000000705400000, 0x00000007aab00000)
  object space 86016K, 27% used [0x0000000700000000,0x000000070175e998,0x0000000705400000)
 Metaspace       used 43656K, committed 44800K, reserved 1114112K
  class space    used 5712K, committed 6272K, reserved 1048576K
}
Event: 6.161 GC heap after
{Heap after GC invocations=10 (full 2):
 PSYoungGen      total 71680K, used 4952K [0x00000007aab00000, 0x00000007aff00000, 0x0000000800000000)
  eden space 61440K, 0% used [0x00000007aab00000,0x00000007aab00000,0x00000007ae700000)
  from space 10240K, 48% used [0x00000007af500000,0x00000007af9d61a8,0x00000007aff00000)
  to   space 12288K, 0% used [0x00000007ae700000,0x00000007ae700000,0x00000007af300000)
 ParOldGen       total 86016K, used 23938K [0x0000000700000000, 0x0000000705400000, 0x00000007aab00000)
  object space 86016K, 27% used [0x0000000700000000,0x0000000701760998,0x0000000705400000)
 Metaspace       used 43656K, committed 44800K, reserved 1114112K
  class space    used 5712K, committed 6272K, reserved 1048576K
}
Event: 7.272 GC heap before
{Heap before GC invocations=11 (full 2):
 PSYoungGen      total 71680K, used 66392K [0x00000007aab00000, 0x00000007aff00000, 0x0000000800000000)
  eden space 61440K, 100% used [0x00000007aab00000,0x00000007ae700000,0x00000007ae700000)
  from space 10240K, 48% used [0x00000007af500000,0x00000007af9d61a8,0x00000007aff00000)
  to   space 12288K, 0% used [0x00000007ae700000,0x00000007ae700000,0x00000007af300000)
 ParOldGen       total 86016K, used 23938K [0x0000000700000000, 0x0000000705400000, 0x00000007aab00000)
  object space 86016K, 27% used [0x0000000700000000,0x0000000701760998,0x0000000705400000)
 Metaspace       used 50488K, committed 51712K, reserved 1114112K
  class space    used 6586K, committed 7168K, reserved 1048576K
}
Event: 7.286 GC heap after
{Heap after GC invocations=11 (full 2):
 PSYoungGen      total 72192K, used 12264K [0x00000007aab00000, 0x00000007b0880000, 0x0000000800000000)
  eden space 59904K, 0% used [0x00000007aab00000,0x00000007aab00000,0x00000007ae580000)
  from space 12288K, 99% used [0x00000007ae700000,0x00000007af2fa3d8,0x00000007af300000)
  to   space 17920K, 0% used [0x00000007af700000,0x00000007af700000,0x00000007b0880000)
 ParOldGen       total 86016K, used 34013K [0x0000000700000000, 0x0000000705400000, 0x00000007aab00000)
  object space 86016K, 39% used [0x0000000700000000,0x0000000702137680,0x0000000705400000)
 Metaspace       used 50488K, committed 51712K, reserved 1114112K
  class space    used 6586K, committed 7168K, reserved 1048576K
}
Event: 9.226 GC heap before
{Heap before GC invocations=12 (full 2):
 PSYoungGen      total 72192K, used 72168K [0x00000007aab00000, 0x00000007b0880000, 0x0000000800000000)
  eden space 59904K, 100% used [0x00000007aab00000,0x00000007ae580000,0x00000007ae580000)
  from space 12288K, 99% used [0x00000007ae700000,0x00000007af2fa3d8,0x00000007af300000)
  to   space 17920K, 0% used [0x00000007af700000,0x00000007af700000,0x00000007b0880000)
 ParOldGen       total 86016K, used 34013K [0x0000000700000000, 0x0000000705400000, 0x00000007aab00000)
  object space 86016K, 39% used [0x0000000700000000,0x0000000702137680,0x0000000705400000)
 Metaspace       used 56269K, committed 57536K, reserved 1114112K
  class space    used 7352K, committed 8000K, reserved 1048576K
}
Event: 9.237 GC heap after
{Heap after GC invocations=12 (full 2):
 PSYoungGen      total 75264K, used 17037K [0x00000007aab00000, 0x00000007b0c00000, 0x0000000800000000)
  eden space 57344K, 0% used [0x00000007aab00000,0x00000007aab00000,0x00000007ae300000)
  from space 17920K, 95% used [0x00000007af700000,0x00000007b07a3670,0x00000007b0880000)
  to   space 20480K, 0% used [0x00000007ae300000,0x00000007ae300000,0x00000007af700000)
 ParOldGen       total 86016K, used 34197K [0x0000000700000000, 0x0000000705400000, 0x00000007aab00000)
  object space 86016K, 39% used [0x0000000700000000,0x0000000702165510,0x0000000705400000)
 Metaspace       used 56269K, committed 57536K, reserved 1114112K
  class space    used 7352K, committed 8000K, reserved 1048576K
}
Event: 9.503 GC heap before
{Heap before GC invocations=13 (full 2):
 PSYoungGen      total 75264K, used 37045K [0x00000007aab00000, 0x00000007b0c00000, 0x0000000800000000)
  eden space 57344K, 34% used [0x00000007aab00000,0x00000007abe89f50,0x00000007ae300000)
  from space 17920K, 95% used [0x00000007af700000,0x00000007b07a3670,0x00000007b0880000)
  to   space 20480K, 0% used [0x00000007ae300000,0x00000007ae300000,0x00000007af700000)
 ParOldGen       total 86016K, used 34197K [0x0000000700000000, 0x0000000705400000, 0x00000007aab00000)
  object space 86016K, 39% used [0x0000000700000000,0x0000000702165510,0x0000000705400000)
 Metaspace       used 58457K, committed 59776K, reserved 1114112K
  class space    used 7712K, committed 8384K, reserved 1048576K
}
Event: 9.520 GC heap after
{Heap after GC invocations=13 (full 2):
 PSYoungGen      total 77824K, used 959K [0x00000007aab00000, 0x00000007b0c00000, 0x0000000800000000)
  eden space 57344K, 0% used [0x00000007aab00000,0x00000007aab00000,0x00000007ae300000)
  from space 20480K, 4% used [0x00000007ae300000,0x00000007ae3efe78,0x00000007af700000)
  to   space 20480K, 0% used [0x00000007af800000,0x00000007af800000,0x00000007b0c00000)
 ParOldGen       total 86016K, used 50604K [0x0000000700000000, 0x0000000705400000, 0x00000007aab00000)
  object space 86016K, 58% used [0x0000000700000000,0x000000070316b248,0x0000000705400000)
 Metaspace       used 58457K, committed 59776K, reserved 1114112K
  class space    used 7712K, committed 8384K, reserved 1048576K
}
Event: 9.520 GC heap before
{Heap before GC invocations=14 (full 3):
 PSYoungGen      total 77824K, used 959K [0x00000007aab00000, 0x00000007b0c00000, 0x0000000800000000)
  eden space 57344K, 0% used [0x00000007aab00000,0x00000007aab00000,0x00000007ae300000)
  from space 20480K, 4% used [0x00000007ae300000,0x00000007ae3efe78,0x00000007af700000)
  to   space 20480K, 0% used [0x00000007af800000,0x00000007af800000,0x00000007b0c00000)
 ParOldGen       total 86016K, used 50604K [0x0000000700000000, 0x0000000705400000, 0x00000007aab00000)
  object space 86016K, 58% used [0x0000000700000000,0x000000070316b248,0x0000000705400000)
 Metaspace       used 58457K, committed 59776K, reserved 1114112K
  class space    used 7712K, committed 8384K, reserved 1048576K
}
Event: 9.603 GC heap after
{Heap after GC invocations=14 (full 3):
 PSYoungGen      total 77824K, used 0K [0x00000007aab00000, 0x00000007b0c00000, 0x0000000800000000)
  eden space 57344K, 0% used [0x00000007aab00000,0x00000007aab00000,0x00000007ae300000)
  from space 20480K, 0% used [0x00000007ae300000,0x00000007ae300000,0x00000007af700000)
  to   space 20480K, 0% used [0x00000007af800000,0x00000007af800000,0x00000007b0c00000)
 ParOldGen       total 86016K, used 50947K [0x0000000700000000, 0x0000000705400000, 0x00000007aab00000)
  object space 86016K, 59% used [0x0000000700000000,0x00000007031c0ff8,0x0000000705400000)
 Metaspace       used 58457K, committed 59776K, reserved 1114112K
  class space    used 7712K, committed 8384K, reserved 1048576K
}
Event: 10.531 GC heap before
{Heap before GC invocations=15 (full 3):
 PSYoungGen      total 77824K, used 57325K [0x00000007aab00000, 0x00000007b0c00000, 0x0000000800000000)
  eden space 57344K, 99% used [0x00000007aab00000,0x00000007ae2fb798,0x00000007ae300000)
  from space 20480K, 0% used [0x00000007ae300000,0x00000007ae300000,0x00000007af700000)
  to   space 20480K, 0% used [0x00000007af800000,0x00000007af800000,0x00000007b0c00000)
 ParOldGen       total 86016K, used 50947K [0x0000000700000000, 0x0000000705400000, 0x00000007aab00000)
  object space 86016K, 59% used [0x0000000700000000,0x00000007031c0ff8,0x0000000705400000)
 Metaspace       used 67232K, committed 68672K, reserved 1114112K
  class space    used 8997K, committed 9728K, reserved 1048576K
}
Event: 10.537 GC heap after
{Heap after GC invocations=15 (full 3):
 PSYoungGen      total 79360K, used 4231K [0x00000007aab00000, 0x00000007b2c00000, 0x0000000800000000)
  eden space 58880K, 0% used [0x00000007aab00000,0x00000007aab00000,0x00000007ae480000)
  from space 20480K, 20% used [0x00000007af800000,0x00000007afc21d38,0x00000007b0c00000)
  to   space 19968K, 0% used [0x00000007ae480000,0x00000007ae480000,0x00000007af800000)
 ParOldGen       total 86016K, used 50955K [0x0000000700000000, 0x0000000705400000, 0x00000007aab00000)
  object space 86016K, 59% used [0x0000000700000000,0x00000007031c2ff8,0x0000000705400000)
 Metaspace       used 67232K, committed 68672K, reserved 1114112K
  class space    used 8997K, committed 9728K, reserved 1048576K
}

Dll operation events (3 events):
Event: 0.011 Loaded shared library C:\Program Files\Android\Android Studio1\jbr\bin\java.dll
Event: 0.015 Loaded shared library C:\Program Files\Android\Android Studio1\jbr\bin\zip.dll
Event: 0.659 Loaded shared library C:\Program Files\Android\Android Studio1\jbr\bin\verify.dll

Deoptimization events (20 events):
Event: 10.449 Thread 0x0000028a5c929fb0 Uncommon trap: trap_request=0xffffffde fr.pc=0x0000028a454cb038 relative=0x0000000000000bb8
Event: 10.449 Thread 0x0000028a5c929fb0 Uncommon trap: reason=class_check action=maybe_recompile pc=0x0000028a454cb038 method=java.util.concurrent.ConcurrentHashMap.putVal(Ljava/lang/Object;Ljava/lang/Object;Z)Ljava/lang/Object; @ 242 c2
Event: 10.449 Thread 0x0000028a5c929fb0 DEOPT PACKING pc=0x0000028a454cb038 sp=0x000000beac4fb5d0
Event: 10.449 Thread 0x0000028a5c929fb0 DEOPT UNPACKING pc=0x0000028a44c33aa2 sp=0x000000beac4fb540 mode 2
Event: 10.449 Thread 0x0000028a5c929fb0 Uncommon trap: trap_request=0xffffff54 fr.pc=0x0000028a452d4b48 relative=0x00000000000014c8
Event: 10.449 Thread 0x0000028a5c929fb0 Uncommon trap: reason=speculate_null_assert action=make_not_entrant pc=0x0000028a452d4b48 method=jdk.internal.util.ReferencedKeyMap.internKey(Ljdk/internal/util/ReferencedKeyMap;Ljava/lang/Object;)Ljava/lang/Object; @ 28 c2
Event: 10.449 Thread 0x0000028a5c929fb0 DEOPT PACKING pc=0x0000028a452d4b48 sp=0x000000beac4fb680
Event: 10.449 Thread 0x0000028a5c929fb0 DEOPT UNPACKING pc=0x0000028a44c33aa2 sp=0x000000beac4fb540 mode 2
Event: 10.450 Thread 0x0000028a5c5629f0 Uncommon trap: trap_request=0xffffffde fr.pc=0x0000028a454cb038 relative=0x0000000000000bb8
Event: 10.450 Thread 0x0000028a5c5629f0 Uncommon trap: reason=class_check action=maybe_recompile pc=0x0000028a454cb038 method=java.util.concurrent.ConcurrentHashMap.putVal(Ljava/lang/Object;Ljava/lang/Object;Z)Ljava/lang/Object; @ 242 c2
Event: 10.450 Thread 0x0000028a5c5629f0 DEOPT PACKING pc=0x0000028a454cb038 sp=0x000000beaaff8820
Event: 10.450 Thread 0x0000028a5c5629f0 DEOPT UNPACKING pc=0x0000028a44c33aa2 sp=0x000000beaaff8790 mode 2
Event: 10.470 Thread 0x0000028a5c929fb0 Uncommon trap: trap_request=0xffffff45 fr.pc=0x0000028a453dcf58 relative=0x0000000000000418
Event: 10.470 Thread 0x0000028a5c929fb0 Uncommon trap: reason=unstable_if action=reinterpret pc=0x0000028a453dcf58 method=org.gradle.internal.reflect.PropertyAccessorType.isGetGetterName(Ljava/lang/String;)Z @ 14 c2
Event: 10.470 Thread 0x0000028a5c929fb0 DEOPT PACKING pc=0x0000028a453dcf58 sp=0x000000beac4fc880
Event: 10.470 Thread 0x0000028a5c929fb0 DEOPT UNPACKING pc=0x0000028a44c33aa2 sp=0x000000beac4fc7d8 mode 2
Event: 10.471 Thread 0x0000028a5c929fb0 Uncommon trap: trap_request=0xffffff45 fr.pc=0x0000028a452d109c relative=0x000000000000083c
Event: 10.471 Thread 0x0000028a5c929fb0 Uncommon trap: reason=unstable_if action=reinterpret pc=0x0000028a452d109c method=java.util.HashMap.computeIfAbsent(Ljava/lang/Object;Ljava/util/function/Function;)Ljava/lang/Object; @ 228 c2
Event: 10.471 Thread 0x0000028a5c929fb0 DEOPT PACKING pc=0x0000028a452d109c sp=0x000000beac4fcc50
Event: 10.471 Thread 0x0000028a5c929fb0 DEOPT UNPACKING pc=0x0000028a44c33aa2 sp=0x000000beac4fcc00 mode 2

Classes loaded (20 events):
Event: 10.359 Loading class sun/security/ssl/KeyShareExtension$KeyShareEntry
Event: 10.359 Loading class sun/security/ssl/KeyShareExtension$KeyShareEntry done
Event: 10.359 Loading class sun/security/ssl/ECDHKeyExchange$ECDHEPossession
Event: 10.359 Loading class sun/security/ssl/ECDHKeyExchange$ECDHEPossession done
Event: 10.360 Loading class sun/security/util/math/intpoly/IntegerPolynomialP384
Event: 10.361 Loading class sun/security/util/math/intpoly/IntegerPolynomialP384 done
Event: 10.361 Loading class sun/security/util/math/intpoly/IntegerPolynomialP521
Event: 10.361 Loading class sun/security/util/math/intpoly/IntegerPolynomialP521 done
Event: 10.361 Loading class sun/security/util/math/intpoly/P384OrderField
Event: 10.361 Loading class sun/security/util/math/intpoly/P384OrderField done
Event: 10.362 Loading class sun/security/util/math/intpoly/P521OrderField
Event: 10.362 Loading class sun/security/util/math/intpoly/P521OrderField done
Event: 10.363 Loading class java/security/interfaces/ECPrivateKey
Event: 10.363 Loading class java/security/interfaces/ECPrivateKey done
Event: 10.365 Loading class java/util/ImmutableCollections$Map1
Event: 10.365 Loading class java/util/ImmutableCollections$Map1 done
Event: 10.370 Loading class sun/security/util/math/IntegerModuloP$MultiplicativeInverser$Secp256R1
Event: 10.370 Loading class sun/security/util/math/IntegerModuloP$MultiplicativeInverser$Secp256R1 done
Event: 10.565 Loading class java/util/Base64$Decoder
Event: 10.565 Loading class java/util/Base64$Decoder done

Classes unloaded (0 events):
No events

Classes redefined (0 events):
No events

Internal exceptions (20 events):
Event: 9.970 Thread 0x0000028a5c928570 Exception <a 'java/lang/UnsatisfiedLinkError'{0x00000007abfd2b88}: The specified procedure could not be found.
> (0x00000007abfd2b88) 
thrown [s\src\hotspot\share\prims\jni.cpp, line 567]
Event: 9.971 Thread 0x0000028a5c928570 Exception <a 'java/lang/UnsatisfiedLinkError'{0x00000007abfd4188}: The specified procedure could not be found.
> (0x00000007abfd4188) 
thrown [s\src\hotspot\share\prims\jni.cpp, line 567]
Event: 10.070 Thread 0x0000028a5c929290 Implicit null exception at 0x0000028a4535aa6d to 0x0000028a4535b0e4
Event: 10.070 Thread 0x0000028a5c929290 Implicit null exception at 0x0000028a451a252d to 0x0000028a451a269c
Event: 10.070 Thread 0x0000028a5c929290 Implicit null exception at 0x0000028a451b1664 to 0x0000028a451b1c54
Event: 10.099 Thread 0x0000028a5c5629f0 Exception <a 'java/lang/ClassNotFoundException'{0x00000007acc97388}: org/gradle/internal/extensibility/DefaultExtraPropertiesExtensionBeanInfo> (0x00000007acc97388) 
thrown [s\src\hotspot\share\classfile\systemDictionary.cpp, line 312]
Event: 10.100 Thread 0x0000028a5c5629f0 Exception <a 'java/lang/ClassNotFoundException'{0x00000007acca1680}: org/gradle/internal/extensibility/DefaultExtraPropertiesExtensionCustomizer> (0x00000007acca1680) 
thrown [s\src\hotspot\share\classfile\systemDictionary.cpp, line 312]
Event: 10.106 Thread 0x0000028a5c928570 Exception <a 'java/lang/NoSuchMethodError'{0x00000007acdd92d8}: 'double java.lang.invoke.DelegatingMethodHandle$Holder.reinvoke_L(java.lang.Object, java.lang.Object)'> (0x00000007acdd92d8) 
thrown [s\src\hotspot\share\interpreter\linkResolver.cpp, line 784]
Event: 10.125 Thread 0x0000028a5c928570 Exception <a 'java/lang/NoSuchMethodError'{0x00000007acde37c8}: 'void java.lang.invoke.DelegatingMethodHandle$Holder.reinvoke_L(java.lang.Object, java.lang.Object, double)'> (0x00000007acde37c8) 
thrown [s\src\hotspot\share\interpreter\linkResolver.cpp, line 784]
Event: 10.125 Thread 0x0000028a5c928570 Exception <a 'java/lang/NoSuchMethodError'{0x00000007acf12c50}: 'double java.lang.invoke.Invokers$Holder.invokeExact_MT(java.lang.Object, java.lang.Object, java.lang.Object)'> (0x00000007acf12c50) 
thrown [s\src\hotspot\share\interpreter\linkResolver.cpp, line 784]
Event: 10.148 Thread 0x0000028a5c928570 Exception <a 'java/lang/UnsatisfiedLinkError'{0x00000007acfb55a8}: The specified procedure could not be found.
> (0x00000007acfb55a8) 
thrown [s\src\hotspot\share\prims\jni.cpp, line 567]
Event: 10.153 Thread 0x0000028a5c928570 Exception <a 'java/lang/UnsatisfiedLinkError'{0x00000007acfb9780}: The specified procedure could not be found.
> (0x00000007acfb9780) 
thrown [s\src\hotspot\share\prims\jni.cpp, line 567]
Event: 10.313 Thread 0x0000028a5c928570 Exception <a 'java/lang/UnsatisfiedLinkError'{0x00000007ad8040d0}: The specified procedure could not be found.
> (0x00000007ad8040d0) 
thrown [s\src\hotspot\share\prims\jni.cpp, line 567]
Event: 10.315 Thread 0x0000028a5c928570 Exception <a 'java/lang/UnsatisfiedLinkError'{0x00000007ad804e60}: The specified procedure could not be found.
> (0x00000007ad804e60) 
thrown [s\src\hotspot\share\prims\jni.cpp, line 567]
Event: 10.324 Thread 0x0000028a5c928570 Exception <a 'java/lang/UnsatisfiedLinkError'{0x00000007ad815498}: The specified procedure could not be found.
> (0x00000007ad815498) 
thrown [s\src\hotspot\share\prims\jni.cpp, line 567]
Event: 10.325 Thread 0x0000028a5c928570 Exception <a 'java/lang/UnsatisfiedLinkError'{0x00000007ad8170b0}: The specified procedure could not be found.
> (0x00000007ad8170b0) 
thrown [s\src\hotspot\share\prims\jni.cpp, line 567]
Event: 10.329 Thread 0x0000028a5c928570 Exception <a 'java/lang/UnsatisfiedLinkError'{0x00000007ad9113e8}: The specified procedure could not be found.
> (0x00000007ad9113e8) 
thrown [s\src\hotspot\share\prims\jni.cpp, line 567]
Event: 10.329 Thread 0x0000028a5c928570 Exception <a 'java/lang/UnsatisfiedLinkError'{0x00000007ad93bf58}: The specified procedure could not be found.
> (0x00000007ad93bf58) 
thrown [s\src\hotspot\share\prims\jni.cpp, line 567]
Event: 10.343 Thread 0x0000028a5c928570 Exception <a 'java/lang/UnsatisfiedLinkError'{0x00000007ada33020}: The specified procedure could not be found.
> (0x00000007ada33020) 
thrown [s\src\hotspot\share\prims\jni.cpp, line 567]
Event: 10.367 Thread 0x0000028a5c928570 Exception <a 'java/lang/UnsatisfiedLinkError'{0x00000007adbf9a18}: The specified procedure could not be found.
> (0x00000007adbf9a18) 
thrown [s\src\hotspot\share\prims\jni.cpp, line 567]

ZGC Phase Switch (0 events):
No events

VM Operations (20 events):
Event: 10.007 Executing VM operation: HandshakeAllThreads (Deoptimize)
Event: 10.007 Executing VM operation: HandshakeAllThreads (Deoptimize) done
Event: 10.051 Executing VM operation: ICBufferFull
Event: 10.051 Executing VM operation: ICBufferFull done
Event: 10.054 Executing VM operation: HandshakeAllThreads (Deoptimize)
Event: 10.060 Executing VM operation: HandshakeAllThreads (Deoptimize) done
Event: 10.156 Executing VM operation: HandshakeAllThreads (Deoptimize)
Event: 10.156 Executing VM operation: HandshakeAllThreads (Deoptimize) done
Event: 10.162 Executing VM operation: HandshakeAllThreads (Deoptimize)
Event: 10.163 Executing VM operation: HandshakeAllThreads (Deoptimize) done
Event: 10.189 Executing VM operation: HandshakeAllThreads (Deoptimize)
Event: 10.207 Executing VM operation: HandshakeAllThreads (Deoptimize) done
Event: 10.297 Executing VM operation: HandshakeAllThreads (Deoptimize)
Event: 10.297 Executing VM operation: HandshakeAllThreads (Deoptimize) done
Event: 10.297 Executing VM operation: ICBufferFull
Event: 10.297 Executing VM operation: ICBufferFull done
Event: 10.419 Executing VM operation: HandshakeAllThreads (Deoptimize)
Event: 10.419 Executing VM operation: HandshakeAllThreads (Deoptimize) done
Event: 10.527 Executing VM operation: ParallelGCFailedAllocation (Allocation Failure)
Event: 10.537 Executing VM operation: ParallelGCFailedAllocation (Allocation Failure) done

Memory protections (0 events):
No events

Nmethod flushes (20 events):
Event: 9.547 Thread 0x0000028a558575d0 flushing  nmethod 0x0000028a3da62590
Event: 9.547 Thread 0x0000028a558575d0 flushing  nmethod 0x0000028a3da63a90
Event: 9.547 Thread 0x0000028a558575d0 flushing  nmethod 0x0000028a3da65210
Event: 9.547 Thread 0x0000028a558575d0 flushing  nmethod 0x0000028a3da67b10
Event: 9.547 Thread 0x0000028a558575d0 flushing  nmethod 0x0000028a3da6f510
Event: 9.547 Thread 0x0000028a558575d0 flushing  nmethod 0x0000028a3dab7110
Event: 9.547 Thread 0x0000028a558575d0 flushing  nmethod 0x0000028a3daedb90
Event: 9.547 Thread 0x0000028a558575d0 flushing  nmethod 0x0000028a3db08210
Event: 9.547 Thread 0x0000028a558575d0 flushing osr nmethod 0x0000028a3db2ce10
Event: 9.547 Thread 0x0000028a558575d0 flushing  nmethod 0x0000028a3db40a10
Event: 9.547 Thread 0x0000028a558575d0 flushing  nmethod 0x0000028a3db73090
Event: 9.547 Thread 0x0000028a558575d0 flushing  nmethod 0x0000028a3db7fb90
Event: 9.547 Thread 0x0000028a558575d0 flushing  nmethod 0x0000028a3db88e10
Event: 9.547 Thread 0x0000028a558575d0 flushing  nmethod 0x0000028a3dc2cf10
Event: 9.547 Thread 0x0000028a558575d0 flushing  nmethod 0x0000028a3dc2d590
Event: 9.547 Thread 0x0000028a558575d0 flushing  nmethod 0x0000028a3dc2d890
Event: 9.547 Thread 0x0000028a558575d0 flushing  nmethod 0x0000028a3dcc9790
Event: 9.547 Thread 0x0000028a558575d0 flushing  nmethod 0x0000028a3dccad10
Event: 9.547 Thread 0x0000028a558575d0 flushing  nmethod 0x0000028a3dcccb10
Event: 9.547 Thread 0x0000028a558575d0 flushing osr nmethod 0x0000028a3dcdd010

Events (20 events):
Event: 5.257 Thread 0x0000028a5c786e00 Thread exited: 0x0000028a5c786e00
Event: 5.637 Thread 0x0000028a558bbc20 Thread added: 0x0000028a5b74e5e0
Event: 5.859 Thread 0x0000028a5b74e5e0 Thread exited: 0x0000028a5b74e5e0
Event: 5.887 Thread 0x0000028a558bbc20 Thread added: 0x0000028a5ef46790
Event: 6.741 Thread 0x0000028a5c5629f0 Thread added: 0x0000028a5c9271c0
Event: 6.747 Thread 0x0000028a5c5629f0 Thread added: 0x0000028a5c9264a0
Event: 6.776 Thread 0x0000028a5c5629f0 Thread added: 0x0000028a5c928570
Event: 6.801 Thread 0x0000028a5c928570 Thread exited: 0x0000028a5c928570
Event: 7.872 Thread 0x0000028a5c5629f0 Thread added: 0x0000028a5c925e10
Event: 8.462 Thread 0x0000028a5ef46790 Thread exited: 0x0000028a5ef46790
Event: 9.097 Thread 0x0000028a558bbc20 Thread added: 0x0000028a5ef46790
Event: 9.131 Thread 0x0000028a5c5629f0 Thread added: 0x0000028a5c928570
Event: 9.164 Thread 0x0000028a5c928570 Thread exited: 0x0000028a5c928570
Event: 9.244 Thread 0x0000028a5c5629f0 Thread added: 0x0000028a5c928570
Event: 9.302 Loaded shared library C:\Users\Mbongeni\AppData\Local\Temp\jna-1116049261\jna9751327331954063325.dll
Event: 9.635 Thread 0x0000028a5c928570 Thread added: 0x0000028a5c928c00
Event: 9.745 Thread 0x0000028a5c5629f0 Thread added: 0x0000028a5c929290
Event: 10.259 Thread 0x0000028a5c5629f0 Thread added: 0x0000028a5c929fb0
Event: 10.473 Thread 0x0000028a5c5629f0 Thread added: 0x0000028a5c92a640
Event: 10.514 Thread 0x0000028a5c5629f0 Thread added: 0x0000028a5c92b360


Dynamic libraries:
0x00007ff643b60000 - 0x00007ff643b6a000 	C:\Program Files\Android\Android Studio1\jbr\bin\java.exe
0x00007ffa73560000 - 0x00007ffa737c9000 	C:\WINDOWS\SYSTEM32\ntdll.dll
0x00007ffa729c0000 - 0x00007ffa72a89000 	C:\WINDOWS\System32\KERNEL32.DLL
0x00007ffa70920000 - 0x00007ffa70d13000 	C:\WINDOWS\System32\KERNELBASE.dll
0x00007ffa70ea0000 - 0x00007ffa70feb000 	C:\WINDOWS\System32\ucrtbase.dll
0x00007ffa6a780000 - 0x00007ffa6a79b000 	C:\Program Files\Android\Android Studio1\jbr\bin\VCRUNTIME140.dll
0x00007ffa60080000 - 0x00007ffa60098000 	C:\Program Files\Android\Android Studio1\jbr\bin\jli.dll
0x00007ffa72390000 - 0x00007ffa72554000 	C:\WINDOWS\System32\USER32.dll
0x00007ffa6f910000 - 0x00007ffa6fba3000 	C:\WINDOWS\WinSxS\amd64_microsoft.windows.common-controls_6595b64144ccf1df_6.0.26100.5074_none_3e0d6f78e32fd63f\COMCTL32.dll
0x00007ffa70d20000 - 0x00007ffa70d47000 	C:\WINDOWS\System32\win32u.dll
0x00007ffa72100000 - 0x00007ffa721a9000 	C:\WINDOWS\System32\msvcrt.dll
0x00007ffa71400000 - 0x00007ffa7142b000 	C:\WINDOWS\System32\GDI32.dll
0x00007ffa70ff0000 - 0x00007ffa7111d000 	C:\WINDOWS\System32\gdi32full.dll
0x00007ffa706f0000 - 0x00007ffa70793000 	C:\WINDOWS\System32\msvcp_win.dll
0x00007ffa71330000 - 0x00007ffa7135f000 	C:\WINDOWS\System32\IMM32.DLL
0x00007ffa6bbd0000 - 0x00007ffa6bbdc000 	C:\Program Files\Android\Android Studio1\jbr\bin\vcruntime140_1.dll
0x00007ffa3c970000 - 0x00007ffa3c9fd000 	C:\Program Files\Android\Android Studio1\jbr\bin\msvcp140.dll
0x00007ff9b2180000 - 0x00007ff9b2e0b000 	C:\Program Files\Android\Android Studio1\jbr\bin\server\jvm.dll
0x00007ffa731f0000 - 0x00007ffa732a4000 	C:\WINDOWS\System32\ADVAPI32.dll
0x00007ffa733f0000 - 0x00007ffa73496000 	C:\WINDOWS\System32\sechost.dll
0x00007ffa727c0000 - 0x00007ffa728d8000 	C:\WINDOWS\System32\RPCRT4.dll
0x00007ffa72560000 - 0x00007ffa725d4000 	C:\WINDOWS\System32\WS2_32.dll
0x00007ffa70570000 - 0x00007ffa705ce000 	C:\WINDOWS\SYSTEM32\POWRPROF.dll
0x00007ffa6d430000 - 0x00007ffa6d465000 	C:\WINDOWS\SYSTEM32\WINMM.dll
0x00007ffa62940000 - 0x00007ffa6294b000 	C:\WINDOWS\SYSTEM32\VERSION.dll
0x00007ffa70530000 - 0x00007ffa70544000 	C:\WINDOWS\SYSTEM32\UMPDC.dll
0x00007ffa6eb70000 - 0x00007ffa6eb8b000 	C:\WINDOWS\SYSTEM32\kernel.appcore.dll
0x00007ffa6bb90000 - 0x00007ffa6bb9a000 	C:\Program Files\Android\Android Studio1\jbr\bin\jimage.dll
0x00007ffa6fec0000 - 0x00007ffa70102000 	C:\WINDOWS\SYSTEM32\DBGHELP.DLL
0x00007ffa71cc0000 - 0x00007ffa7203b000 	C:\WINDOWS\System32\combase.dll
0x00007ffa728e0000 - 0x00007ffa729b7000 	C:\WINDOWS\System32\OLEAUT32.dll
0x00007ffa6fdb0000 - 0x00007ffa6fded000 	C:\WINDOWS\SYSTEM32\dbgcore.DLL
0x00007ffa71120000 - 0x00007ffa711b9000 	C:\WINDOWS\System32\bcryptPrimitives.dll
0x00007ffa5fde0000 - 0x00007ffa5fdee000 	C:\Program Files\Android\Android Studio1\jbr\bin\instrument.dll
0x00007ffa63610000 - 0x00007ffa63630000 	C:\Program Files\Android\Android Studio1\jbr\bin\java.dll
0x00007ffa611d0000 - 0x00007ffa611e8000 	C:\Program Files\Android\Android Studio1\jbr\bin\zip.dll
0x00007ffa72a90000 - 0x00007ffa731dd000 	C:\WINDOWS\System32\SHELL32.dll
0x00007ffa711c0000 - 0x00007ffa7132c000 	C:\WINDOWS\System32\wintypes.dll
0x00007ffa6da40000 - 0x00007ffa6e299000 	C:\WINDOWS\SYSTEM32\windows.storage.dll
0x00007ffa71bb0000 - 0x00007ffa71ca0000 	C:\WINDOWS\System32\SHCORE.dll
0x00007ffa719c0000 - 0x00007ffa71a22000 	C:\WINDOWS\System32\shlwapi.dll
0x00007ffa70610000 - 0x00007ffa70639000 	C:\WINDOWS\SYSTEM32\profapi.dll
0x00007ffa6a8b0000 - 0x00007ffa6a8c0000 	C:\Program Files\Android\Android Studio1\jbr\bin\net.dll
0x00007ffa626d0000 - 0x00007ffa627ef000 	C:\WINDOWS\SYSTEM32\WINHTTP.dll
0x00007ffa6f150000 - 0x00007ffa6f1bb000 	C:\WINDOWS\system32\mswsock.dll
0x00007ffa60d60000 - 0x00007ffa60d76000 	C:\Program Files\Android\Android Studio1\jbr\bin\nio.dll
0x00007ffa6a770000 - 0x00007ffa6a780000 	C:\Program Files\Android\Android Studio1\jbr\bin\verify.dll
0x00007ffa40870000 - 0x00007ffa40897000 	C:\Users\Mbongeni\.gradle\native\1def1411415f61bf3af743bc5b6707747c0891f09f0c88961ee8f79bc544acac\windows-amd64\native-platform.dll
0x00007ffa3c8f0000 - 0x00007ffa3c968000 	C:\Users\Mbongeni\.gradle\native\0.2.7\x86_64-windows-gnu\gradle-fileevents.dll
0x00007ffa60c10000 - 0x00007ffa60c19000 	C:\Program Files\Android\Android Studio1\jbr\bin\management.dll
0x00007ffa60be0000 - 0x00007ffa60beb000 	C:\Program Files\Android\Android Studio1\jbr\bin\management_ext.dll
0x00007ffa731e0000 - 0x00007ffa731e8000 	C:\WINDOWS\System32\PSAPI.DLL
0x00007ffa6e600000 - 0x00007ffa6e634000 	C:\WINDOWS\SYSTEM32\IPHLPAPI.DLL
0x00007ffa721e0000 - 0x00007ffa721ea000 	C:\WINDOWS\System32\NSI.dll
0x00007ffa6a6e0000 - 0x00007ffa6a6e9000 	C:\Program Files\Android\Android Studio1\jbr\bin\extnet.dll
0x00007ffa70230000 - 0x00007ffa7024b000 	C:\WINDOWS\SYSTEM32\CRYPTSP.dll
0x00007ffa6eee0000 - 0x00007ffa6ef1b000 	C:\WINDOWS\system32\rsaenh.dll
0x00007ffa6f1f0000 - 0x00007ffa6f21b000 	C:\WINDOWS\SYSTEM32\USERENV.dll
0x00007ffa705e0000 - 0x00007ffa70606000 	C:\WINDOWS\SYSTEM32\bcrypt.dll
0x00007ffa6f3f0000 - 0x00007ffa6f3fc000 	C:\WINDOWS\SYSTEM32\CRYPTBASE.dll
0x00007ffa4ebe0000 - 0x00007ffa4ebe8000 	C:\WINDOWS\system32\wshunix.dll
0x00007ffa31030000 - 0x00007ffa31048000 	C:\WINDOWS\system32\napinsp.dll
0x00007ffa6e6a0000 - 0x00007ffa6e7c6000 	C:\WINDOWS\SYSTEM32\DNSAPI.dll
0x00007ffa31410000 - 0x00007ffa31422000 	C:\WINDOWS\System32\winrnr.dll
0x00007ffa313e0000 - 0x00007ffa31408000 	C:\WINDOWS\system32\nlansp_c.dll
0x00007ffa62840000 - 0x00007ffa62856000 	C:\WINDOWS\system32\wshbth.dll
0x00007ffa62c70000 - 0x00007ffa62c7b000 	C:\Windows\System32\rasadhlp.dll
0x00007ffa61090000 - 0x00007ffa61116000 	C:\WINDOWS\System32\fwpuclnt.dll
0x00007ffa3c8a0000 - 0x00007ffa3c8e9000 	C:\Users\Mbongeni\AppData\Local\Temp\jna-1116049261\jna9751327331954063325.dll
0x00007ffa721f0000 - 0x00007ffa72388000 	C:\WINDOWS\System32\Ole32.dll
0x00007ffa72040000 - 0x00007ffa720f1000 	C:\WINDOWS\System32\clbcatq.dll
0x00007ffa41e00000 - 0x00007ffa41e1d000 	C:\WINDOWS\SYSTEM32\amsi.dll
0x00007ffa41d60000 - 0x00007ffa41e00000 	C:\ProgramData\Microsoft\Windows Defender\Platform\4.18.25070.5-0\MpOav.dll

dbghelp: loaded successfully - version: 4.0.5 - missing functions: none
symbol engine: initialized successfully - sym options: 0x614 - pdb path: .;C:\Program Files\Android\Android Studio1\jbr\bin;C:\WINDOWS\SYSTEM32;C:\WINDOWS\WinSxS\amd64_microsoft.windows.common-controls_6595b64144ccf1df_6.0.26100.5074_none_3e0d6f78e32fd63f;C:\Program Files\Android\Android Studio1\jbr\bin\server;C:\Users\Mbongeni\.gradle\native\1def1411415f61bf3af743bc5b6707747c0891f09f0c88961ee8f79bc544acac\windows-amd64;C:\Users\Mbongeni\.gradle\native\0.2.7\x86_64-windows-gnu;C:\Users\Mbongeni\AppData\Local\Temp\jna-1116049261;C:\ProgramData\Microsoft\Windows Defender\Platform\4.18.25070.5-0

VM Arguments:
jvm_args: --add-opens=java.base/java.lang=ALL-UNNAMED --add-opens=java.base/java.lang.invoke=ALL-UNNAMED --add-opens=java.base/java.util=ALL-UNNAMED --add-opens=java.prefs/java.util.prefs=ALL-UNNAMED --add-exports=jdk.compiler/com.sun.tools.javac.api=ALL-UNNAMED --add-exports=jdk.compiler/com.sun.tools.javac.util=ALL-UNNAMED --add-opens=java.base/java.util=ALL-UNNAMED --add-opens=java.prefs/java.util.prefs=ALL-UNNAMED --add-opens=java.base/java.nio.charset=ALL-UNNAMED --add-opens=java.base/java.net=ALL-UNNAMED --add-opens=java.base/java.util.concurrent.atomic=ALL-UNNAMED --add-opens=java.xml/javax.xml.namespace=ALL-UNNAMED -XX:+UseParallelGC -Xmx4g -Dfile.encoding=UTF-8 -Duser.country=CN -Duser.language=zh -Duser.variant -javaagent:C:\Users\Mbongeni\.gradle\wrapper\dists\gradle-8.14.2-bin\2pb3mgt1p815evrl3weanttgr\gradle-8.14.2\lib\agents\gradle-instrumentation-agent-8.14.2.jar 
java_command: org.gradle.launcher.daemon.bootstrap.GradleDaemon 8.14.2
java_class_path (initial): C:\Users\Mbongeni\.gradle\wrapper\dists\gradle-8.14.2-bin\2pb3mgt1p815evrl3weanttgr\gradle-8.14.2\lib\gradle-daemon-main-8.14.2.jar
Launcher Type: SUN_STANDARD

[Global flags]
     intx CICompilerCount                          = 3                                         {product} {ergonomic}
   size_t InitialHeapSize                          = 132120576                                 {product} {ergonomic}
   size_t MaxHeapSize                              = 4294967296                                {product} {command line}
   size_t MaxNewSize                               = 1431306240                                {product} {ergonomic}
   size_t MinHeapDeltaBytes                        = 524288                                    {product} {ergonomic}
   size_t MinHeapSize                              = 8388608                                   {product} {ergonomic}
   size_t NewSize                                  = 44040192                                  {product} {ergonomic}
    uintx NonNMethodCodeHeapSize                   = 5832780                                {pd product} {ergonomic}
    uintx NonProfiledCodeHeapSize                  = 122912730                              {pd product} {ergonomic}
   size_t OldSize                                  = 88080384                                  {product} {ergonomic}
    uintx ProfiledCodeHeapSize                     = 122912730                              {pd product} {ergonomic}
    uintx ReservedCodeCacheSize                    = 251658240                              {pd product} {ergonomic}
     bool SegmentedCodeCache                       = true                                      {product} {ergonomic}
   size_t SoftMaxHeapSize                          = 4294967296                             {manageable} {ergonomic}
     bool UseCompressedOops                        = true                           {product lp64_product} {ergonomic}
     bool UseLargePagesIndividualAllocation        = false                                  {pd product} {ergonomic}
     bool UseParallelGC                            = true                                      {product} {command line}

Logging:
Log output configuration:
 #0: stdout all=warning uptime,level,tags foldmultilines=false
 #1: stderr all=off uptime,level,tags foldmultilines=false

Environment Variables:
PATH=C:\Program Files\Common Files\Oracle\Java\javapath;C:\Windows\System32\HWAudioDriverLibs;C:\Windows\system32;C:\Windows;C:\Windows\System32\Wbem;C:\Windows\System32\WindowsPowerShell\v1.0\;C:\Windows\System32\OpenSSH\;C:\Windows\system32\config\systemprofile\AppData\Local\Microsoft\WindowsApps;C:\WINDOWS\system32;C:\WINDOWS;C:\WINDOWS\System32\Wbem;C:\WINDOWS\System32\WindowsPowerShell\v1.0\;C:\WINDOWS\System32\OpenSSH\;C:\Program Files\nodejs\;C:\Program Files\apache-maven-3.9.9\bin;C:\Program Files\Microsoft SQL Server\150\Tools\Binn\;C:\Users\Mbongeni\Downloads\ffmpeg-2025-04-14-git-3b2a9410ef-full_build\ffmpeg-2025-04-14-git-3b2a9410ef-full_build\bin;C:\platform-tools;C:\xampp\php;C:\ProgramData\ComposerSetup\bin;C:\dev\flutter\bin;C:\Program Files\Git\cmd;C:\ProgramData\chocolatey\bin;C:\Users\Mbongeni\AppData\Local\Microsoft\WindowsApps;C:\Users\Mbongeni\AppData\Local\Programs\Microsoft VS Code\bin;C:\Users\Mbongeni\AppData\Roaming\npm;C:\Users\Mbongeni\AppData\Local\GitHubDesktop\bin;C:\Users\Mbongeni\.dotnet\tools;C:\msys64\ucrt64\bin;C:\Users\Mbongeni\AppData\Roaming\Composer\vendor\bin;C:\Users\Mbongeni\AppData\Local\Android\Sdk\cmdline-tools\latest\bin;C:\Users\Mbongeni\AppData\Local\Android\Sdk\platform-tools;C:\Users\Mbongeni\AppData\Local\Android\Sdk\cmake\4.1.0\bin;C:\Users\Mbongeni\AppData\Local\Android\Sdk\ndk\29.0.13846066;;C:\tools\dart-sdk\bin;C:\Users\Mbongeni\AppData\Local\Pub\Cache\bin
USERNAME=Mbongeni
OS=Windows_NT
PROCESSOR_IDENTIFIER=Intel64 Family 6 Model 142 Stepping 12, GenuineIntel
TMP=C:\Users\Mbongeni\AppData\Local\Temp
TEMP=C:\Users\Mbongeni\AppData\Local\Temp




Periodic native trim disabled

JNI global refs:
JNI global refs: 26, weak refs: 45

JNI global refs memory usage: 835, weak refs: 833

Process memory usage:
Resident Set Size: 353304K (4% of 8218416K total physical memory with 1170060K free physical memory)

OOME stack traces (most recent first):
Classloader memory used:
Loader bootstrap                                                                       : 26338K
Loader org.gradle.internal.classloader.VisitableURLClassLoader                         : 26157K
Loader org.gradle.internal.classloader.VisitableURLClassLoader$InstrumentingVisitableURLClassLoader: 8384K
Loader org.gradle.initialization.MixInLegacyTypesClassLoader                           : 6014K
Loader jdk.internal.loader.ClassLoaders$PlatformClassLoader                            : 792K
Loader jdk.internal.reflect.DelegatingClassLoader                                      : 342K
Loader jdk.internal.loader.ClassLoaders$AppClassLoader                                 : 236K
Loader org.gradle.internal.classloader.VisitableURLClassLoader                         : 6848B

Classes loaded by more than one classloader:
Class org.gradle.internal.classloader.FilteringClassLoader                            : loaded 2 times (x 101B)
Class org.gradle.internal.classloader.ClassLoaderHierarchy                            : loaded 2 times (x 66B)
Class org.gradle.api.internal.classpath.ManifestUtil                                  : loaded 2 times (x 67B)
Class org.gradle.internal.classloader.DefaultClassLoaderFactory                       : loaded 2 times (x 78B)
Class org.gradle.internal.classloader.ClassLoaderVisitor                              : loaded 2 times (x 72B)
Class org.gradle.api.internal.classpath.EffectiveClassPath                            : loaded 2 times (x 86B)
Class org.gradle.api.internal.DefaultClassPathProvider                                : loaded 2 times (x 72B)
Class [Lorg.gradle.api.internal.ClassPathProvider;                                    : loaded 2 times (x 65B)
Class org.gradle.api.internal.ClassPathProvider                                       : loaded 2 times (x 66B)
Class org.gradle.internal.service.UnknownServiceException                             : loaded 2 times (x 79B)
Class org.gradle.internal.classpath.TransformedClassPath                              : loaded 2 times (x 92B)
Class org.gradle.internal.classloader.InstrumentingClassLoader                        : loaded 2 times (x 66B)
Class org.gradle.internal.service.ServiceLocator                                      : loaded 2 times (x 66B)
Class org.gradle.internal.InternalTransformer                                         : loaded 2 times (x 66B)
Class org.gradle.internal.classloader.ClasspathUtil$1                                 : loaded 2 times (x 72B)
Class org.gradle.api.internal.classpath.DefaultModuleRegistry$DefaultModule           : loaded 2 times (x 82B)
Class org.gradle.api.internal.classpath.Module                                        : loaded 2 times (x 66B)
Class org.gradle.api.internal.classpath.UnknownModuleException                        : loaded 2 times (x 78B)
Class org.gradle.api.internal.DefaultClassPathRegistry                                : loaded 2 times (x 72B)
Class org.gradle.api.internal.ClassPathRegistry                                       : loaded 2 times (x 66B)
Class org.gradle.internal.classpath.DefaultClassPath$ImmutableUniqueList              : loaded 2 times (x 195B)
Class org.gradle.internal.classpath.ClassPath                                         : loaded 2 times (x 66B)
Class org.gradle.api.UncheckedIOException                                             : loaded 2 times (x 78B)
Class org.gradle.internal.installation.GradleInstallation$1                           : loaded 2 times (x 71B)
Class org.gradle.api.internal.classpath.ModuleRegistry                                : loaded 2 times (x 66B)
Class org.gradle.api.internal.classpath.DefaultModuleRegistry                         : loaded 2 times (x 82B)
Class org.gradle.internal.service.ServiceLookupException                              : loaded 2 times (x 78B)
Class org.gradle.internal.classloader.ClassLoaderFactory                              : loaded 2 times (x 66B)
Class org.gradle.internal.service.CachingServiceLocator                               : loaded 2 times (x 78B)
Class org.gradle.internal.classloader.ClasspathUtil                                   : loaded 2 times (x 67B)
Class org.gradle.api.specs.Spec                                                       : loaded 2 times (x 66B)
Class org.gradle.internal.classloader.VisitableURLClassLoader$InstrumentingVisitableURLClassLoader: loaded 2 times (x 119B)
Class org.gradle.internal.classloader.VisitableURLClassLoader$Spec                    : loaded 2 times (x 70B)
Class org.gradle.internal.classpath.DefaultClassPath                                  : loaded 2 times (x 86B)
Class org.gradle.internal.classloader.ClassLoaderSpec                                 : loaded 2 times (x 67B)
Class org.gradle.internal.classloader.VisitableURLClassLoader                         : loaded 2 times (x 113B)
Class org.gradle.internal.Cast                                                        : loaded 2 times (x 67B)
Class org.gradle.api.Action                                                           : loaded 2 times (x 66B)
Class org.gradle.internal.classpath.DefaultClassPath$ImmutableUniqueList$Builder      : loaded 2 times (x 71B)
Class org.gradle.api.GradleException                                                  : loaded 2 times (x 78B)
Class org.gradle.internal.IoActions                                                   : loaded 2 times (x 67B)
Class org.gradle.internal.classloader.SystemClassLoaderSpec                           : loaded 2 times (x 67B)
Class org.gradle.api.internal.classpath.GlobalCacheRootsProvider                      : loaded 2 times (x 66B)
Class org.gradle.internal.installation.CurrentGradleInstallationLocator               : loaded 2 times (x 67B)
Class org.gradle.internal.service.DefaultServiceLocator                               : loaded 2 times (x 79B)
Class org.gradle.internal.installation.CurrentGradleInstallation                      : loaded 2 times (x 69B)
Class org.gradle.util.internal.GUtil                                                  : loaded 2 times (x 67B)
Class org.gradle.internal.installation.GradleInstallation                             : loaded 2 times (x 71B)

---------------  S Y S T E M  ---------------

OS:
 Windows 11 , 64 bit Build 26100 (10.0.26100.5074)
OS uptime: 0 days 22:08 hours
Hyper-V role detected

CPU: total 4 (initial active 4) (2 cores per cpu, 2 threads per core) family 6 model 142 stepping 12 microcode 0xde, cx8, cmov, fxsr, ht, mmx, 3dnowpref, sse, sse2, sse3, ssse3, sse4.1, sse4.2, popcnt, lzcnt, tsc, tscinvbit, avx, avx2, aes, erms, clmul, bmi1, bmi2, adx, fma, vzeroupper, clflush, clflushopt, hv, rdtscp, f16c
Processor Information for the first 4 processors :
  Max Mhz: 2592, Current Mhz: 2592, Mhz Limit: 2073

Memory: 4k page, system-wide physical 8025M (1135M free)
TotalPageFile size 12864M (AvailPageFile size 5M)
current process WorkingSet (physical memory assigned to process): 345M, peak: 345M
current process commit charge ("private bytes"): 539M, peak: 541M

vm_info: OpenJDK 64-Bit Server VM (21.0.6+-13391695-b895.109) for windows-amd64 JRE (21.0.6+-13391695-b895.109), built on 2025-04-22T21:19:17Z by "builder" with MS VC++ 16.10 / 16.11 (VS2019)

END.
