#
# There is insufficient memory for the Java Runtime Environment to continue.
# Native memory allocation (malloc) failed to allocate 1048576 bytes. Error detail: AllocateHeap
# Possible reasons:
#   The system is out of physical RAM or swap space
#   This process is running with CompressedOops enabled, and the Java Heap may be blocking the growth of the native heap
# Possible solutions:
#   Reduce memory load on the system
#   Increase physical memory or swap space
#   Check if swap backing store is full
#   Decrease Java heap size (-Xmx/-Xms)
#   Decrease number of Java threads
#   Decrease Java thread stack sizes (-Xss)
#   Set larger code cache with -XX:ReservedCodeCacheSize=
#   JVM is running with Unscaled Compressed Oops mode in which the Java heap is
#     placed in the first 4GB address space. The Java Heap base address is the
#     maximum limit for the native heap growth. Please use -XX:HeapBaseMinAddress
#     to set the Java Heap base and to place the Java Heap above 4GB virtual address.
# This output file may be truncated or incomplete.
#
#  Out of Memory Error (allocation.cpp:44), pid=3384, tid=14892
#
# JRE version: OpenJDK Runtime Environment Temurin-21.0.8+9 (21.0.8+9) (build 21.0.8+9-LTS)
# Java VM: OpenJDK 64-Bit Server VM Temurin-21.0.8+9 (21.0.8+9-LTS, mixed mode, sharing, tiered, compressed oops, compressed class ptrs, parallel gc, windows-amd64)
# No core dump will be written. Minidumps are not enabled by default on client versions of Windows
#

---------------  S U M M A R Y ------------

Command Line: --add-modules=ALL-SYSTEM --add-opens=java.base/java.util=ALL-UNNAMED --add-opens=java.base/java.lang=ALL-UNNAMED --add-opens=java.base/sun.nio.fs=ALL-UNNAMED -Declipse.application=org.eclipse.jdt.ls.core.id1 -Dosgi.bundles.defaultStartLevel=4 -Declipse.product=org.eclipse.jdt.ls.core.product -Djava.import.generatesMetadataFilesAtProjectRoot=false -DDetectVMInstallationsJob.disabled=true -Dfile.encoding=utf8 -XX:+UseParallelGC -XX:GCTimeRatio=4 -XX:AdaptiveSizePolicyWeight=90 -Dsun.zip.disableMemoryMapping=true -Xmx2G -Xms100m -Xlog:disable -javaagent:c:\Users\Mbongeni\.vscode\extensions\redhat.java-1.44.0-win32-x64\lombok\lombok-1.18.39-4050.jar -XX:+HeapDumpOnOutOfMemoryError -XX:HeapDumpPath=c:\Users\Mbongeni\AppData\Roaming\Code\User\workspaceStorage\ef74e7678aef6e06bdf5ee0347e17d0b\redhat.java -Daether.dependencyCollector.impl=bf c:\Users\Mbongeni\.vscode\extensions\redhat.java-1.44.0-win32-x64\server\plugins\org.eclipse.equinox.launcher_1.7.0.v20250519-0528.jar -configuration c:\Users\Mbongeni\AppData\Roaming\Code\User\globalStorage\redhat.java\1.44.0\config_win -data c:\Users\Mbongeni\AppData\Roaming\Code\User\workspaceStorage\ef74e7678aef6e06bdf5ee0347e17d0b\redhat.java\jdt_ws --pipe=\\.\pipe\lsp-f8b2dcdf73676a9c4b429651d6578400-sock

Host: Intel(R) Core(TM) i3-10110U CPU @ 2.10GHz, 4 cores, 7G,  Windows 11 , 64 bit Build 26100 (10.0.26100.4768)
Time: Wed Aug 20 15:51:19 2025 South Africa Standard Time elapsed time: 7693.938238 seconds (0d 2h 8m 13s)

---------------  T H R E A D  ---------------

Current thread (0x00000263a4d809c0):  JavaThread "Attach Listener" daemon [_thread_in_vm, id=14892, stack(0x000000ec35c00000,0x000000ec35d00000) (1024K)]

Stack: [0x000000ec35c00000,0x000000ec35d00000]
Native frames: (J=compiled Java code, j=interpreted, Vv=VM code, C=native code)
V  [jvm.dll+0x6d2449]
V  [jvm.dll+0x8ae341]
V  [jvm.dll+0x8b08be]
V  [jvm.dll+0x8b0fa3]
V  [jvm.dll+0x280c96]
V  [jvm.dll+0xc0347]
V  [jvm.dll+0x6d2cf9]
V  [jvm.dll+0x131116]
V  [jvm.dll+0x3f2d16]
V  [jvm.dll+0x857e6b]
V  [jvm.dll+0x6d0b0d]
C  [ucrtbase.dll+0x37b0]
C  [KERNEL32.DLL+0x2e8d7]
C  [ntdll.dll+0x3c34c]


---------------  P R O C E S S  ---------------

Threads class SMR info:
_java_thread_list=0x00000263eb194610, length=38, elements={
0x000002638e39c1e0, 0x000002638e458e40, 0x000002638e45b410, 0x00000263a4d7ff70,
0x00000263a4d809c0, 0x00000263a4d81610, 0x00000263a4d853b0, 0x00000263a4d86130,
0x00000263a4dfb090, 0x000002638e40cfc0, 0x00000263e6d344a0, 0x00000263eb4e5020,
0x00000263e6ddc010, 0x00000263e6b36200, 0x00000263eb27dc60, 0x00000263e6db3ca0,
0x00000263e6daa1c0, 0x00000263a4e0e2e0, 0x00000263a4e0dc50, 0x00000263a4e0cf30,
0x00000263a4e0e970, 0x00000263ebc5b730, 0x00000263ebc5bdc0, 0x00000263ebc5d800,
0x00000263ebc5a380, 0x00000263ebc5de90, 0x00000263ebc5f240, 0x00000263ebc5e520,
0x00000263ebc5ebb0, 0x00000263ebc605f0, 0x00000263ebc5f8d0, 0x00000263ebc619a0,
0x00000263ef3a94f0, 0x00000263ef3a6070, 0x00000263ef3a9b80, 0x00000263ef3a7420,
0x00000263ef3a6d90, 0x00000263ef3a87d0
}

Java Threads: ( => current thread )
  0x000002638e39c1e0 JavaThread "main"                              [_thread_blocked, id=6824, stack(0x000000ec35500000,0x000000ec35600000) (1024K)]
  0x000002638e458e40 JavaThread "Reference Handler"          daemon [_thread_blocked, id=8988, stack(0x000000ec35900000,0x000000ec35a00000) (1024K)]
  0x000002638e45b410 JavaThread "Finalizer"                  daemon [_thread_blocked, id=14700, stack(0x000000ec35a00000,0x000000ec35b00000) (1024K)]
  0x00000263a4d7ff70 JavaThread "Signal Dispatcher"          daemon [_thread_blocked, id=8964, stack(0x000000ec35b00000,0x000000ec35c00000) (1024K)]
=>0x00000263a4d809c0 JavaThread "Attach Listener"            daemon [_thread_in_vm, id=14892, stack(0x000000ec35c00000,0x000000ec35d00000) (1024K)]
  0x00000263a4d81610 JavaThread "Service Thread"             daemon [_thread_blocked, id=6800, stack(0x000000ec35d00000,0x000000ec35e00000) (1024K)]
  0x00000263a4d853b0 JavaThread "Monitor Deflation Thread"   daemon [_thread_blocked, id=9736, stack(0x000000ec35e00000,0x000000ec35f00000) (1024K)]
  0x00000263a4d86130 JavaThread "C2 CompilerThread0"         daemon [_thread_blocked, id=14136, stack(0x000000ec35f00000,0x000000ec36000000) (1024K)]
  0x00000263a4dfb090 JavaThread "C1 CompilerThread0"         daemon [_thread_blocked, id=1088, stack(0x000000ec36000000,0x000000ec36100000) (1024K)]
  0x000002638e40cfc0 JavaThread "Common-Cleaner"             daemon [_thread_blocked, id=792, stack(0x000000ec36100000,0x000000ec36200000) (1024K)]
  0x00000263e6d344a0 JavaThread "Notification Thread"        daemon [_thread_blocked, id=9148, stack(0x000000ec36200000,0x000000ec36300000) (1024K)]
  0x00000263eb4e5020 JavaThread "Active Thread: Equinox Container: f206b1ab-4dd1-428a-aa4f-5b9d25d62115"        [_thread_blocked, id=14404, stack(0x000000ec36300000,0x000000ec36400000) (1024K)]
  0x00000263e6ddc010 JavaThread "Refresh Thread: Equinox Container: f206b1ab-4dd1-428a-aa4f-5b9d25d62115" daemon [_thread_blocked, id=2464, stack(0x000000ec36700000,0x000000ec36800000) (1024K)]
  0x00000263e6b36200 JavaThread "Framework Event Dispatcher: Equinox Container: f206b1ab-4dd1-428a-aa4f-5b9d25d62115" daemon [_thread_blocked, id=10732, stack(0x000000ec36800000,0x000000ec36900000) (1024K)]
  0x00000263eb27dc60 JavaThread "Start Level: Equinox Container: f206b1ab-4dd1-428a-aa4f-5b9d25d62115" daemon [_thread_blocked, id=2856, stack(0x000000ec36900000,0x000000ec36a00000) (1024K)]
  0x00000263e6db3ca0 JavaThread "Bundle File Closer"         daemon [_thread_blocked, id=7432, stack(0x000000ec36a00000,0x000000ec36b00000) (1024K)]
  0x00000263e6daa1c0 JavaThread "SCR Component Actor"        daemon [_thread_blocked, id=12512, stack(0x000000ec35300000,0x000000ec35400000) (1024K)]
  0x00000263a4e0e2e0 JavaThread "Worker-JM"                         [_thread_blocked, id=5572, stack(0x000000ec36b00000,0x000000ec36c00000) (1024K)]
  0x00000263a4e0dc50 JavaThread "JNA Cleaner"                daemon [_thread_blocked, id=15184, stack(0x000000ec36c00000,0x000000ec36d00000) (1024K)]
  0x00000263a4e0cf30 JavaThread "Worker-1"                          [_thread_blocked, id=7988, stack(0x000000ec36e00000,0x000000ec36f00000) (1024K)]
  0x00000263a4e0e970 JavaThread "Java indexing"              daemon [_thread_blocked, id=9380, stack(0x000000ec36f00000,0x000000ec37000000) (1024K)]
  0x00000263ebc5b730 JavaThread "Thread-3"                   daemon [_thread_in_native, id=11536, stack(0x000000ec37a00000,0x000000ec37b00000) (1024K)]
  0x00000263ebc5bdc0 JavaThread "Thread-4"                   daemon [_thread_in_native, id=10072, stack(0x000000ec37b00000,0x000000ec37c00000) (1024K)]
  0x00000263ebc5d800 JavaThread "Thread-5"                   daemon [_thread_in_native, id=8800, stack(0x000000ec37c00000,0x000000ec37d00000) (1024K)]
  0x00000263ebc5a380 JavaThread "Thread-6"                   daemon [_thread_in_native, id=10396, stack(0x000000ec37d00000,0x000000ec37e00000) (1024K)]
  0x00000263ebc5de90 JavaThread "Thread-7"                   daemon [_thread_in_native, id=8492, stack(0x000000ec37e00000,0x000000ec37f00000) (1024K)]
  0x00000263ebc5f240 JavaThread "pool-2-thread-1"                   [_thread_blocked, id=9416, stack(0x000000ec37f00000,0x000000ec38000000) (1024K)]
  0x00000263ebc5e520 JavaThread "WorkspaceEventsHandler"            [_thread_blocked, id=3168, stack(0x000000ec38000000,0x000000ec38100000) (1024K)]
  0x00000263ebc5ebb0 JavaThread "pool-1-thread-1"                   [_thread_blocked, id=12856, stack(0x000000ec38100000,0x000000ec38200000) (1024K)]
  0x00000263ebc605f0 JavaThread "Timer-0"                           [_thread_blocked, id=5720, stack(0x000000ec38600000,0x000000ec38700000) (1024K)]
  0x00000263ebc5f8d0 JavaThread "Timer-1"                           [_thread_blocked, id=11152, stack(0x000000ec38400000,0x000000ec38500000) (1024K)]
  0x00000263ebc619a0 JavaThread "Timer-2"                           [_thread_blocked, id=8156, stack(0x000000ec38800000,0x000000ec38900000) (1024K)]
  0x00000263ef3a94f0 JavaThread "Timer-3"                           [_thread_blocked, id=8268, stack(0x000000ec37400000,0x000000ec37500000) (1024K)]
  0x00000263ef3a6070 JavaThread "Timer-4"                           [_thread_blocked, id=1172, stack(0x000000ec38700000,0x000000ec38800000) (1024K)]
  0x00000263ef3a9b80 JavaThread "Timer-5"                           [_thread_blocked, id=16048, stack(0x000000ec35400000,0x000000ec35500000) (1024K)]
  0x00000263ef3a7420 JavaThread "Timer-6"                           [_thread_blocked, id=9444, stack(0x000000ec36d00000,0x000000ec36e00000) (1024K)]
  0x00000263ef3a6d90 JavaThread "Timer-7"                           [_thread_blocked, id=3768, stack(0x000000ec37200000,0x000000ec37300000) (1024K)]
  0x00000263ef3a87d0 JavaThread "Worker-12"                         [_thread_blocked, id=17716, stack(0x000000ec37000000,0x000000ec37100000) (1024K)]
Total: 38

Other Threads:
  0x00000263a4d7e0d0 VMThread "VM Thread"                           [id=9900, stack(0x000000ec35800000,0x000000ec35900000) (1024K)]
  0x00000263a4d1ca00 WatcherThread "VM Periodic Task Thread"        [id=7756, stack(0x000000ec35700000,0x000000ec35800000) (1024K)]
  0x000002638e3ba910 WorkerThread "GC Thread#0"                     [id=13884, stack(0x000000ec35600000,0x000000ec35700000) (1024K)]
  0x00000263eb24a400 WorkerThread "GC Thread#1"                     [id=7380, stack(0x000000ec36400000,0x000000ec36500000) (1024K)]
  0x00000263eb244390 WorkerThread "GC Thread#2"                     [id=11680, stack(0x000000ec36500000,0x000000ec36600000) (1024K)]
  0x00000263eb243510 WorkerThread "GC Thread#3"                     [id=15060, stack(0x000000ec36600000,0x000000ec36700000) (1024K)]
Total: 6

Threads with active compile tasks:
Total: 0

VM state: not at safepoint (normal execution)

VM Mutex/Monitor currently owned by a thread: None

Heap address: 0x0000000080000000, size: 2048 MB, Compressed Oops mode: 32-bit

CDS archive(s) mapped at: [0x00000263a5000000-0x00000263a5ba0000-0x00000263a5ba0000), size 12189696, SharedBaseAddress: 0x00000263a5000000, ArchiveRelocationMode: 1.
Compressed class space mapped at: 0x00000263a6000000-0x00000263e6000000, reserved size: 1073741824
Narrow klass base: 0x00000263a5000000, Narrow klass shift: 0, Narrow klass range: 0x100000000

GC Precious Log:
 CardTable entry size: 512
 CPUs: 4 total, 4 available
 Memory: 8025M
 Large Page Support: Disabled
 NUMA Support: Disabled
 Compressed Oops: Enabled (32-bit)
 Alignments: Space 512K, Generation 512K, Heap 2M
 Heap Min Capacity: 100M
 Heap Initial Capacity: 100M
 Heap Max Capacity: 2G
 Pre-touch: Disabled
 Parallel Workers: 4

Heap:
 PSYoungGen      total 6144K, used 4733K [0x00000000d5580000, 0x00000000d5e80000, 0x0000000100000000)
  eden space 5632K, 81% used [0x00000000d5580000,0x00000000d59ff7d8,0x00000000d5b00000)
  from space 512K, 25% used [0x00000000d5e00000,0x00000000d5e20000,0x00000000d5e80000)
  to   space 512K, 0% used [0x00000000d5d80000,0x00000000d5d80000,0x00000000d5e00000)
 ParOldGen       total 94208K, used 94019K [0x0000000080000000, 0x0000000085c00000, 0x00000000d5580000)
  object space 94208K, 99% used [0x0000000080000000,0x0000000085bd0fb0,0x0000000085c00000)
 Metaspace       used 77464K, committed 79168K, reserved 1179648K
  class space    used 9540K, committed 10304K, reserved 1048576K

Card table byte_map: [0x000002638dd40000,0x000002638e150000] _byte_map_base: 0x000002638d940000

Marking Bits: (ParMarkBitMap*) 0x00007ffa6299a340
 Begin Bits: [0x00000263a0840000, 0x00000263a2840000)
 End Bits:   [0x00000263a2840000, 0x00000263a4840000)

Polling page: 0x000002638c570000

Metaspace:

Usage:
  Non-class:     66.33 MB used.
      Class:      9.32 MB used.
       Both:     75.65 MB used.

Virtual space:
  Non-class space:      128.00 MB reserved,      67.25 MB ( 53%) committed,  2 nodes.
      Class space:        1.00 GB reserved,      10.06 MB ( <1%) committed,  1 nodes.
             Both:        1.12 GB reserved,      77.31 MB (  7%) committed. 

Chunk freelists:
   Non-Class:  12.54 MB
       Class:  5.78 MB
        Both:  18.32 MB

MaxMetaspaceSize: unlimited
CompressedClassSpaceSize: 1.00 GB
Initial GC threshold: 21.00 MB
Current GC threshold: 97.31 MB
CDS: on
 - commit_granule_bytes: 65536.
 - commit_granule_words: 8192.
 - virtual_space_node_default_size: 8388608.
 - enlarge_chunks_in_place: 1.
 - use_allocation_guard: 0.


Internal statistics:

num_allocs_failed_limit: 9.
num_arena_births: 1450.
num_arena_deaths: 18.
num_vsnodes_births: 3.
num_vsnodes_deaths: 0.
num_space_committed: 1237.
num_space_uncommitted: 0.
num_chunks_returned_to_freelist: 29.
num_chunks_taken_from_freelist: 4845.
num_chunk_merges: 13.
num_chunk_splits: 3054.
num_chunks_enlarged: 1824.
num_inconsistent_stats: 0.

CodeHeap 'non-profiled nmethods': size=120000Kb used=10161Kb max_used=10161Kb free=109839Kb
 bounds [0x0000026399060000, 0x0000026399a50000, 0x00000263a0590000]
CodeHeap 'profiled nmethods': size=120000Kb used=21190Kb max_used=21190Kb free=98809Kb
 bounds [0x0000026391590000, 0x0000026392a50000, 0x0000026398ac0000]
CodeHeap 'non-nmethods': size=5760Kb used=1451Kb max_used=1533Kb free=4308Kb
 bounds [0x0000026398ac0000, 0x0000026398d30000, 0x0000026399060000]
CodeCache: size=245760Kb, used=32802Kb, max_used=32884Kb, free=212956Kb
 total_blobs=11055, nmethods=10292, adapters=669, full_count=0
Compilation: enabled, stopped_count=0, restarted_count=0

Compilation events (20 events):
Event: 7014.660 Thread 0x00000263a4dfb090 11281       3       java.util.Formatter$FormatSpecifier::flags (29 bytes)
Event: 7014.660 Thread 0x00000263a4dfb090 nmethod 11281 0x0000026392a3eb10 code [0x0000026392a3ecc0, 0x0000026392a3eef8]
Event: 7014.672 Thread 0x00000263a4d86130 11283       4       org.eclipse.core.internal.dtree.AbstractDataTreeNode::assembleWith (124 bytes)
Event: 7014.788 Thread 0x00000263a4d86130 nmethod 11283 0x0000026399a48410 code [0x0000026399a48740, 0x0000026399a4aa30]
Event: 7248.465 Thread 0x00000263a4dfb090 11284       1       org.eclipse.core.internal.jobs.InternalJob::getProgressMonitor (5 bytes)
Event: 7248.481 Thread 0x00000263a4dfb090 nmethod 11284 0x0000026399a4ba10 code [0x0000026399a4bba0, 0x0000026399a4bc68]
Event: 7248.586 Thread 0x00000263a4dfb090 11285       3       jdk.xml.internal.XMLSecurityManager$Limit::is (35 bytes)
Event: 7248.593 Thread 0x00000263a4dfb090 nmethod 11285 0x0000026392a3f010 code [0x0000026392a3f1e0, 0x0000026392a3f418]
Event: 7248.646 Thread 0x00000263a4dfb090 11286       3       java.io.ObjectOutputStream$BlockDataOutputStream::getUTFLength (124 bytes)
Event: 7248.649 Thread 0x00000263a4dfb090 nmethod 11286 0x0000026392a3f510 code [0x0000026392a3f700, 0x0000026392a3fca8]
Event: 7248.649 Thread 0x00000263a4dfb090 11287       3       java.io.ObjectOutputStream$BlockDataOutputStream::writeBytes (144 bytes)
Event: 7248.650 Thread 0x00000263a4dfb090 nmethod 11287 0x0000026392a3ff10 code [0x0000026392a40120, 0x0000026392a40798]
Event: 7248.670 Thread 0x00000263a4dfb090 11288       3       java.io.FilterOutputStream::<init> (21 bytes)
Event: 7248.673 Thread 0x00000263a4dfb090 nmethod 11288 0x0000026392a40a90 code [0x0000026392a40c40, 0x0000026392a40ef0]
Event: 7250.635 Thread 0x00000263a4dfb090 11290       3       sun.nio.cs.UTF_8::newDecoder (9 bytes)
Event: 7250.637 Thread 0x00000263a4dfb090 nmethod 11290 0x0000026392a41010 code [0x0000026392a41200, 0x0000026392a41418]
Event: 7250.637 Thread 0x00000263a4dfb090 11291       3       sun.nio.cs.UTF_8$Decoder::<init> (8 bytes)
Event: 7250.637 Thread 0x00000263a4dfb090 nmethod 11291 0x0000026392a41510 code [0x0000026392a416e0, 0x0000026392a41828]
Event: 7250.643 Thread 0x00000263a4d86130 11292       4       org.eclipse.core.internal.dtree.AbstractDataTree::rootKey (4 bytes)
Event: 7250.645 Thread 0x00000263a4d86130 nmethod 11292 0x0000026399a4c110 code [0x0000026399a4c2a0, 0x0000026399a4c310]

GC Heap History (20 events):
Event: 4351.815 GC heap before
{Heap before GC invocations=226 (full 3):
 PSYoungGen      total 6144K, used 5728K [0x00000000d5580000, 0x00000000d5e80000, 0x0000000100000000)
  eden space 5632K, 100% used [0x00000000d5580000,0x00000000d5b00000,0x00000000d5b00000)
  from space 512K, 18% used [0x00000000d5e00000,0x00000000d5e18000,0x00000000d5e80000)
  to   space 512K, 0% used [0x00000000d5d80000,0x00000000d5d80000,0x00000000d5e00000)
 ParOldGen       total 92672K, used 92273K [0x0000000080000000, 0x0000000085a80000, 0x00000000d5580000)
  object space 92672K, 99% used [0x0000000080000000,0x0000000085a1c558,0x0000000085a80000)
 Metaspace       used 75280K, committed 76992K, reserved 1179648K
  class space    used 9321K, committed 10112K, reserved 1048576K
}
Event: 4351.816 GC heap after
{Heap after GC invocations=226 (full 3):
 PSYoungGen      total 6144K, used 128K [0x00000000d5580000, 0x00000000d5e80000, 0x0000000100000000)
  eden space 5632K, 0% used [0x00000000d5580000,0x00000000d5580000,0x00000000d5b00000)
  from space 512K, 25% used [0x00000000d5d80000,0x00000000d5da0000,0x00000000d5e00000)
  to   space 512K, 0% used [0x00000000d5e00000,0x00000000d5e00000,0x00000000d5e80000)
 ParOldGen       total 92672K, used 92281K [0x0000000080000000, 0x0000000085a80000, 0x00000000d5580000)
  object space 92672K, 99% used [0x0000000080000000,0x0000000085a1e558,0x0000000085a80000)
 Metaspace       used 75280K, committed 76992K, reserved 1179648K
  class space    used 9321K, committed 10112K, reserved 1048576K
}
Event: 4352.476 GC heap before
{Heap before GC invocations=227 (full 3):
 PSYoungGen      total 6144K, used 5760K [0x00000000d5580000, 0x00000000d5e80000, 0x0000000100000000)
  eden space 5632K, 100% used [0x00000000d5580000,0x00000000d5b00000,0x00000000d5b00000)
  from space 512K, 25% used [0x00000000d5d80000,0x00000000d5da0000,0x00000000d5e00000)
  to   space 512K, 0% used [0x00000000d5e00000,0x00000000d5e00000,0x00000000d5e80000)
 ParOldGen       total 92672K, used 92281K [0x0000000080000000, 0x0000000085a80000, 0x00000000d5580000)
  object space 92672K, 99% used [0x0000000080000000,0x0000000085a1e558,0x0000000085a80000)
 Metaspace       used 75280K, committed 76992K, reserved 1179648K
  class space    used 9321K, committed 10112K, reserved 1048576K
}
Event: 4352.476 GC heap after
{Heap after GC invocations=227 (full 3):
 PSYoungGen      total 6144K, used 128K [0x00000000d5580000, 0x00000000d5e80000, 0x0000000100000000)
  eden space 5632K, 0% used [0x00000000d5580000,0x00000000d5580000,0x00000000d5b00000)
  from space 512K, 25% used [0x00000000d5e00000,0x00000000d5e20000,0x00000000d5e80000)
  to   space 512K, 0% used [0x00000000d5d80000,0x00000000d5d80000,0x00000000d5e00000)
 ParOldGen       total 92672K, used 92305K [0x0000000080000000, 0x0000000085a80000, 0x00000000d5580000)
  object space 92672K, 99% used [0x0000000080000000,0x0000000085a24558,0x0000000085a80000)
 Metaspace       used 75280K, committed 76992K, reserved 1179648K
  class space    used 9321K, committed 10112K, reserved 1048576K
}
Event: 4353.132 GC heap before
{Heap before GC invocations=228 (full 3):
 PSYoungGen      total 6144K, used 5760K [0x00000000d5580000, 0x00000000d5e80000, 0x0000000100000000)
  eden space 5632K, 100% used [0x00000000d5580000,0x00000000d5b00000,0x00000000d5b00000)
  from space 512K, 25% used [0x00000000d5e00000,0x00000000d5e20000,0x00000000d5e80000)
  to   space 512K, 0% used [0x00000000d5d80000,0x00000000d5d80000,0x00000000d5e00000)
 ParOldGen       total 92672K, used 92305K [0x0000000080000000, 0x0000000085a80000, 0x00000000d5580000)
  object space 92672K, 99% used [0x0000000080000000,0x0000000085a24558,0x0000000085a80000)
 Metaspace       used 75280K, committed 76992K, reserved 1179648K
  class space    used 9321K, committed 10112K, reserved 1048576K
}
Event: 4353.133 GC heap after
{Heap after GC invocations=228 (full 3):
 PSYoungGen      total 6144K, used 128K [0x00000000d5580000, 0x00000000d5e80000, 0x0000000100000000)
  eden space 5632K, 0% used [0x00000000d5580000,0x00000000d5580000,0x00000000d5b00000)
  from space 512K, 25% used [0x00000000d5d80000,0x00000000d5da0000,0x00000000d5e00000)
  to   space 512K, 0% used [0x00000000d5e00000,0x00000000d5e00000,0x00000000d5e80000)
 ParOldGen       total 92672K, used 92321K [0x0000000080000000, 0x0000000085a80000, 0x00000000d5580000)
  object space 92672K, 99% used [0x0000000080000000,0x0000000085a28558,0x0000000085a80000)
 Metaspace       used 75280K, committed 76992K, reserved 1179648K
  class space    used 9321K, committed 10112K, reserved 1048576K
}
Event: 4354.398 GC heap before
{Heap before GC invocations=229 (full 3):
 PSYoungGen      total 6144K, used 5759K [0x00000000d5580000, 0x00000000d5e80000, 0x0000000100000000)
  eden space 5632K, 99% used [0x00000000d5580000,0x00000000d5affff8,0x00000000d5b00000)
  from space 512K, 25% used [0x00000000d5d80000,0x00000000d5da0000,0x00000000d5e00000)
  to   space 512K, 0% used [0x00000000d5e00000,0x00000000d5e00000,0x00000000d5e80000)
 ParOldGen       total 92672K, used 92321K [0x0000000080000000, 0x0000000085a80000, 0x00000000d5580000)
  object space 92672K, 99% used [0x0000000080000000,0x0000000085a28558,0x0000000085a80000)
 Metaspace       used 75283K, committed 76992K, reserved 1179648K
  class space    used 9322K, committed 10112K, reserved 1048576K
}
Event: 4354.400 GC heap after
{Heap after GC invocations=229 (full 3):
 PSYoungGen      total 6144K, used 256K [0x00000000d5580000, 0x00000000d5e80000, 0x0000000100000000)
  eden space 5632K, 0% used [0x00000000d5580000,0x00000000d5580000,0x00000000d5b00000)
  from space 512K, 50% used [0x00000000d5e00000,0x00000000d5e40000,0x00000000d5e80000)
  to   space 512K, 0% used [0x00000000d5d80000,0x00000000d5d80000,0x00000000d5e00000)
 ParOldGen       total 92672K, used 92321K [0x0000000080000000, 0x0000000085a80000, 0x00000000d5580000)
  object space 92672K, 99% used [0x0000000080000000,0x0000000085a28558,0x0000000085a80000)
 Metaspace       used 75283K, committed 76992K, reserved 1179648K
  class space    used 9322K, committed 10112K, reserved 1048576K
}
Event: 4361.142 GC heap before
{Heap before GC invocations=230 (full 3):
 PSYoungGen      total 6144K, used 5888K [0x00000000d5580000, 0x00000000d5e80000, 0x0000000100000000)
  eden space 5632K, 100% used [0x00000000d5580000,0x00000000d5b00000,0x00000000d5b00000)
  from space 512K, 50% used [0x00000000d5e00000,0x00000000d5e40000,0x00000000d5e80000)
  to   space 512K, 0% used [0x00000000d5d80000,0x00000000d5d80000,0x00000000d5e00000)
 ParOldGen       total 92672K, used 92321K [0x0000000080000000, 0x0000000085a80000, 0x00000000d5580000)
  object space 92672K, 99% used [0x0000000080000000,0x0000000085a28558,0x0000000085a80000)
 Metaspace       used 75363K, committed 77056K, reserved 1179648K
  class space    used 9334K, committed 10112K, reserved 1048576K
}
Event: 4361.148 GC heap after
{Heap after GC invocations=230 (full 3):
 PSYoungGen      total 6144K, used 495K [0x00000000d5580000, 0x00000000d5e80000, 0x0000000100000000)
  eden space 5632K, 0% used [0x00000000d5580000,0x00000000d5580000,0x00000000d5b00000)
  from space 512K, 96% used [0x00000000d5d80000,0x00000000d5dfbfb8,0x00000000d5e00000)
  to   space 512K, 0% used [0x00000000d5e00000,0x00000000d5e00000,0x00000000d5e80000)
 ParOldGen       total 93184K, used 92681K [0x0000000080000000, 0x0000000085b00000, 0x00000000d5580000)
  object space 93184K, 99% used [0x0000000080000000,0x0000000085a82540,0x0000000085b00000)
 Metaspace       used 75363K, committed 77056K, reserved 1179648K
  class space    used 9334K, committed 10112K, reserved 1048576K
}
Event: 4363.725 GC heap before
{Heap before GC invocations=231 (full 3):
 PSYoungGen      total 6144K, used 6109K [0x00000000d5580000, 0x00000000d5e80000, 0x0000000100000000)
  eden space 5632K, 99% used [0x00000000d5580000,0x00000000d5afb5a8,0x00000000d5b00000)
  from space 512K, 96% used [0x00000000d5d80000,0x00000000d5dfbfb8,0x00000000d5e00000)
  to   space 512K, 0% used [0x00000000d5e00000,0x00000000d5e00000,0x00000000d5e80000)
 ParOldGen       total 93184K, used 92681K [0x0000000080000000, 0x0000000085b00000, 0x00000000d5580000)
  object space 93184K, 99% used [0x0000000080000000,0x0000000085a82540,0x0000000085b00000)
 Metaspace       used 76146K, committed 77888K, reserved 1179648K
  class space    used 9396K, committed 10176K, reserved 1048576K
}
Event: 4363.733 GC heap after
{Heap after GC invocations=231 (full 3):
 PSYoungGen      total 6144K, used 504K [0x00000000d5580000, 0x00000000d5e80000, 0x0000000100000000)
  eden space 5632K, 0% used [0x00000000d5580000,0x00000000d5580000,0x00000000d5b00000)
  from space 512K, 98% used [0x00000000d5e00000,0x00000000d5e7e2b8,0x00000000d5e80000)
  to   space 1024K, 0% used [0x00000000d5c80000,0x00000000d5c80000,0x00000000d5d80000)
 ParOldGen       total 93184K, used 93144K [0x0000000080000000, 0x0000000085b00000, 0x00000000d5580000)
  object space 93184K, 99% used [0x0000000080000000,0x0000000085af6348,0x0000000085b00000)
 Metaspace       used 76146K, committed 77888K, reserved 1179648K
  class space    used 9396K, committed 10176K, reserved 1048576K
}
Event: 4364.089 GC heap before
{Heap before GC invocations=232 (full 3):
 PSYoungGen      total 6144K, used 6136K [0x00000000d5580000, 0x00000000d5e80000, 0x0000000100000000)
  eden space 5632K, 100% used [0x00000000d5580000,0x00000000d5b00000,0x00000000d5b00000)
  from space 512K, 98% used [0x00000000d5e00000,0x00000000d5e7e2b8,0x00000000d5e80000)
  to   space 1024K, 0% used [0x00000000d5c80000,0x00000000d5c80000,0x00000000d5d80000)
 ParOldGen       total 93184K, used 93144K [0x0000000080000000, 0x0000000085b00000, 0x00000000d5580000)
  object space 93184K, 99% used [0x0000000080000000,0x0000000085af6348,0x0000000085b00000)
 Metaspace       used 76997K, committed 78656K, reserved 1179648K
  class space    used 9494K, committed 10240K, reserved 1048576K
}
Event: 4364.092 GC heap after
{Heap after GC invocations=232 (full 3):
 PSYoungGen      total 6656K, used 128K [0x00000000d5580000, 0x00000000d5e80000, 0x0000000100000000)
  eden space 5632K, 0% used [0x00000000d5580000,0x00000000d5580000,0x00000000d5b00000)
  from space 1024K, 12% used [0x00000000d5c80000,0x00000000d5ca0000,0x00000000d5d80000)
  to   space 512K, 0% used [0x00000000d5e00000,0x00000000d5e00000,0x00000000d5e80000)
 ParOldGen       total 93696K, used 93655K [0x0000000080000000, 0x0000000085b80000, 0x00000000d5580000)
  object space 93696K, 99% used [0x0000000080000000,0x0000000085b75d40,0x0000000085b80000)
 Metaspace       used 76997K, committed 78656K, reserved 1179648K
  class space    used 9494K, committed 10240K, reserved 1048576K
}
Event: 4364.731 GC heap before
{Heap before GC invocations=233 (full 3):
 PSYoungGen      total 6656K, used 5760K [0x00000000d5580000, 0x00000000d5e80000, 0x0000000100000000)
  eden space 5632K, 100% used [0x00000000d5580000,0x00000000d5b00000,0x00000000d5b00000)
  from space 1024K, 12% used [0x00000000d5c80000,0x00000000d5ca0000,0x00000000d5d80000)
  to   space 512K, 0% used [0x00000000d5e00000,0x00000000d5e00000,0x00000000d5e80000)
 ParOldGen       total 93696K, used 93655K [0x0000000080000000, 0x0000000085b80000, 0x00000000d5580000)
  object space 93696K, 99% used [0x0000000080000000,0x0000000085b75d40,0x0000000085b80000)
 Metaspace       used 77352K, committed 79040K, reserved 1179648K
  class space    used 9531K, committed 10304K, reserved 1048576K
}
Event: 4364.734 GC heap after
{Heap after GC invocations=233 (full 3):
 PSYoungGen      total 6144K, used 487K [0x00000000d5580000, 0x00000000d5e80000, 0x0000000100000000)
  eden space 5632K, 0% used [0x00000000d5580000,0x00000000d5580000,0x00000000d5b00000)
  from space 512K, 95% used [0x00000000d5e00000,0x00000000d5e79f20,0x00000000d5e80000)
  to   space 1024K, 0% used [0x00000000d5c80000,0x00000000d5c80000,0x00000000d5d80000)
 ParOldGen       total 94208K, used 93791K [0x0000000080000000, 0x0000000085c00000, 0x00000000d5580000)
  object space 94208K, 99% used [0x0000000080000000,0x0000000085b97d58,0x0000000085c00000)
 Metaspace       used 77352K, committed 79040K, reserved 1179648K
  class space    used 9531K, committed 10304K, reserved 1048576K
}
Event: 4578.852 GC heap before
{Heap before GC invocations=234 (full 3):
 PSYoungGen      total 6144K, used 6119K [0x00000000d5580000, 0x00000000d5e80000, 0x0000000100000000)
  eden space 5632K, 100% used [0x00000000d5580000,0x00000000d5b00000,0x00000000d5b00000)
  from space 512K, 95% used [0x00000000d5e00000,0x00000000d5e79f20,0x00000000d5e80000)
  to   space 1024K, 0% used [0x00000000d5c80000,0x00000000d5c80000,0x00000000d5d80000)
 ParOldGen       total 94208K, used 93791K [0x0000000080000000, 0x0000000085c00000, 0x00000000d5580000)
  object space 94208K, 99% used [0x0000000080000000,0x0000000085b97d58,0x0000000085c00000)
 Metaspace       used 77355K, committed 79040K, reserved 1179648K
  class space    used 9531K, committed 10304K, reserved 1048576K
}
Event: 4578.923 GC heap after
{Heap after GC invocations=234 (full 3):
 PSYoungGen      total 6656K, used 192K [0x00000000d5580000, 0x00000000d5e80000, 0x0000000100000000)
  eden space 5632K, 0% used [0x00000000d5580000,0x00000000d5580000,0x00000000d5b00000)
  from space 1024K, 18% used [0x00000000d5c80000,0x00000000d5cb0000,0x00000000d5d80000)
  to   space 512K, 0% used [0x00000000d5e00000,0x00000000d5e00000,0x00000000d5e80000)
 ParOldGen       total 94208K, used 93995K [0x0000000080000000, 0x0000000085c00000, 0x00000000d5580000)
  object space 94208K, 99% used [0x0000000080000000,0x0000000085bcafb0,0x0000000085c00000)
 Metaspace       used 77355K, committed 79040K, reserved 1179648K
  class space    used 9531K, committed 10304K, reserved 1048576K
}
Event: 6454.332 GC heap before
{Heap before GC invocations=235 (full 3):
 PSYoungGen      total 6656K, used 5824K [0x00000000d5580000, 0x00000000d5e80000, 0x0000000100000000)
  eden space 5632K, 100% used [0x00000000d5580000,0x00000000d5b00000,0x00000000d5b00000)
  from space 1024K, 18% used [0x00000000d5c80000,0x00000000d5cb0000,0x00000000d5d80000)
  to   space 512K, 0% used [0x00000000d5e00000,0x00000000d5e00000,0x00000000d5e80000)
 ParOldGen       total 94208K, used 93995K [0x0000000080000000, 0x0000000085c00000, 0x00000000d5580000)
  object space 94208K, 99% used [0x0000000080000000,0x0000000085bcafb0,0x0000000085c00000)
 Metaspace       used 77426K, committed 79104K, reserved 1179648K
  class space    used 9539K, committed 10304K, reserved 1048576K
}
Event: 6454.488 GC heap after
{Heap after GC invocations=235 (full 3):
 PSYoungGen      total 6144K, used 128K [0x00000000d5580000, 0x00000000d5e80000, 0x0000000100000000)
  eden space 5632K, 0% used [0x00000000d5580000,0x00000000d5580000,0x00000000d5b00000)
  from space 512K, 25% used [0x00000000d5e00000,0x00000000d5e20000,0x00000000d5e80000)
  to   space 512K, 0% used [0x00000000d5d80000,0x00000000d5d80000,0x00000000d5e00000)
 ParOldGen       total 94208K, used 94019K [0x0000000080000000, 0x0000000085c00000, 0x00000000d5580000)
  object space 94208K, 99% used [0x0000000080000000,0x0000000085bd0fb0,0x0000000085c00000)
 Metaspace       used 77426K, committed 79104K, reserved 1179648K
  class space    used 9539K, committed 10304K, reserved 1048576K
}

Dll operation events (15 events):
Event: 0.024 Loaded shared library c:\Users\Mbongeni\.vscode\extensions\redhat.java-1.44.0-win32-x64\jre\21.0.8-win32-x86_64\bin\java.dll
Event: 0.388 Loaded shared library c:\Users\Mbongeni\.vscode\extensions\redhat.java-1.44.0-win32-x64\jre\21.0.8-win32-x86_64\bin\zip.dll
Event: 1.091 Loaded shared library C:\Users\Mbongeni\.vscode\extensions\redhat.java-1.44.0-win32-x64\jre\21.0.8-win32-x86_64\bin\instrument.dll
Event: 1.108 Loaded shared library C:\Users\Mbongeni\.vscode\extensions\redhat.java-1.44.0-win32-x64\jre\21.0.8-win32-x86_64\bin\net.dll
Event: 1.111 Loaded shared library C:\Users\Mbongeni\.vscode\extensions\redhat.java-1.44.0-win32-x64\jre\21.0.8-win32-x86_64\bin\nio.dll
Event: 1.119 Loaded shared library C:\Users\Mbongeni\.vscode\extensions\redhat.java-1.44.0-win32-x64\jre\21.0.8-win32-x86_64\bin\zip.dll
Event: 1.152 Loaded shared library C:\Users\Mbongeni\.vscode\extensions\redhat.java-1.44.0-win32-x64\jre\21.0.8-win32-x86_64\bin\jimage.dll
Event: 1.603 Loaded shared library c:\Users\Mbongeni\.vscode\extensions\redhat.java-1.44.0-win32-x64\jre\21.0.8-win32-x86_64\bin\verify.dll
Event: 38.764 Loaded shared library C:\Users\Mbongeni\AppData\Roaming\Code\User\globalStorage\redhat.java\1.44.0\config_win\org.eclipse.equinox.launcher\org.eclipse.equinox.launcher.win32.win32.x86_64_1.2.1400.v20250730-1736\eclipse_11913.dll
Event: 118.706 Loaded shared library C:\Users\Mbongeni\AppData\Local\Temp\jna-1116049261\jna9203387409215687007.dll
Event: 142.904 Loaded shared library C:\Users\Mbongeni\.vscode\extensions\redhat.java-1.44.0-win32-x64\jre\21.0.8-win32-x86_64\bin\sunmscapi.dll
Event: 143.774 Loaded shared library C:\Users\Mbongeni\.vscode\extensions\redhat.java-1.44.0-win32-x64\jre\21.0.8-win32-x86_64\bin\extnet.dll
Event: 152.885 Loaded shared library C:\Users\Mbongeni\.gradle\native\1def1411415f61bf3af743bc5b6707747c0891f09f0c88961ee8f79bc544acac\windows-amd64\native-platform.dll
Event: 163.699 Loaded shared library C:\Users\Mbongeni\.vscode\extensions\redhat.java-1.44.0-win32-x64\jre\21.0.8-win32-x86_64\bin\management.dll
Event: 163.705 Loaded shared library C:\Users\Mbongeni\.vscode\extensions\redhat.java-1.44.0-win32-x64\jre\21.0.8-win32-x86_64\bin\management_ext.dll

Deoptimization events (20 events):
Event: 7014.382 Thread 0x00000263ebc5e520 Uncommon trap: trap_request=0xffffffc6 fr.pc=0x00000263999fef64 relative=0x0000000000000444
Event: 7014.382 Thread 0x00000263ebc5e520 Uncommon trap: reason=bimorphic_or_optimized_type_check action=maybe_recompile pc=0x00000263999fef64 method=org.eclipse.core.internal.resources.Rules.factoryFor(Lorg/eclipse/core/resources/IResource;)Lorg/eclipse/core/resources/IResourceRuleFactory; @ 5 c
Event: 7014.382 Thread 0x00000263ebc5e520 DEOPT PACKING pc=0x00000263999fef64 sp=0x000000ec380feac0
Event: 7014.383 Thread 0x00000263ebc5e520 DEOPT UNPACKING pc=0x0000026398b13aa2 sp=0x000000ec380fea90 mode 2
Event: 7014.384 Thread 0x00000263ebc5e520 Uncommon trap: trap_request=0xffffffc6 fr.pc=0x0000026399a01e4c relative=0x00000000000006ec
Event: 7014.384 Thread 0x00000263ebc5e520 Uncommon trap: reason=bimorphic_or_optimized_type_check action=maybe_recompile pc=0x0000026399a01e4c method=org.eclipse.core.resources.team.ResourceRuleFactory.parent(Lorg/eclipse/core/resources/IResource;)Lorg/eclipse/core/runtime/jobs/ISchedulingRule; @
Event: 7014.384 Thread 0x00000263ebc5e520 DEOPT PACKING pc=0x0000026399a01e4c sp=0x000000ec380feac0
Event: 7014.384 Thread 0x00000263ebc5e520 DEOPT UNPACKING pc=0x0000026398b13aa2 sp=0x000000ec380fea38 mode 2
Event: 7014.392 Thread 0x00000263ebc5e520 Uncommon trap: trap_request=0xffffffde fr.pc=0x000002639967e6b4 relative=0x00000000000003b4
Event: 7014.392 Thread 0x00000263ebc5e520 Uncommon trap: reason=class_check action=maybe_recompile pc=0x000002639967e6b4 method=org.eclipse.core.internal.jobs.JobManager.lambda$8(Lorg/eclipse/core/internal/jobs/InternalJob;JLorg/eclipse/core/internal/jobs/InternalJob;)Ljava/lang/Boolean; @ 1 c2
Event: 7014.392 Thread 0x00000263ebc5e520 DEOPT PACKING pc=0x000002639967e6b4 sp=0x000000ec380fe8b0
Event: 7014.393 Thread 0x00000263ebc5e520 DEOPT UNPACKING pc=0x0000026398b13aa2 sp=0x000000ec380fe728 mode 2
Event: 7014.404 Thread 0x00000263ebc5e520 DEOPT PACKING pc=0x00000263928c5a3b sp=0x000000ec380fe970
Event: 7014.404 Thread 0x00000263ebc5e520 DEOPT UNPACKING pc=0x0000026398b14242 sp=0x000000ec380fdea8 mode 0
Event: 7014.426 Thread 0x00000263ebc5e520 Uncommon trap: trap_request=0xffffffde fr.pc=0x000002639967e6b4 relative=0x00000000000003b4
Event: 7014.426 Thread 0x00000263ebc5e520 Uncommon trap: reason=class_check action=maybe_recompile pc=0x000002639967e6b4 method=org.eclipse.core.internal.jobs.JobManager.lambda$8(Lorg/eclipse/core/internal/jobs/InternalJob;JLorg/eclipse/core/internal/jobs/InternalJob;)Ljava/lang/Boolean; @ 1 c2
Event: 7014.426 Thread 0x00000263ebc5e520 DEOPT PACKING pc=0x000002639967e6b4 sp=0x000000ec380fea10
Event: 7014.426 Thread 0x00000263ebc5e520 DEOPT UNPACKING pc=0x0000026398b13aa2 sp=0x000000ec380fe888 mode 2
Event: 7558.894 Thread 0x00000263ef3a6070 DEOPT PACKING pc=0x00000263928e8623 sp=0x000000ec387ff550
Event: 7559.989 Thread 0x00000263ef3a6070 DEOPT UNPACKING pc=0x0000026398b14242 sp=0x000000ec387fea38 mode 0

Classes loaded (20 events):
Event: 3812.632 Loading class java/util/concurrent/CompletableFuture$UniExceptionally
Event: 3812.738 Loading class java/util/concurrent/CompletableFuture$UniExceptionally done
Event: 4236.986 Loading class java/util/stream/Nodes$CollectorTask$OfRef
Event: 4237.100 Loading class java/util/stream/Nodes$CollectorTask
Event: 4237.137 Loading class java/util/stream/Nodes$CollectorTask done
Event: 4237.137 Loading class java/util/stream/Nodes$CollectorTask$OfRef done
Event: 4237.221 Loading class java/util/function/LongFunction
Event: 4237.233 Loading class java/util/function/LongFunction done
Event: 4237.300 Loading class java/util/stream/Nodes$ConcNode
Event: 4237.348 Loading class java/util/stream/Nodes$AbstractConcNode
Event: 4237.363 Loading class java/util/stream/Nodes$AbstractConcNode done
Event: 4237.364 Loading class java/util/stream/Nodes$ConcNode done
Event: 4241.834 Loading class java/util/stream/DistinctOps
Event: 4241.837 Loading class java/util/stream/DistinctOps done
Event: 4241.837 Loading class java/util/stream/DistinctOps$1
Event: 4241.885 Loading class java/util/stream/DistinctOps$1 done
Event: 4241.955 Loading class java/util/stream/DistinctOps$1$2
Event: 4241.966 Loading class java/util/stream/DistinctOps$1$2 done
Event: 4293.210 Loading class java/io/SequenceInputStream
Event: 4293.214 Loading class java/io/SequenceInputStream done

Classes unloaded (9 events):
Event: 124.760 Thread 0x00000263a4d7e0d0 Unloading class 0x00000263a61ab000 'java/lang/invoke/LambdaForm$MH+0x00000263a61ab000'
Event: 124.760 Thread 0x00000263a4d7e0d0 Unloading class 0x00000263a61aac00 'java/lang/invoke/LambdaForm$MH+0x00000263a61aac00'
Event: 124.760 Thread 0x00000263a4d7e0d0 Unloading class 0x00000263a61aa800 'java/lang/invoke/LambdaForm$MH+0x00000263a61aa800'
Event: 124.760 Thread 0x00000263a4d7e0d0 Unloading class 0x00000263a61aa400 'java/lang/invoke/LambdaForm$MH+0x00000263a61aa400'
Event: 124.760 Thread 0x00000263a4d7e0d0 Unloading class 0x00000263a61aa000 'java/lang/invoke/LambdaForm$BMH+0x00000263a61aa000'
Event: 124.760 Thread 0x00000263a4d7e0d0 Unloading class 0x00000263a61a9c00 'java/lang/invoke/LambdaForm$DMH+0x00000263a61a9c00'
Event: 124.760 Thread 0x00000263a4d7e0d0 Unloading class 0x00000263a61a8800 'java/lang/invoke/LambdaForm$DMH+0x00000263a61a8800'
Event: 135.363 Thread 0x00000263a4d7e0d0 Unloading class 0x00000263a62aac00 'java/lang/invoke/LambdaForm$MH+0x00000263a62aac00'
Event: 135.363 Thread 0x00000263a4d7e0d0 Unloading class 0x00000263a62a9400 'java/lang/invoke/LambdaForm$DMH+0x00000263a62a9400'

Classes redefined (0 events):
No events

Internal exceptions (20 events):
Event: 4277.507 Thread 0x00000263ebc5b0a0 Exception <a 'sun/nio/fs/WindowsException'{0x00000000d5d2eab8}> (0x00000000d5d2eab8) 
thrown [s\src\hotspot\share\prims\jni.cpp, line 520]
Event: 4278.114 Thread 0x00000263ebc5b0a0 Exception <a 'sun/nio/fs/WindowsException'{0x00000000d56288f0}> (0x00000000d56288f0) 
thrown [s\src\hotspot\share\prims\jni.cpp, line 520]
Event: 4278.114 Thread 0x00000263ebc5b0a0 Exception <a 'sun/nio/fs/WindowsException'{0x00000000d5628f20}> (0x00000000d5628f20) 
thrown [s\src\hotspot\share\prims\jni.cpp, line 520]
Event: 4278.126 Thread 0x00000263ebc5b0a0 Exception <a 'sun/nio/fs/WindowsException'{0x00000000d56299d0}> (0x00000000d56299d0) 
thrown [s\src\hotspot\share\prims\jni.cpp, line 520]
Event: 4278.126 Thread 0x00000263ebc5b0a0 Exception <a 'sun/nio/fs/WindowsException'{0x00000000d562a000}> (0x00000000d562a000) 
thrown [s\src\hotspot\share\prims\jni.cpp, line 520]
Event: 4278.134 Thread 0x00000263ebc5b0a0 Exception <a 'sun/nio/fs/WindowsException'{0x00000000d562b638}> (0x00000000d562b638) 
thrown [s\src\hotspot\share\prims\jni.cpp, line 520]
Event: 4278.134 Thread 0x00000263ebc5b0a0 Exception <a 'sun/nio/fs/WindowsException'{0x00000000d562bc68}> (0x00000000d562bc68) 
thrown [s\src\hotspot\share\prims\jni.cpp, line 520]
Event: 4292.561 Thread 0x00000263a4e0cf30 Exception <a 'java/lang/NoSuchMethodError'{0x00000000d5612cb0}: 'java.lang.Object java.lang.invoke.DirectMethodHandle$Holder.invokeStatic(java.lang.Object, java.lang.Object, int, java.lang.Object)'> (0x00000000d5612cb0) 
thrown [s\src\hotspot\share\interpreter\linkResolver.cpp, line 773]
Event: 4294.928 Thread 0x00000263a4e0cf30 Exception <a 'java/io/FileNotFoundException'{0x00000000d58a6578}> (0x00000000d58a6578) 
thrown [s\src\hotspot\share\prims\jni.cpp, line 520]
Event: 4294.929 Thread 0x00000263a4e0cf30 Exception <a 'java/io/FileNotFoundException'{0x00000000d58a75a8}> (0x00000000d58a75a8) 
thrown [s\src\hotspot\share\prims\jni.cpp, line 520]
Event: 4357.904 Thread 0x00000263a4e0cf30 Exception <a 'java/lang/NoSuchMethodError'{0x00000000d5af9c28}: 'int java.lang.invoke.DirectMethodHandle$Holder.invokeStatic(java.lang.Object)'> (0x00000000d5af9c28) 
thrown [s\src\hotspot\share\interpreter\linkResolver.cpp, line 773]
Event: 4361.990 Thread 0x00000263a4e0cf30 Exception <a 'java/io/FileNotFoundException'{0x00000000d5639f60}> (0x00000000d5639f60) 
thrown [s\src\hotspot\share\prims\jni.cpp, line 520]
Event: 4361.992 Thread 0x00000263a4e0cf30 Exception <a 'java/io/FileNotFoundException'{0x00000000d563b238}> (0x00000000d563b238) 
thrown [s\src\hotspot\share\prims\jni.cpp, line 520]
Event: 4361.994 Thread 0x00000263a4e0cf30 Exception <a 'java/io/FileNotFoundException'{0x00000000d563c268}> (0x00000000d563c268) 
thrown [s\src\hotspot\share\prims\jni.cpp, line 520]
Event: 4364.676 Thread 0x00000263a4e0cf30 Exception <a 'sun/nio/fs/WindowsException'{0x00000000d5897ac0}> (0x00000000d5897ac0) 
thrown [s\src\hotspot\share\prims\jni.cpp, line 520]
Event: 4364.677 Thread 0x00000263a4e0cf30 Exception <a 'sun/nio/fs/WindowsException'{0x00000000d58980f0}> (0x00000000d58980f0) 
thrown [s\src\hotspot\share\prims\jni.cpp, line 520]
Event: 4364.695 Thread 0x00000263a4e0cf30 Exception <a 'sun/nio/fs/WindowsException'{0x00000000d58cdb90}> (0x00000000d58cdb90) 
thrown [s\src\hotspot\share\prims\jni.cpp, line 520]
Event: 4364.695 Thread 0x00000263a4e0cf30 Exception <a 'sun/nio/fs/WindowsException'{0x00000000d58ce1c0}> (0x00000000d58ce1c0) 
thrown [s\src\hotspot\share\prims\jni.cpp, line 520]
Event: 5146.522 Thread 0x00000263ef3a8140 Implicit null exception at 0x000002639994fbee to 0x00000263999515dc
Event: 5146.525 Thread 0x00000263ef3a8140 Implicit null exception at 0x000002639994e723 to 0x000002639994ef00

ZGC Phase Switch (0 events):
No events

VM Operations (20 events):
Event: 6964.860 Executing VM operation: Cleanup
Event: 6964.907 Executing VM operation: Cleanup done
Event: 6966.936 Executing VM operation: Cleanup
Event: 6966.967 Executing VM operation: Cleanup done
Event: 6967.968 Executing VM operation: Cleanup
Event: 6967.999 Executing VM operation: Cleanup done
Event: 6992.594 Executing VM operation: HandshakeAllThreads (HandshakeForDeflation)
Event: 6992.598 Executing VM operation: HandshakeAllThreads (HandshakeForDeflation) done
Event: 6992.599 Executing VM operation: RendezvousGCThreads
Event: 6992.600 Executing VM operation: RendezvousGCThreads done
Event: 7014.819 Executing VM operation: Cleanup
Event: 7014.819 Executing VM operation: Cleanup done
Event: 7052.756 Executing VM operation: HandshakeAllThreads (HandshakeForDeflation)
Event: 7052.757 Executing VM operation: HandshakeAllThreads (HandshakeForDeflation) done
Event: 7052.758 Executing VM operation: RendezvousGCThreads
Event: 7052.758 Executing VM operation: RendezvousGCThreads done
Event: 7293.386 Executing VM operation: HandshakeAllThreads (HandshakeForDeflation)
Event: 7293.387 Executing VM operation: HandshakeAllThreads (HandshakeForDeflation) done
Event: 7293.387 Executing VM operation: RendezvousGCThreads
Event: 7293.387 Executing VM operation: RendezvousGCThreads done

Memory protections (0 events):
No events

Nmethod flushes (20 events):
Event: 163.274 Thread 0x00000263a4d7e0d0 flushing  nmethod 0x0000026391fe5590
Event: 163.274 Thread 0x00000263a4d7e0d0 flushing  nmethod 0x0000026391ffd590
Event: 163.274 Thread 0x00000263a4d7e0d0 flushing  nmethod 0x0000026392006010
Event: 163.274 Thread 0x00000263a4d7e0d0 flushing  nmethod 0x0000026392007010
Event: 163.274 Thread 0x00000263a4d7e0d0 flushing  nmethod 0x000002639200d510
Event: 163.274 Thread 0x00000263a4d7e0d0 flushing  nmethod 0x000002639201c090
Event: 163.274 Thread 0x00000263a4d7e0d0 flushing  nmethod 0x0000026392060790
Event: 163.274 Thread 0x00000263a4d7e0d0 flushing  nmethod 0x000002639209a090
Event: 163.274 Thread 0x00000263a4d7e0d0 flushing  nmethod 0x000002639209e110
Event: 163.274 Thread 0x00000263a4d7e0d0 flushing  nmethod 0x00000263920a2890
Event: 163.274 Thread 0x00000263a4d7e0d0 flushing  nmethod 0x00000263920a9710
Event: 163.274 Thread 0x00000263a4d7e0d0 flushing  nmethod 0x00000263920aac90
Event: 163.274 Thread 0x00000263a4d7e0d0 flushing  nmethod 0x00000263920c6710
Event: 163.274 Thread 0x00000263a4d7e0d0 flushing  nmethod 0x00000263920d8910
Event: 163.274 Thread 0x00000263a4d7e0d0 flushing  nmethod 0x00000263920dec10
Event: 163.274 Thread 0x00000263a4d7e0d0 flushing  nmethod 0x00000263920e6690
Event: 163.274 Thread 0x00000263a4d7e0d0 flushing  nmethod 0x00000263920ebb90
Event: 163.274 Thread 0x00000263a4d7e0d0 flushing  nmethod 0x000002639212b390
Event: 163.274 Thread 0x00000263a4d7e0d0 flushing  nmethod 0x000002639214b390
Event: 163.274 Thread 0x00000263a4d7e0d0 flushing  nmethod 0x0000026392166e90

Events (20 events):
Event: 4237.396 Thread 0x00000263ef3aaf30 Thread exited: 0x00000263ef3aaf30
Event: 4341.635 Thread 0x00000263ef3a8140 Thread exited: 0x00000263ef3a8140
Event: 4348.915 Thread 0x00000263a4e0fd20 Thread exited: 0x00000263a4e0fd20
Event: 4352.364 Thread 0x00000263ef3a6700 Thread exited: 0x00000263ef3a6700
Event: 4352.364 Thread 0x00000263ebc5b0a0 Thread exited: 0x00000263ebc5b0a0
Event: 4354.103 Thread 0x00000263ef3aa8a0 Thread exited: 0x00000263ef3aa8a0
Event: 4358.573 Thread 0x00000263a4e0f000 Thread added: 0x00000263ef3a8140
Event: 4401.749 Thread 0x00000263ef3a7ab0 Thread exited: 0x00000263ef3a7ab0
Event: 4421.174 Thread 0x00000263a4e0f000 Thread exited: 0x00000263a4e0f000
Event: 4461.706 Thread 0x00000263ef3a8e60 Thread exited: 0x00000263ef3a8e60
Event: 4578.269 Thread 0x00000263a4e0cf30 Thread added: 0x00000263ef3a7ab0
Event: 4578.310 Thread 0x00000263ef3a7ab0 Thread exited: 0x00000263ef3a7ab0
Event: 5082.063 Thread 0x00000263ef3a8140 Thread added: 0x00000263ef3a7ab0
Event: 5082.080 Thread 0x00000263ef3a7ab0 Thread exited: 0x00000263ef3a7ab0
Event: 6804.283 Thread 0x00000263ef3a8140 Thread added: 0x00000263ef3a6700
Event: 6808.652 Thread 0x00000263ef3a6700 Thread exited: 0x00000263ef3a6700
Event: 6951.093 Thread 0x00000263ef3a8140 Thread added: 0x00000263ef3a87d0
Event: 7074.647 Thread 0x00000263ef3a8140 Thread exited: 0x00000263ef3a8140
Event: 7248.627 Thread 0x00000263ef3a87d0 Thread added: 0x00000263ef3a6700
Event: 7248.636 Thread 0x00000263ef3a6700 Thread exited: 0x00000263ef3a6700


Dynamic libraries:
0x00007ff7513d0000 - 0x00007ff7513de000 	c:\Users\Mbongeni\.vscode\extensions\redhat.java-1.44.0-win32-x64\jre\21.0.8-win32-x86_64\bin\java.exe
0x00007ffb2c0c0000 - 0x00007ffb2c327000 	C:\WINDOWS\SYSTEM32\ntdll.dll
0x00007ffb2b900000 - 0x00007ffb2b9c9000 	C:\WINDOWS\System32\KERNEL32.DLL
0x00007ffb296c0000 - 0x00007ffb29ab0000 	C:\WINDOWS\System32\KERNELBASE.dll
0x00007ffb29570000 - 0x00007ffb296bb000 	C:\WINDOWS\System32\ucrtbase.dll
0x00007ffadb0c0000 - 0x00007ffadb0d8000 	c:\Users\Mbongeni\.vscode\extensions\redhat.java-1.44.0-win32-x64\jre\21.0.8-win32-x86_64\bin\jli.dll
0x00007ffb2a330000 - 0x00007ffb2a4f5000 	C:\WINDOWS\System32\USER32.dll
0x00007ffb29400000 - 0x00007ffb29427000 	C:\WINDOWS\System32\win32u.dll
0x00007ffb2a5f0000 - 0x00007ffb2a61b000 	C:\WINDOWS\System32\GDI32.dll
0x00007ffb29430000 - 0x00007ffb29568000 	C:\WINDOWS\System32\gdi32full.dll
0x00007ffb29c40000 - 0x00007ffb29ce3000 	C:\WINDOWS\System32\msvcp_win.dll
0x00007ffad03f0000 - 0x00007ffad040e000 	c:\Users\Mbongeni\.vscode\extensions\redhat.java-1.44.0-win32-x64\jre\21.0.8-win32-x86_64\bin\VCRUNTIME140.dll
0x00007ffb0c380000 - 0x00007ffb0c61a000 	C:\WINDOWS\WinSxS\amd64_microsoft.windows.common-controls_6595b64144ccf1df_6.0.26100.4768_none_3e0c112ce331287c\COMCTL32.dll
0x00007ffb2b840000 - 0x00007ffb2b8e9000 	C:\WINDOWS\System32\msvcrt.dll
0x00007ffb2b6c0000 - 0x00007ffb2b6ef000 	C:\WINDOWS\System32\IMM32.DLL
0x00007ffb081a0000 - 0x00007ffb081ac000 	c:\Users\Mbongeni\.vscode\extensions\redhat.java-1.44.0-win32-x64\jre\21.0.8-win32-x86_64\bin\vcruntime140_1.dll
0x00007ffaa6aa0000 - 0x00007ffaa6b2d000 	c:\Users\Mbongeni\.vscode\extensions\redhat.java-1.44.0-win32-x64\jre\21.0.8-win32-x86_64\bin\msvcp140.dll
0x00007ffa61ce0000 - 0x00007ffa62a77000 	c:\Users\Mbongeni\.vscode\extensions\redhat.java-1.44.0-win32-x64\jre\21.0.8-win32-x86_64\bin\server\jvm.dll
0x00007ffb2a010000 - 0x00007ffb2a0c4000 	C:\WINDOWS\System32\ADVAPI32.dll
0x00007ffb2b790000 - 0x00007ffb2b836000 	C:\WINDOWS\System32\sechost.dll
0x00007ffb2a210000 - 0x00007ffb2a328000 	C:\WINDOWS\System32\RPCRT4.dll
0x00007ffb2a500000 - 0x00007ffb2a574000 	C:\WINDOWS\System32\WS2_32.dll
0x00007ffb29070000 - 0x00007ffb290ce000 	C:\WINDOWS\SYSTEM32\POWRPROF.dll
0x00007ffb26d30000 - 0x00007ffb26d65000 	C:\WINDOWS\SYSTEM32\WINMM.dll
0x00007ffb19dc0000 - 0x00007ffb19dcb000 	C:\WINDOWS\SYSTEM32\VERSION.dll
0x00007ffb29050000 - 0x00007ffb29064000 	C:\WINDOWS\SYSTEM32\UMPDC.dll
0x00007ffb27f40000 - 0x00007ffb27f5b000 	C:\WINDOWS\SYSTEM32\kernel.appcore.dll
0x00007ffaff780000 - 0x00007ffaff78a000 	c:\Users\Mbongeni\.vscode\extensions\redhat.java-1.44.0-win32-x64\jre\21.0.8-win32-x86_64\bin\jimage.dll
0x00007ffb265a0000 - 0x00007ffb267e1000 	C:\WINDOWS\SYSTEM32\DBGHELP.DLL
0x00007ffb2b0e0000 - 0x00007ffb2b465000 	C:\WINDOWS\System32\combase.dll
0x00007ffb29f20000 - 0x00007ffb2a000000 	C:\WINDOWS\System32\OLEAUT32.dll
0x00007ffb15570000 - 0x00007ffb155b3000 	C:\WINDOWS\SYSTEM32\dbgcore.DLL
0x00007ffb29cf0000 - 0x00007ffb29d89000 	C:\WINDOWS\System32\bcryptPrimitives.dll
0x00007ffae6810000 - 0x00007ffae681f000 	c:\Users\Mbongeni\.vscode\extensions\redhat.java-1.44.0-win32-x64\jre\21.0.8-win32-x86_64\bin\instrument.dll
0x00007ffaaeca0000 - 0x00007ffaaecbf000 	c:\Users\Mbongeni\.vscode\extensions\redhat.java-1.44.0-win32-x64\jre\21.0.8-win32-x86_64\bin\java.dll
0x00007ffb2a940000 - 0x00007ffb2b08d000 	C:\WINDOWS\System32\SHELL32.dll
0x00007ffb291f0000 - 0x00007ffb29363000 	C:\WINDOWS\System32\wintypes.dll
0x00007ffb26db0000 - 0x00007ffb27610000 	C:\WINDOWS\SYSTEM32\windows.storage.dll
0x00007ffb2a0e0000 - 0x00007ffb2a1d5000 	C:\WINDOWS\System32\SHCORE.dll
0x00007ffb2a580000 - 0x00007ffb2a5ea000 	C:\WINDOWS\System32\shlwapi.dll
0x00007ffb29110000 - 0x00007ffb29139000 	C:\WINDOWS\SYSTEM32\profapi.dll
0x00007ffaae500000 - 0x00007ffaae518000 	c:\Users\Mbongeni\.vscode\extensions\redhat.java-1.44.0-win32-x64\jre\21.0.8-win32-x86_64\bin\zip.dll
0x00007ffaf4210000 - 0x00007ffaf4220000 	C:\Users\Mbongeni\.vscode\extensions\redhat.java-1.44.0-win32-x64\jre\21.0.8-win32-x86_64\bin\net.dll
0x00007ffb1a890000 - 0x00007ffb1a9ae000 	C:\WINDOWS\SYSTEM32\WINHTTP.dll
0x00007ffb28500000 - 0x00007ffb2856b000 	C:\WINDOWS\system32\mswsock.dll
0x00007ffaad330000 - 0x00007ffaad346000 	C:\Users\Mbongeni\.vscode\extensions\redhat.java-1.44.0-win32-x64\jre\21.0.8-win32-x86_64\bin\nio.dll
0x00007ffaff790000 - 0x00007ffaff7a0000 	c:\Users\Mbongeni\.vscode\extensions\redhat.java-1.44.0-win32-x64\jre\21.0.8-win32-x86_64\bin\verify.dll
0x00007ffaaf8d0000 - 0x00007ffaaf915000 	C:\Users\Mbongeni\AppData\Roaming\Code\User\globalStorage\redhat.java\1.44.0\config_win\org.eclipse.equinox.launcher\org.eclipse.equinox.launcher.win32.win32.x86_64_1.2.1400.v20250730-1736\eclipse_11913.dll
0x00007ffb2a620000 - 0x00007ffb2a7c0000 	C:\WINDOWS\System32\ole32.dll
0x00007ffb287c0000 - 0x00007ffb287db000 	C:\WINDOWS\SYSTEM32\CRYPTSP.dll
0x00007ffb27ea0000 - 0x00007ffb27edb000 	C:\WINDOWS\system32\rsaenh.dll
0x00007ffb285a0000 - 0x00007ffb285cb000 	C:\WINDOWS\SYSTEM32\USERENV.dll
0x00007ffb290e0000 - 0x00007ffb29106000 	C:\WINDOWS\SYSTEM32\bcrypt.dll
0x00007ffb287e0000 - 0x00007ffb287ec000 	C:\WINDOWS\SYSTEM32\CRYPTBASE.dll
0x00007ffb27970000 - 0x00007ffb279a3000 	C:\WINDOWS\SYSTEM32\IPHLPAPI.DLL
0x00007ffb2a0d0000 - 0x00007ffb2a0da000 	C:\WINDOWS\System32\NSI.dll
0x00007ffaad2e0000 - 0x00007ffaad329000 	C:\Users\Mbongeni\AppData\Local\Temp\jna-1116049261\jna9203387409215687007.dll
0x00007ffb2b8f0000 - 0x00007ffb2b8f8000 	C:\WINDOWS\System32\PSAPI.DLL
0x00007ffb1a810000 - 0x00007ffb1a82f000 	C:\WINDOWS\SYSTEM32\dhcpcsvc6.DLL
0x00007ffb1a7e0000 - 0x00007ffb1a805000 	C:\WINDOWS\SYSTEM32\dhcpcsvc.DLL
0x00007ffaff7b0000 - 0x00007ffaff7be000 	C:\Users\Mbongeni\.vscode\extensions\redhat.java-1.44.0-win32-x64\jre\21.0.8-win32-x86_64\bin\sunmscapi.dll
0x00007ffb29ac0000 - 0x00007ffb29c37000 	C:\WINDOWS\System32\CRYPT32.dll
0x00007ffb289e0000 - 0x00007ffb28a10000 	C:\WINDOWS\SYSTEM32\ncrypt.dll
0x00007ffb28990000 - 0x00007ffb289cf000 	C:\WINDOWS\SYSTEM32\NTASN1.dll
0x00007ffb27a10000 - 0x00007ffb27b36000 	C:\WINDOWS\SYSTEM32\DNSAPI.dll
0x00007ffb1cbb0000 - 0x00007ffb1cbbb000 	C:\Windows\System32\rasadhlp.dll
0x00007ffb1a080000 - 0x00007ffb1a106000 	C:\WINDOWS\System32\fwpuclnt.dll
0x00007ffaff7a0000 - 0x00007ffaff7a9000 	C:\Users\Mbongeni\.vscode\extensions\redhat.java-1.44.0-win32-x64\jre\21.0.8-win32-x86_64\bin\extnet.dll
0x00007ffaf3f50000 - 0x00007ffaf3f77000 	C:\Users\Mbongeni\.gradle\native\1def1411415f61bf3af743bc5b6707747c0891f09f0c88961ee8f79bc544acac\windows-amd64\native-platform.dll
0x00007ffb0de90000 - 0x00007ffb0de9a000 	C:\Users\Mbongeni\.vscode\extensions\redhat.java-1.44.0-win32-x64\jre\21.0.8-win32-x86_64\bin\management.dll
0x00007ffaff7c0000 - 0x00007ffaff7cb000 	C:\Users\Mbongeni\.vscode\extensions\redhat.java-1.44.0-win32-x64\jre\21.0.8-win32-x86_64\bin\management_ext.dll
0x00007ffb094a0000 - 0x00007ffb094a8000 	C:\WINDOWS\system32\wshunix.dll

JVMTI agents:
c:\Users\Mbongeni\.vscode\extensions\redhat.java-1.44.0-win32-x64\lombok\lombok-1.18.39-4050.jar path:c:\Users\Mbongeni\.vscode\extensions\redhat.java-1.44.0-win32-x64\jre\21.0.8-win32-x86_64\bin\instrument.dll, loaded, initialized, instrumentlib options:none

dbghelp: loaded successfully - version: 4.0.5 - missing functions: none
symbol engine: initialized successfully - sym options: 0x614 - pdb path: .;c:\Users\Mbongeni\.vscode\extensions\redhat.java-1.44.0-win32-x64\jre\21.0.8-win32-x86_64\bin;C:\WINDOWS\SYSTEM32;C:\WINDOWS\WinSxS\amd64_microsoft.windows.common-controls_6595b64144ccf1df_6.0.26100.4768_none_3e0c112ce331287c;c:\Users\Mbongeni\.vscode\extensions\redhat.java-1.44.0-win32-x64\jre\21.0.8-win32-x86_64\bin\server;C:\Users\Mbongeni\AppData\Roaming\Code\User\globalStorage\redhat.java\1.44.0\config_win\org.eclipse.equinox.launcher\org.eclipse.equinox.launcher.win32.win32.x86_64_1.2.1400.v20250730-1736;C:\Users\Mbongeni\AppData\Local\Temp\jna-1116049261;C:\Users\Mbongeni\.gradle\native\1def1411415f61bf3af743bc5b6707747c0891f09f0c88961ee8f79bc544acac\windows-amd64

VM Arguments:
jvm_args: --add-modules=ALL-SYSTEM --add-opens=java.base/java.util=ALL-UNNAMED --add-opens=java.base/java.lang=ALL-UNNAMED --add-opens=java.base/sun.nio.fs=ALL-UNNAMED -Declipse.application=org.eclipse.jdt.ls.core.id1 -Dosgi.bundles.defaultStartLevel=4 -Declipse.product=org.eclipse.jdt.ls.core.product -Djava.import.generatesMetadataFilesAtProjectRoot=false -DDetectVMInstallationsJob.disabled=true -Dfile.encoding=utf8 -XX:+UseParallelGC -XX:GCTimeRatio=4 -XX:AdaptiveSizePolicyWeight=90 -Dsun.zip.disableMemoryMapping=true -Xmx2G -Xms100m -Xlog:disable -javaagent:c:\Users\Mbongeni\.vscode\extensions\redhat.java-1.44.0-win32-x64\lombok\lombok-1.18.39-4050.jar -XX:+HeapDumpOnOutOfMemoryError -XX:HeapDumpPath=c:\Users\Mbongeni\AppData\Roaming\Code\User\workspaceStorage\ef74e7678aef6e06bdf5ee0347e17d0b\redhat.java -Daether.dependencyCollector.impl=bf 
java_command: c:\Users\Mbongeni\.vscode\extensions\redhat.java-1.44.0-win32-x64\server\plugins\org.eclipse.equinox.launcher_1.7.0.v20250519-0528.jar -configuration c:\Users\Mbongeni\AppData\Roaming\Code\User\globalStorage\redhat.java\1.44.0\config_win -data c:\Users\Mbongeni\AppData\Roaming\Code\User\workspaceStorage\ef74e7678aef6e06bdf5ee0347e17d0b\redhat.java\jdt_ws --pipe=\\.\pipe\lsp-f8b2dcdf73676a9c4b429651d6578400-sock
java_class_path (initial): c:\Users\Mbongeni\.vscode\extensions\redhat.java-1.44.0-win32-x64\server\plugins\org.eclipse.equinox.launcher_1.7.0.v20250519-0528.jar
Launcher Type: SUN_STANDARD

[Global flags]
    uintx AdaptiveSizePolicyWeight                 = 90                                        {product} {command line}
     intx CICompilerCount                          = 3                                         {product} {ergonomic}
    uintx GCTimeRatio                              = 4                                         {product} {command line}
     bool HeapDumpOnOutOfMemoryError               = true                                   {manageable} {command line}
    ccstr HeapDumpPath                             = c:\Users\Mbongeni\AppData\Roaming\Code\User\workspaceStorage\ef74e7678aef6e06bdf5ee0347e17d0b\redhat.java         {manageable} {command line}
   size_t InitialHeapSize                          = 104857600                                 {product} {command line}
   size_t MaxHeapSize                              = 2147483648                                {product} {command line}
   size_t MaxNewSize                               = 715653120                                 {product} {ergonomic}
   size_t MinHeapDeltaBytes                        = 524288                                    {product} {ergonomic}
   size_t MinHeapSize                              = 104857600                                 {product} {command line}
   size_t NewSize                                  = 34603008                                  {product} {ergonomic}
    uintx NonNMethodCodeHeapSize                   = 5832780                                {pd product} {ergonomic}
    uintx NonProfiledCodeHeapSize                  = 122912730                              {pd product} {ergonomic}
   size_t OldSize                                  = 70254592                                  {product} {ergonomic}
    uintx ProfiledCodeHeapSize                     = 122912730                              {pd product} {ergonomic}
    uintx ReservedCodeCacheSize                    = 251658240                              {pd product} {ergonomic}
     bool SegmentedCodeCache                       = true                                      {product} {ergonomic}
   size_t SoftMaxHeapSize                          = 2147483648                             {manageable} {ergonomic}
     bool UseCompressedOops                        = true                           {product lp64_product} {ergonomic}
     bool UseLargePagesIndividualAllocation        = false                                  {pd product} {ergonomic}
     bool UseParallelGC                            = true                                      {product} {command line}

Logging:
Log output configuration:
 #0: stdout all=off uptime,level,tags foldmultilines=false
 #1: stderr all=off uptime,level,tags foldmultilines=false

Environment Variables:
PATH=C:\Program Files\Common Files\Oracle\Java\javapath;C:\Windows\System32\HWAudioDriverLibs;C:\Windows\system32;C:\Windows;C:\Windows\System32\Wbem;C:\Windows\System32\WindowsPowerShell\v1.0\;C:\Windows\System32\OpenSSH\;C:\Windows\system32\config\systemprofile\AppData\Local\Microsoft\WindowsApps;C:\WINDOWS\system32;C:\WINDOWS;C:\WINDOWS\System32\Wbem;C:\WINDOWS\System32\WindowsPowerShell\v1.0\;C:\WINDOWS\System32\OpenSSH\;C:\Program Files\nodejs\;C:\Program Files\apache-maven-3.9.9\bin;C:\Program Files\Microsoft SQL Server\150\Tools\Binn\;C:\Users\Mbongeni\Downloads\ffmpeg-2025-04-14-git-3b2a9410ef-full_build\ffmpeg-2025-04-14-git-3b2a9410ef-full_build\bin;C:\platform-tools;C:\xampp\php;C:\ProgramData\ComposerSetup\bin;C:\dev\flutter\bin;C:\Program Files\Git\cmd;C:\Users\Mbongeni\AppData\Local\Microsoft\WindowsApps;C:\Users\Mbongeni\AppData\Local\Programs\Microsoft VS Code\bin;C:\Users\Mbongeni\AppData\Roaming\npm;C:\Users\Mbongeni\AppData\Local\GitHubDesktop\bin;C:\Users\Mbongeni\.dotnet\tools;C:\msys64\ucrt64\bin;C:\Users\Mbongeni\AppData\Roaming\Composer\vendor\bin
USERNAME=Mbongeni
OS=Windows_NT
PROCESSOR_IDENTIFIER=Intel64 Family 6 Model 142 Stepping 12, GenuineIntel
TMP=C:\Users\Mbongeni\AppData\Local\Temp
TEMP=C:\Users\Mbongeni\AppData\Local\Temp




Periodic native trim disabled

---------------  S Y S T E M  ---------------

OS:
 Windows 11 , 64 bit Build 26100 (10.0.26100.4768)
OS uptime: 0 days 5:29 hours
Hyper-V role detected

CPU: total 4 (initial active 4) (2 cores per cpu, 2 threads per core) family 6 model 142 stepping 12 microcode 0xde, cx8, cmov, fxsr, ht, mmx, 3dnowpref, sse, sse2, sse3, ssse3, sse4.1, sse4.2, popcnt, lzcnt, tsc, tscinvbit, avx, avx2, aes, erms, clmul, bmi1, bmi2, adx, fma, vzeroupper, clflush, clflushopt, hv, rdtscp, f16c
Processor Information for the first 4 processors :
  Max Mhz: 2592, Current Mhz: 2592, Mhz Limit: 2073

Memory: 4k page, system-wide physical 8025M (369M free)
TotalPageFile size 23385M (AvailPageFile size 0M)
current process WorkingSet (physical memory assigned to process): 8M, peak: 266M
current process commit charge ("private bytes"): 394M, peak: 401M

vm_info: OpenJDK 64-Bit Server VM (21.0.8+9-LTS) for windows-amd64 JRE (21.0.8+9-LTS), built on 2025-07-15T00:00:00Z by "admin" with MS VC++ 17.7 (VS2022)

END.
