#
# There is insufficient memory for the Java Runtime Environment to continue.
# Native memory allocation (malloc) failed to allocate 1752976 bytes. Error detail: Chunk::new
# Possible reasons:
#   The system is out of physical RAM or swap space
#   This process is running with CompressedOops enabled, and the Java Heap may be blocking the growth of the native heap
# Possible solutions:
#   Reduce memory load on the system
#   Increase physical memory or swap space
#   Check if swap backing store is full
#   Decrease Java heap size (-Xmx/-Xms)
#   Decrease number of Java threads
#   Decrease Java thread stack sizes (-Xss)
#   Set larger code cache with -XX:ReservedCodeCacheSize=
#   JVM is running with Zero Based Compressed Oops mode in which the Java heap is
#     placed in the first 32GB address space. The Java Heap base address is the
#     maximum limit for the native heap growth. Please use -XX:HeapBaseMinAddress
#     to set the Java Heap base and to place the Java Heap above 32GB virtual address.
# This output file may be truncated or incomplete.
#
#  Out of Memory Error (arena.cpp:168), pid=15952, tid=7024
#
# JRE version: OpenJDK Runtime Environment (21.0.6) (build 21.0.6+-13391695-b895.109)
# Java VM: OpenJDK 64-Bit Server VM (21.0.6+-13391695-b895.109, mixed mode, tiered, compressed oops, compressed class ptrs, parallel gc, windows-amd64)
# No core dump will be written. Minidumps are not enabled by default on client versions of Windows
#

---------------  S U M M A R Y ------------

Command Line: --add-opens=java.base/java.lang=ALL-UNNAMED --add-opens=java.base/java.lang.invoke=ALL-UNNAMED --add-opens=java.base/java.util=ALL-UNNAMED --add-opens=java.prefs/java.util.prefs=ALL-UNNAMED --add-exports=jdk.compiler/com.sun.tools.javac.api=ALL-UNNAMED --add-exports=jdk.compiler/com.sun.tools.javac.util=ALL-UNNAMED --add-opens=java.base/java.util=ALL-UNNAMED --add-opens=java.prefs/java.util.prefs=ALL-UNNAMED --add-opens=java.base/java.nio.charset=ALL-UNNAMED --add-opens=java.base/java.net=ALL-UNNAMED --add-opens=java.base/java.util.concurrent.atomic=ALL-UNNAMED --add-opens=java.xml/javax.xml.namespace=ALL-UNNAMED -XX:+UseParallelGC -Xmx4g -Dfile.encoding=UTF-8 -Duser.country=CN -Duser.language=zh -Duser.variant -javaagent:C:\Users\Mbongeni\.gradle\wrapper\dists\gradle-8.14.2-bin\2pb3mgt1p815evrl3weanttgr\gradle-8.14.2\lib\agents\gradle-instrumentation-agent-8.14.2.jar org.gradle.launcher.daemon.bootstrap.GradleDaemon 8.14.2

Host: Intel(R) Core(TM) i3-10110U CPU @ 2.10GHz, 4 cores, 7G,  Windows 11 , 64 bit Build 26100 (10.0.26100.5074)
Time: Mon Sep  8 20:01:18 2025 South Africa Standard Time elapsed time: 190.238322 seconds (0d 0h 3m 10s)

---------------  T H R E A D  ---------------

Current thread (0x000001e3fe33eb30):  JavaThread "C2 CompilerThread1" daemon [_thread_in_native, id=7024, stack(0x000000aff2f00000,0x000000aff3000000) (1024K)]


Current CompileTask:
C2:190238 34764       4       com.android.tools.r8.internal.le::a (7028 bytes)

Stack: [0x000000aff2f00000,0x000000aff3000000]
Native frames: (J=compiled Java code, j=interpreted, Vv=VM code, C=native code)
V  [jvm.dll+0x6d0639]
V  [jvm.dll+0x85eb03]
V  [jvm.dll+0x86105e]
V  [jvm.dll+0x861743]
V  [jvm.dll+0x27e6e6]
V  [jvm.dll+0xbff6d]
V  [jvm.dll+0xc04a3]
V  [jvm.dll+0x3b61ab]
V  [jvm.dll+0x1de684]
V  [jvm.dll+0x247dd4]
V  [jvm.dll+0x247251]
V  [jvm.dll+0x1c5f04]
V  [jvm.dll+0x2569ac]
V  [jvm.dll+0x254ef6]
V  [jvm.dll+0x3f0e96]
V  [jvm.dll+0x806ed8]
V  [jvm.dll+0x6cef0d]
C  [ucrtbase.dll+0x37b0]
C  [KERNEL32.DLL+0x2e8d7]
C  [ntdll.dll+0x8d9c]


---------------  P R O C E S S  ---------------

Threads class SMR info:
_java_thread_list=0x000001e3fef268d0, length=120, elements={
0x000001e3c745cb80, 0x000001e3e7690480, 0x000001e3e27a2f80, 0x000001e3e27a6ea0,
0x000001e3e27a7c50, 0x000001e3e27ab9c0, 0x000001e3e27ac540, 0x000001e3e27b1f00,
0x000001e3e27b6bf0, 0x000001e3c74c0050, 0x000001e3e79aed10, 0x000001e3e92f28f0,
0x000001e3e9207560, 0x000001e3e92df250, 0x000001e3e946d040, 0x000001e3e947d6b0,
0x000001e3e94835c0, 0x000001e3e9483c20, 0x000001e3e93025c0, 0x000001e3e9330870,
0x000001e3e932fb50, 0x000001e3e93301e0, 0x000001e3e9331c20, 0x000001e3e9330f00,
0x000001e3e9331590, 0x000001e3e9332fd0, 0x000001e3e93322b0, 0x000001e3e9332940,
0x000001e3e9601f70, 0x000001e3e96018e0, 0x000001e3e9604040, 0x000001e3e9605a80,
0x000001e3e96046d0, 0x000001e3e96039b0, 0x000001e3e96074c0, 0x000001e3e9608870,
0x000001e3e9607b50, 0x000001e3e96081e0, 0x000001e3e9602600, 0x000001e3e9608f00,
0x000001e3e96067a0, 0x000001e3ee23e750, 0x000001e3ee240820, 0x000001e3ee23d3a0,
0x000001e3ee23fb00, 0x000001e3ee23e0c0, 0x000001e3ee23ede0, 0x000001e3ee23f470,
0x000001e3ed64ec50, 0x000001e3ed64f970, 0x000001e3ed64e5c0, 0x000001e3ed64f2e0,
0x000001e3ed650000, 0x000001e3ed650690, 0x000001e3ed64df30, 0x000001e3ed650d20,
0x000001e3ed64d8a0, 0x000001e3ed653480, 0x000001e3ed653b10, 0x000001e3ed6541a0,
0x000001e3ed654830, 0x000001e3ed652760, 0x000001e3ed652df0, 0x000001e3ed651a40,
0x000001e3ec282fe0, 0x000001e3ec283d00, 0x000001e3ec280f10, 0x000001e3ec280880,
0x000001e3ec281c30, 0x000001e3ec284390, 0x000001e3ec284a20, 0x000001e3ec2815a0,
0x000001e3ec2850b0, 0x000001e3ec285740, 0x000001e3ec287180, 0x000001e3ec286460,
0x000001e3ec287810, 0x000001e3ec286af0, 0x000001e3ec287ea0, 0x000001e3ec285dd0,
0x000001e3eb65da90, 0x000001e3eb65e7b0, 0x000001e3eb660880, 0x000001e3eb65e120,
0x000001e3eb65d400, 0x000001e3eb6622c0, 0x000001e3eb661c30, 0x000001e3eb65ee40,
0x000001e3eb660f10, 0x000001e3eb662950, 0x000001e3eb65f4d0, 0x000001e3eb662fe0,
0x000001e3eb6601f0, 0x000001e3eb65fb60, 0x000001e3eee90e30, 0x000001e3eee921e0,
0x000001e3eee91b50, 0x000001e3eee914c0, 0x000001e3eee96380, 0x000001e3eee94940,
0x000001e3eee942b0, 0x000001e3eee95cf0, 0x000001e3eee93590, 0x000001e3eee970a0,
0x000001e3eee93c20, 0x000001e3e9dcf460, 0x000001e3e9dcfaf0, 0x000001e3e9dd0180,
0x000001e3e9dd0810, 0x000001e3e9dd28e0, 0x000001e3ec7fa700, 0x000001e3ec7fce60,
0x000001e3ec7fad90, 0x000001e3ec7fd4f0, 0x000001e3ed919cf0, 0x000001e3ed916870,
0x000001e3fd79d7e0, 0x000001e3fd79e500, 0x000001e3fdebed90, 0x000001e3fe33eb30
}

Java Threads: ( => current thread )
  0x000001e3c745cb80 JavaThread "main"                              [_thread_blocked, id=15548, stack(0x000000aff3100000,0x000000aff3200000) (1024K)]
  0x000001e3e7690480 JavaThread "Reference Handler"          daemon [_thread_blocked, id=11760, stack(0x000000aff3500000,0x000000aff3600000) (1024K)]
  0x000001e3e27a2f80 JavaThread "Finalizer"                  daemon [_thread_blocked, id=13416, stack(0x000000aff3600000,0x000000aff3700000) (1024K)]
  0x000001e3e27a6ea0 JavaThread "Signal Dispatcher"          daemon [_thread_blocked, id=15596, stack(0x000000aff3700000,0x000000aff3800000) (1024K)]
  0x000001e3e27a7c50 JavaThread "Attach Listener"            daemon [_thread_blocked, id=6440, stack(0x000000aff3800000,0x000000aff3900000) (1024K)]
  0x000001e3e27ab9c0 JavaThread "Service Thread"             daemon [_thread_blocked, id=15296, stack(0x000000aff3900000,0x000000aff3a00000) (1024K)]
  0x000001e3e27ac540 JavaThread "Monitor Deflation Thread"   daemon [_thread_blocked, id=8736, stack(0x000000aff3a00000,0x000000aff3b00000) (1024K)]
  0x000001e3e27b1f00 JavaThread "C2 CompilerThread0"         daemon [_thread_in_native, id=7784, stack(0x000000aff3b00000,0x000000aff3c00000) (1024K)]
  0x000001e3e27b6bf0 JavaThread "C1 CompilerThread0"         daemon [_thread_blocked, id=2808, stack(0x000000aff3c00000,0x000000aff3d00000) (1024K)]
  0x000001e3c74c0050 JavaThread "Common-Cleaner"             daemon [_thread_blocked, id=10472, stack(0x000000aff3d00000,0x000000aff3e00000) (1024K)]
  0x000001e3e79aed10 JavaThread "Notification Thread"        daemon [_thread_blocked, id=12780, stack(0x000000aff3e00000,0x000000aff3f00000) (1024K)]
  0x000001e3e92f28f0 JavaThread "Daemon health stats"               [_thread_blocked, id=12820, stack(0x000000aff4300000,0x000000aff4400000) (1024K)]
  0x000001e3e9207560 JavaThread "Incoming local TCP Connector on port 4811"        [_thread_in_native, id=7336, stack(0x000000aff4400000,0x000000aff4500000) (1024K)]
  0x000001e3e92df250 JavaThread "Daemon periodic checks"            [_thread_blocked, id=7176, stack(0x000000aff4500000,0x000000aff4600000) (1024K)]
  0x000001e3e946d040 JavaThread "Daemon"                            [_thread_blocked, id=5224, stack(0x000000aff4600000,0x000000aff4700000) (1024K)]
  0x000001e3e947d6b0 JavaThread "Handler for socket connection from /127.0.0.1:4811 to /127.0.0.1:4812"        [_thread_in_native, id=7148, stack(0x000000aff4700000,0x000000aff4800000) (1024K)]
  0x000001e3e94835c0 JavaThread "Cancel handler"                    [_thread_blocked, id=12176, stack(0x000000aff4800000,0x000000aff4900000) (1024K)]
  0x000001e3e9483c20 JavaThread "Daemon worker"                     [_thread_blocked, id=3196, stack(0x000000aff4900000,0x000000aff4a00000) (1024K)]
  0x000001e3e93025c0 JavaThread "Asynchronous log dispatcher for DefaultDaemonConnection: socket connection from /127.0.0.1:4811 to /127.0.0.1:4812"        [_thread_blocked, id=1740, stack(0x000000aff4a00000,0x000000aff4b00000) (1024K)]
  0x000001e3e9330870 JavaThread "Stdin handler"                     [_thread_blocked, id=2276, stack(0x000000aff4b00000,0x000000aff4c00000) (1024K)]
  0x000001e3e932fb50 JavaThread "Daemon client event forwarder"        [_thread_blocked, id=12908, stack(0x000000aff4c00000,0x000000aff4d00000) (1024K)]
  0x000001e3e93301e0 JavaThread "Cache worker for journal cache (C:\Users\Mbongeni\.gradle\caches\journal-1)"        [_thread_blocked, id=10024, stack(0x000000aff4d00000,0x000000aff4e00000) (1024K)]
  0x000001e3e9331c20 JavaThread "File lock request listener"        [_thread_in_native, id=15412, stack(0x000000aff4e00000,0x000000aff4f00000) (1024K)]
  0x000001e3e9330f00 JavaThread "Cache worker for file hash cache (C:\Users\Mbongeni\.gradle\caches\8.14.2\fileHashes)"        [_thread_blocked, id=8520, stack(0x000000aff4f00000,0x000000aff5000000) (1024K)]
  0x000001e3e9331590 JavaThread "Cache worker for file hash cache (C:\Users\Mbongeni\OneDrive\Documents\GitHub\Lost\.gradle\8.14.2\fileHashes)"        [_thread_blocked, id=13584, stack(0x000000aff5000000,0x000000aff5100000) (1024K)]
  0x000001e3e9332fd0 JavaThread "Cache worker for checksums cache (C:\Users\Mbongeni\OneDrive\Documents\GitHub\Lost\.gradle\8.14.2\checksums)"        [_thread_blocked, id=16284, stack(0x000000aff5100000,0x000000aff5200000) (1024K)]
  0x000001e3e93322b0 JavaThread "Cache worker for Build Output Cleanup Cache (C:\Users\Mbongeni\OneDrive\Documents\GitHub\Lost\.gradle\buildOutputCleanup)"        [_thread_blocked, id=4988, stack(0x000000aff5200000,0x000000aff5300000) (1024K)]
  0x000001e3e9332940 JavaThread "Cache worker for file content cache (C:\Users\Mbongeni\.gradle\caches\8.14.2\fileContent)"        [_thread_blocked, id=12012, stack(0x000000aff5300000,0x000000aff5400000) (1024K)]
  0x000001e3e9601f70 JavaThread "File watcher server"        daemon [_thread_in_native, id=9952, stack(0x000000aff5400000,0x000000aff5500000) (1024K)]
  0x000001e3e96018e0 JavaThread "File watcher consumer"      daemon [_thread_blocked, id=13080, stack(0x000000aff5500000,0x000000aff5600000) (1024K)]
  0x000001e3e9604040 JavaThread "gradle-enterprise-worker-0"        [_thread_blocked, id=14976, stack(0x000000aff5600000,0x000000aff5700000) (1024K)]
  0x000001e3e9605a80 JavaThread "Develocity resource usage"  daemon [_thread_blocked, id=14516, stack(0x000000aff5700000,0x000000aff5800000) (1024K)]
  0x000001e3e96046d0 JavaThread "JNA Cleaner"                daemon [_thread_blocked, id=7928, stack(0x000000aff3f00000,0x000000aff4000000) (1024K)]
  0x000001e3e96039b0 JavaThread "build event listener"              [_thread_blocked, id=1900, stack(0x000000aff5f00000,0x000000aff6000000) (1024K)]
  0x000001e3e96074c0 JavaThread "build event listener"              [_thread_blocked, id=8320, stack(0x000000aff6000000,0x000000aff6100000) (1024K)]
  0x000001e3e9608870 JavaThread "build event listener"              [_thread_blocked, id=3256, stack(0x000000aff6200000,0x000000aff6300000) (1024K)]
  0x000001e3e9607b50 JavaThread "Build operations"                  [_thread_blocked, id=9388, stack(0x000000aff6300000,0x000000aff6400000) (1024K)]
  0x000001e3e96081e0 JavaThread "Build operations Thread 2"         [_thread_blocked, id=3832, stack(0x000000aff6400000,0x000000aff6500000) (1024K)]
  0x000001e3e9602600 JavaThread "ForkJoinPool.commonPool-worker-1" daemon [_thread_blocked, id=10520, stack(0x000000aff5e00000,0x000000aff5f00000) (1024K)]
  0x000001e3e9608f00 JavaThread "ForkJoinPool.commonPool-worker-2" daemon [_thread_blocked, id=5440, stack(0x000000aff6500000,0x000000aff6600000) (1024K)]
  0x000001e3e96067a0 JavaThread "ForkJoinPool.commonPool-worker-3" daemon [_thread_blocked, id=11916, stack(0x000000aff6600000,0x000000aff6700000) (1024K)]
  0x000001e3ee23e750 JavaThread "Memory manager"                    [_thread_blocked, id=8052, stack(0x000000aff6700000,0x000000aff6800000) (1024K)]
  0x000001e3ee240820 JavaThread "included builds"                   [_thread_blocked, id=10336, stack(0x000000aff6800000,0x000000aff6900000) (1024K)]
  0x000001e3ee23d3a0 JavaThread "Execution worker"                  [_thread_blocked, id=7948, stack(0x000000aff6900000,0x000000aff6a00000) (1024K)]
  0x000001e3ee23fb00 JavaThread "Execution worker Thread 2"         [_thread_blocked, id=15100, stack(0x000000aff6a00000,0x000000aff6b00000) (1024K)]
  0x000001e3ee23e0c0 JavaThread "Execution worker Thread 3"         [_thread_blocked, id=3520, stack(0x000000aff6b00000,0x000000aff6c00000) (1024K)]
  0x000001e3ee23ede0 JavaThread "Cache worker for execution history cache (C:\Users\Mbongeni\OneDrive\Documents\GitHub\Lost\.gradle\8.14.2\executionHistory)"        [_thread_blocked, id=9028, stack(0x000000aff6c00000,0x000000aff6d00000) (1024K)]
  0x000001e3ee23f470 JavaThread "Resource Usage Collector SystemCpu" daemon [_thread_blocked, id=10136, stack(0x000000aff6d00000,0x000000aff6e00000) (1024K)]
  0x000001e3ed64ec50 JavaThread "Resource Usage Collector Monitoring 0" daemon [_thread_blocked, id=5028, stack(0x000000aff6e00000,0x000000aff6f00000) (1024K)]
  0x000001e3ed64f970 JavaThread "Resource Usage Collector Memory" daemon [_thread_blocked, id=12400, stack(0x000000aff6f00000,0x000000aff7000000) (1024K)]
  0x000001e3ed64e5c0 JavaThread "Resource Usage Collector Monitoring 1" daemon [_thread_blocked, id=7208, stack(0x000000aff7000000,0x000000aff7100000) (1024K)]
  0x000001e3ed64f2e0 JavaThread "Resource Usage Collector NetworkSpeed" daemon [_thread_in_Java, id=11460, stack(0x000000aff7100000,0x000000aff7200000) (1024K)]
  0x000001e3ed650000 JavaThread "Resource Usage Collector Monitoring 2" daemon [_thread_blocked, id=13304, stack(0x000000aff7200000,0x000000aff7300000) (1024K)]
  0x000001e3ed650690 JavaThread "Resource Usage Collector DiskSpeed" daemon [_thread_in_native, id=10220, stack(0x000000aff7300000,0x000000aff7400000) (1024K)]
  0x000001e3ed64df30 JavaThread "Resource Usage Collector Monitoring 3" daemon [_thread_blocked, id=2884, stack(0x000000aff7400000,0x000000aff7500000) (1024K)]
  0x000001e3ed650d20 JavaThread "Resource Usage Collector Processes" daemon [_thread_blocked, id=14084, stack(0x000000aff7500000,0x000000aff7600000) (1024K)]
  0x000001e3ed64d8a0 JavaThread "Resource Usage Collector Monitoring 4" daemon [_thread_blocked, id=15924, stack(0x000000aff7600000,0x000000aff7700000) (1024K)]
  0x000001e3ed653480 JavaThread "Unconstrained build operations"        [_thread_blocked, id=3052, stack(0x000000aff7700000,0x000000aff7800000) (1024K)]
  0x000001e3ed653b10 JavaThread "Unconstrained build operations Thread 2"        [_thread_blocked, id=9816, stack(0x000000aff7800000,0x000000aff7900000) (1024K)]
  0x000001e3ed6541a0 JavaThread "Unconstrained build operations Thread 3"        [_thread_blocked, id=8676, stack(0x000000aff7900000,0x000000aff7a00000) (1024K)]
  0x000001e3ed654830 JavaThread "pool-2-thread-1"                   [_thread_blocked, id=5912, stack(0x000000aff7a00000,0x000000aff7b00000) (1024K)]
  0x000001e3ed652760 JavaThread "Unconstrained build operations Thread 4"        [_thread_blocked, id=4588, stack(0x000000aff7b00000,0x000000aff7c00000) (1024K)]
  0x000001e3ed652df0 JavaThread "Unconstrained build operations Thread 5"        [_thread_blocked, id=4468, stack(0x000000aff7c00000,0x000000aff7d00000) (1024K)]
  0x000001e3ed651a40 JavaThread "Unconstrained build operations Thread 6"        [_thread_blocked, id=11556, stack(0x000000aff7d00000,0x000000aff7e00000) (1024K)]
  0x000001e3ec282fe0 JavaThread "Unconstrained build operations Thread 7"        [_thread_blocked, id=9236, stack(0x000000aff7e00000,0x000000aff7f00000) (1024K)]
  0x000001e3ec283d00 JavaThread "Unconstrained build operations Thread 8"        [_thread_blocked, id=6096, stack(0x000000aff7f00000,0x000000aff8000000) (1024K)]
  0x000001e3ec280f10 JavaThread "Unconstrained build operations Thread 9"        [_thread_blocked, id=14212, stack(0x000000aff8000000,0x000000aff8100000) (1024K)]
  0x000001e3ec280880 JavaThread "Unconstrained build operations Thread 10"        [_thread_blocked, id=13676, stack(0x000000aff8100000,0x000000aff8200000) (1024K)]
  0x000001e3ec281c30 JavaThread "Unconstrained build operations Thread 11"        [_thread_blocked, id=14860, stack(0x000000aff8200000,0x000000aff8300000) (1024K)]
  0x000001e3ec284390 JavaThread "Unconstrained build operations Thread 12"        [_thread_blocked, id=10972, stack(0x000000aff8300000,0x000000aff8400000) (1024K)]
  0x000001e3ec284a20 JavaThread "Unconstrained build operations Thread 13"        [_thread_blocked, id=2564, stack(0x000000aff8400000,0x000000aff8500000) (1024K)]
  0x000001e3ec2815a0 JavaThread "Unconstrained build operations Thread 14"        [_thread_blocked, id=11652, stack(0x000000aff8500000,0x000000aff8600000) (1024K)]
  0x000001e3ec2850b0 JavaThread "Unconstrained build operations Thread 15"        [_thread_blocked, id=1404, stack(0x000000aff8600000,0x000000aff8700000) (1024K)]
  0x000001e3ec285740 JavaThread "Unconstrained build operations Thread 16"        [_thread_blocked, id=10500, stack(0x000000aff8700000,0x000000aff8800000) (1024K)]
  0x000001e3ec287180 JavaThread "Unconstrained build operations Thread 17"        [_thread_blocked, id=2932, stack(0x000000aff8800000,0x000000aff8900000) (1024K)]
  0x000001e3ec286460 JavaThread "WorkerExecutor Queue"              [_thread_in_Java, id=11516, stack(0x000000aff8900000,0x000000aff8a00000) (1024K)]
  0x000001e3ec287810 JavaThread "Unconstrained build operations Thread 18"        [_thread_blocked, id=4372, stack(0x000000aff8a00000,0x000000aff8b00000) (1024K)]
  0x000001e3ec286af0 JavaThread "Unconstrained build operations Thread 19"        [_thread_blocked, id=1672, stack(0x000000aff8b00000,0x000000aff8c00000) (1024K)]
  0x000001e3ec287ea0 JavaThread "Unconstrained build operations Thread 20"        [_thread_blocked, id=14120, stack(0x000000aff8c00000,0x000000aff8d00000) (1024K)]
  0x000001e3ec285dd0 JavaThread "Unconstrained build operations Thread 21"        [_thread_blocked, id=5704, stack(0x000000aff8d00000,0x000000aff8e00000) (1024K)]
  0x000001e3eb65da90 JavaThread "Unconstrained build operations Thread 22"        [_thread_blocked, id=12480, stack(0x000000aff8e00000,0x000000aff8f00000) (1024K)]
  0x000001e3eb65e7b0 JavaThread "Unconstrained build operations Thread 23"        [_thread_blocked, id=4328, stack(0x000000aff8f00000,0x000000aff9000000) (1024K)]
  0x000001e3eb660880 JavaThread "Unconstrained build operations Thread 24"        [_thread_blocked, id=9192, stack(0x000000aff9000000,0x000000aff9100000) (1024K)]
  0x000001e3eb65e120 JavaThread "Unconstrained build operations Thread 25"        [_thread_blocked, id=2136, stack(0x000000aff9100000,0x000000aff9200000) (1024K)]
  0x000001e3eb65d400 JavaThread "Unconstrained build operations Thread 26"        [_thread_blocked, id=12992, stack(0x000000aff9200000,0x000000aff9300000) (1024K)]
  0x000001e3eb6622c0 JavaThread "Unconstrained build operations Thread 27"        [_thread_blocked, id=1760, stack(0x000000aff5900000,0x000000aff5a00000) (1024K)]
  0x000001e3eb661c30 JavaThread "Unconstrained build operations Thread 28"        [_thread_blocked, id=6920, stack(0x000000aff9300000,0x000000aff9400000) (1024K)]
  0x000001e3eb65ee40 JavaThread "Unconstrained build operations Thread 29"        [_thread_blocked, id=15320, stack(0x000000aff9400000,0x000000aff9500000) (1024K)]
  0x000001e3eb660f10 JavaThread "WorkerExecutor Queue Thread 2"        [_thread_in_native, id=5468, stack(0x000000aff9600000,0x000000aff9700000) (1024K)]
  0x000001e3eb662950 JavaThread "WorkerExecutor Queue Thread 3"        [_thread_in_vm, id=8944, stack(0x000000aff9700000,0x000000aff9800000) (1024K)]
  0x000001e3eb65f4d0 JavaThread "WorkerExecutor Queue Thread 4"        [_thread_blocked, id=4800, stack(0x000000aff9800000,0x000000aff9900000) (1024K)]
  0x000001e3eb662fe0 JavaThread "Unconstrained build operations Thread 30"        [_thread_blocked, id=8064, stack(0x000000aff9900000,0x000000aff9a00000) (1024K)]
  0x000001e3eb6601f0 JavaThread "Unconstrained build operations Thread 31"        [_thread_blocked, id=10020, stack(0x000000aff9a00000,0x000000aff9b00000) (1024K)]
  0x000001e3eb65fb60 JavaThread "Unconstrained build operations Thread 32"        [_thread_blocked, id=13384, stack(0x000000aff9b00000,0x000000aff9c00000) (1024K)]
  0x000001e3eee90e30 JavaThread "Unconstrained build operations Thread 33"        [_thread_blocked, id=9592, stack(0x000000aff2e00000,0x000000aff2f00000) (1024K)]
  0x000001e3eee921e0 JavaThread "Unconstrained build operations Thread 34"        [_thread_blocked, id=8460, stack(0x000000aff9c00000,0x000000aff9d00000) (1024K)]
  0x000001e3eee91b50 JavaThread "Unconstrained build operations Thread 35"        [_thread_blocked, id=1828, stack(0x000000aff9d00000,0x000000aff9e00000) (1024K)]
  0x000001e3eee914c0 JavaThread "Unconstrained build operations Thread 36"        [_thread_blocked, id=14628, stack(0x000000aff9e00000,0x000000aff9f00000) (1024K)]
  0x000001e3eee96380 JavaThread "Unconstrained build operations Thread 37"        [_thread_blocked, id=11292, stack(0x000000aff9f00000,0x000000affa000000) (1024K)]
  0x000001e3eee94940 JavaThread "Unconstrained build operations Thread 38"        [_thread_blocked, id=14260, stack(0x000000affa000000,0x000000affa100000) (1024K)]
  0x000001e3eee942b0 JavaThread "RMI Scheduler(0)"           daemon [_thread_blocked, id=11048, stack(0x000000aff5800000,0x000000aff5900000) (1024K)]
  0x000001e3eee95cf0 JavaThread "RMI GC Daemon"              daemon [_thread_blocked, id=3128, stack(0x000000affa200000,0x000000affa300000) (1024K)]
  0x000001e3eee93590 JavaThread "RMI TCP Accept-0"           daemon [_thread_in_native, id=8216, stack(0x000000affa300000,0x000000affa400000) (1024K)]
  0x000001e3eee970a0 JavaThread "RMI Reaper"                        [_thread_blocked, id=16364, stack(0x000000affa400000,0x000000affa500000) (1024K)]
  0x000001e3eee93c20 JavaThread "RMI TCP Connection(idle)"   daemon [_thread_blocked, id=7328, stack(0x000000affa500000,0x000000affa600000) (1024K)]
  0x000001e3e9dcf460 JavaThread "Unconstrained build operations Thread 39"        [_thread_blocked, id=10536, stack(0x000000affa600000,0x000000affa700000) (1024K)]
  0x000001e3e9dcfaf0 JavaThread "Cache worker for Java compile cache (C:\Users\Mbongeni\.gradle\caches\8.14.2\javaCompile)"        [_thread_blocked, id=2624, stack(0x000000affa700000,0x000000affa800000) (1024K)]
  0x000001e3e9dd0180 JavaThread "Build operations Thread 3"         [_thread_blocked, id=716, stack(0x000000affa800000,0x000000affa900000) (1024K)]
  0x000001e3e9dd0810 JavaThread "Build operations Thread 4"         [_thread_blocked, id=14984, stack(0x000000affa900000,0x000000affaa00000) (1024K)]
  0x000001e3e9dd28e0 JavaThread "Unconstrained build operations Thread 40"        [_thread_blocked, id=6112, stack(0x000000affab00000,0x000000affac00000) (1024K)]
  0x000001e3ec7fa700 JavaThread "Problems report writer"            [_thread_blocked, id=16024, stack(0x000000affaa00000,0x000000affab00000) (1024K)]
  0x000001e3ec7fce60 JavaThread "pool-3-thread-1"                   [_thread_blocked, id=3864, stack(0x000000affad00000,0x000000affae00000) (1024K)]
  0x000001e3ec7fad90 JavaThread "stderr"                            [_thread_in_native, id=3860, stack(0x000000affae00000,0x000000affaf00000) (1024K)]
  0x000001e3ec7fd4f0 JavaThread "stdout"                            [_thread_in_native, id=15256, stack(0x000000affaf00000,0x000000affb000000) (1024K)]
  0x000001e3ed919cf0 JavaThread "Periodic tasks thread"      daemon [_thread_blocked, id=7680, stack(0x000000affac00000,0x000000affad00000) (1024K)]
  0x000001e3ed916870 JavaThread "ApplicationImpl pooled thread 1" daemon [_thread_blocked, id=11340, stack(0x000000affb000000,0x000000affb100000) (1024K)]
  0x000001e3fd79d7e0 JavaThread "Java2D Disposer"            daemon [_thread_blocked, id=6536, stack(0x000000affb100000,0x000000affb200000) (1024K)]
  0x000001e3fd79e500 JavaThread "AWT-Windows"                daemon [_thread_in_native, id=5296, stack(0x000000affb300000,0x000000affb400000) (1024K)]
  0x000001e3fdebed90 JavaThread "RMI TCP Connection(4)-127.0.0.1" daemon [_thread_in_native, id=10600, stack(0x000000affa100000,0x000000affa200000) (1024K)]
=>0x000001e3fe33eb30 JavaThread "C2 CompilerThread1"         daemon [_thread_in_native, id=7024, stack(0x000000aff2f00000,0x000000aff3000000) (1024K)]
Total: 120

Other Threads:
  0x000001e3e2756f90 VMThread "VM Thread"                           [id=15656, stack(0x000000aff3400000,0x000000aff3500000) (1024K)]
  0x000001e3e269ca00 WatcherThread "VM Periodic Task Thread"        [id=280, stack(0x000000aff3300000,0x000000aff3400000) (1024K)]
  0x000001e3c74737a0 WorkerThread "GC Thread#0"                     [id=9112, stack(0x000000aff3200000,0x000000aff3300000) (1024K)]
  0x000001e3e7ab84d0 WorkerThread "GC Thread#1"                     [id=14804, stack(0x000000aff4000000,0x000000aff4100000) (1024K)]
  0x000001e3e80e1ba0 WorkerThread "GC Thread#2"                     [id=1072, stack(0x000000aff4100000,0x000000aff4200000) (1024K)]
  0x000001e3e7ab93e0 WorkerThread "GC Thread#3"                     [id=9576, stack(0x000000aff4200000,0x000000aff4300000) (1024K)]
Total: 6

Threads with active compile tasks:
C2 CompilerThread0  190294 34801 %     4       com.android.tools.r8.internal.le::a @ 3456 (4509 bytes)
C2 CompilerThread1  190294 34764       4       com.android.tools.r8.internal.le::a (7028 bytes)
Total: 2

VM state: not at safepoint (normal execution)

VM Mutex/Monitor currently owned by a thread: None

Heap address: 0x0000000700000000, size: 4096 MB, Compressed Oops mode: Zero based, Oop shift amount: 3

CDS archive(s) not mapped
Compressed class space mapped at: 0x0000000800000000-0x0000000840000000, reserved size: 1073741824
Narrow klass base: 0x0000000800000000, Narrow klass shift: 0, Narrow klass range: 0x40000000

GC Precious Log:
 CardTable entry size: 512
 CPUs: 4 total, 4 available
 Memory: 8025M
 Large Page Support: Disabled
 NUMA Support: Disabled
 Compressed Oops: Enabled (Zero based)
 Alignments: Space 512K, Generation 512K, Heap 2M
 Heap Min Capacity: 8M
 Heap Initial Capacity: 126M
 Heap Max Capacity: 4G
 Pre-touch: Disabled
 Parallel Workers: 4

Heap:
 PSYoungGen      total 1277952K, used 532232K [0x00000007aab00000, 0x00000007fd600000, 0x0000000800000000)
  eden space 1201152K, 43% used [0x00000007aab00000,0x00000007ca8cc4d8,0x00000007f4000000)
  from space 76800K, 13% used [0x00000007f4000000,0x00000007f49f5be0,0x00000007f8b00000)
  to   space 73728K, 0% used [0x00000007f8e00000,0x00000007f8e00000,0x00000007fd600000)
 ParOldGen       total 297472K, used 297252K [0x0000000700000000, 0x0000000712280000, 0x00000007aab00000)
  object space 297472K, 99% used [0x0000000700000000,0x0000000712249000,0x0000000712280000)
 Metaspace       used 216494K, committed 219264K, reserved 1245184K
  class space    used 26539K, committed 27968K, reserved 1048576K

Card table byte_map: [0x000001e3d95b0000,0x000001e3d9dc0000] _byte_map_base: 0x000001e3d5db0000

Marking Bits: (ParMarkBitMap*) 0x00007ff9cc7d3300
 Begin Bits: [0x000001e3d9dc0000, 0x000001e3dddc0000)
 End Bits:   [0x000001e3dddc0000, 0x000001e3e1dc0000)

Polling page: 0x000001e3c52b0000

Metaspace:

Usage:
  Non-class:    185.50 MB used.
      Class:     25.92 MB used.
       Both:    211.42 MB used.

Virtual space:
  Non-class space:      192.00 MB reserved,     186.81 MB ( 97%) committed,  3 nodes.
      Class space:        1.00 GB reserved,      27.31 MB (  3%) committed,  1 nodes.
             Both:        1.19 GB reserved,     214.12 MB ( 18%) committed. 

Chunk freelists:
   Non-Class:  4.64 MB
       Class:  4.50 MB
        Both:  9.14 MB

MaxMetaspaceSize: unlimited
CompressedClassSpaceSize: 1.00 GB
Initial GC threshold: 21.00 MB
Current GC threshold: 338.88 MB
CDS: off
 - commit_granule_bytes: 65536.
 - commit_granule_words: 8192.
 - virtual_space_node_default_size: 8388608.
 - enlarge_chunks_in_place: 1.
 - use_allocation_guard: 0.


Internal statistics:

num_allocs_failed_limit: 18.
num_arena_births: 5812.
num_arena_deaths: 72.
num_vsnodes_births: 4.
num_vsnodes_deaths: 0.
num_space_committed: 3439.
num_space_uncommitted: 13.
num_chunks_returned_to_freelist: 204.
num_chunks_taken_from_freelist: 15763.
num_chunk_merges: 49.
num_chunk_splits: 10112.
num_chunks_enlarged: 6234.
num_inconsistent_stats: 0.

CodeHeap 'non-profiled nmethods': size=120000Kb used=20961Kb max_used=22251Kb free=99039Kb
 bounds [0x000001e3d2080000, 0x000001e3d3640000, 0x000001e3d95b0000]
CodeHeap 'profiled nmethods': size=120000Kb used=60742Kb max_used=64899Kb free=59258Kb
 bounds [0x000001e3ca5b0000, 0x000001e3ce520000, 0x000001e3d1ae0000]
CodeHeap 'non-nmethods': size=5760Kb used=2118Kb max_used=2193Kb free=3641Kb
 bounds [0x000001e3d1ae0000, 0x000001e3d1d50000, 0x000001e3d2080000]
 total_blobs=26284 nmethods=25039 adapters=1148
 compilation: enabled
              stopped_count=0, restarted_count=0
 full_count=0

Compilation events (20 events):
Event: 190.144 Thread 0x000001e3e27b6bf0 34860       3       com.android.tools.r8.graph.H::<init> (51 bytes)
Event: 190.145 Thread 0x000001e3e27b6bf0 nmethod 34860 0x000001e3cbc4bf10 code [0x000001e3cbc4c0c0, 0x000001e3cbc4c428]
Event: 190.151 Thread 0x000001e3e27b6bf0 34861       3       com.android.tools.r8.graph.J2::a (114 bytes)
Event: 190.151 Thread 0x000001e3e27b6bf0 nmethod 34861 0x000001e3cc1d5590 code [0x000001e3cc1d5760, 0x000001e3cc1d5a70]
Event: 190.151 Thread 0x000001e3e27b6bf0 34862 %     3       com.android.tools.r8.graph.J2::a @ 82 (113 bytes)
Event: 190.152 Thread 0x000001e3e27b6bf0 nmethod 34862% 0x000001e3cc0d7190 code [0x000001e3cc0d7460, 0x000001e3cc0d8440]
Event: 190.153 Thread 0x000001e3e27b6bf0 34863       3       com.android.tools.r8.graph.J2::a (113 bytes)
Event: 190.154 Thread 0x000001e3e27b6bf0 nmethod 34863 0x000001e3cd13ac10 code [0x000001e3cd13aec0, 0x000001e3cd13be00]
Event: 190.155 Thread 0x000001e3e27b6bf0 34864       3       com.android.tools.r8.graph.J2::<init> (21 bytes)
Event: 190.155 Thread 0x000001e3e27b6bf0 nmethod 34864 0x000001e3cc1d4c10 code [0x000001e3cc1d4e00, 0x000001e3cc1d51f0]
Event: 190.163 Thread 0x000001e3e27b6bf0 34865       3       com.android.tools.r8.graph.s4::b (83 bytes)
Event: 190.164 Thread 0x000001e3e27b6bf0 nmethod 34865 0x000001e3cd6cbb10 code [0x000001e3cd6cbd80, 0x000001e3cd6cc888]
Event: 190.193 Thread 0x000001e3e27b6bf0 34868       3       com.android.tools.r8.internal.PY::b (36 bytes)
Event: 190.193 Thread 0x000001e3e27b6bf0 nmethod 34868 0x000001e3ccbc5c90 code [0x000001e3ccbc5e60, 0x000001e3ccbc61b0]
Event: 190.210 Thread 0x000001e3e27b6bf0 34869       2       com.android.tools.r8.internal.no0::k (2 bytes)
Event: 190.210 Thread 0x000001e3e27b6bf0 nmethod 34869 0x000001e3ca8f7990 code [0x000001e3ca8f7b20, 0x000001e3ca8f7c28]
Event: 190.223 Thread 0x000001e3e27b6bf0 34870       1       com.android.tools.r8.internal.wz0::C (2 bytes)
Event: 190.223 Thread 0x000001e3e27b6bf0 nmethod 34870 0x000001e3d2959d10 code [0x000001e3d2959ea0, 0x000001e3d2959f68]
Event: 190.227 Thread 0x000001e3e27b6bf0 34871       2       java.util.IdentityHashMap::resize (153 bytes)
Event: 190.228 Thread 0x000001e3e27b6bf0 nmethod 34871 0x000001e3cd19f710 code [0x000001e3cd19f900, 0x000001e3cd19ff88]

GC Heap History (20 events):
Event: 59.217 GC heap before
{Heap before GC invocations=31 (full 4):
 PSYoungGen      total 339456K, used 309534K [0x00000007aab00000, 0x00000007cb480000, 0x0000000800000000)
  eden space 292864K, 100% used [0x00000007aab00000,0x00000007bc900000,0x00000007bc900000)
  from space 46592K, 35% used [0x00000007bf400000,0x00000007c04479b0,0x00000007c2180000)
  to   space 44032K, 0% used [0x00000007bc900000,0x00000007bc900000,0x00000007bf400000)
 ParOldGen       total 162816K, used 154573K [0x0000000700000000, 0x0000000709f00000, 0x00000007aab00000)
  object space 162816K, 94% used [0x0000000700000000,0x00000007096f35c0,0x0000000709f00000)
 Metaspace       used 110202K, committed 112448K, reserved 1179648K
  class space    used 14588K, committed 15808K, reserved 1048576K
}
Event: 59.303 GC heap after
{Heap after GC invocations=31 (full 4):
 PSYoungGen      total 336896K, used 30508K [0x00000007aab00000, 0x00000007cd100000, 0x0000000800000000)
  eden space 292864K, 0% used [0x00000007aab00000,0x00000007aab00000,0x00000007bc900000)
  from space 44032K, 69% used [0x00000007bc900000,0x00000007be6cb2e8,0x00000007bf400000)
  to   space 47104K, 0% used [0x00000007ca300000,0x00000007ca300000,0x00000007cd100000)
 ParOldGen       total 163328K, used 163111K [0x0000000700000000, 0x0000000709f80000, 0x00000007aab00000)
  object space 163328K, 99% used [0x0000000700000000,0x0000000709f49f10,0x0000000709f80000)
 Metaspace       used 110202K, committed 112448K, reserved 1179648K
  class space    used 14588K, committed 15808K, reserved 1048576K
}
Event: 68.995 GC heap before
{Heap before GC invocations=32 (full 4):
 PSYoungGen      total 336896K, used 323372K [0x00000007aab00000, 0x00000007cd100000, 0x0000000800000000)
  eden space 292864K, 100% used [0x00000007aab00000,0x00000007bc900000,0x00000007bc900000)
  from space 44032K, 69% used [0x00000007bc900000,0x00000007be6cb2e8,0x00000007bf400000)
  to   space 47104K, 0% used [0x00000007ca300000,0x00000007ca300000,0x00000007cd100000)
 ParOldGen       total 163328K, used 163111K [0x0000000700000000, 0x0000000709f80000, 0x00000007aab00000)
  object space 163328K, 99% used [0x0000000700000000,0x0000000709f49f10,0x0000000709f80000)
 Metaspace       used 116899K, committed 119232K, reserved 1179648K
  class space    used 15223K, committed 16448K, reserved 1048576K
}
Event: 69.056 GC heap after
{Heap after GC invocations=32 (full 4):
 PSYoungGen      total 509952K, used 14151K [0x00000007aab00000, 0x00000007ccb00000, 0x0000000800000000)
  eden space 468992K, 0% used [0x00000007aab00000,0x00000007aab00000,0x00000007c7500000)
  from space 40960K, 34% used [0x00000007ca300000,0x00000007cb0d1f80,0x00000007ccb00000)
  to   space 44032K, 0% used [0x00000007c7500000,0x00000007c7500000,0x00000007ca000000)
 ParOldGen       total 184320K, used 184146K [0x0000000700000000, 0x000000070b400000, 0x00000007aab00000)
  object space 184320K, 99% used [0x0000000700000000,0x000000070b3d4b90,0x000000070b400000)
 Metaspace       used 116899K, committed 119232K, reserved 1179648K
  class space    used 15223K, committed 16448K, reserved 1048576K
}
Event: 78.444 GC heap before
{Heap before GC invocations=33 (full 4):
 PSYoungGen      total 509952K, used 483143K [0x00000007aab00000, 0x00000007ccb00000, 0x0000000800000000)
  eden space 468992K, 100% used [0x00000007aab00000,0x00000007c7500000,0x00000007c7500000)
  from space 40960K, 34% used [0x00000007ca300000,0x00000007cb0d1f80,0x00000007ccb00000)
  to   space 44032K, 0% used [0x00000007c7500000,0x00000007c7500000,0x00000007ca000000)
 ParOldGen       total 184320K, used 184146K [0x0000000700000000, 0x000000070b400000, 0x00000007aab00000)
  object space 184320K, 99% used [0x0000000700000000,0x000000070b3d4b90,0x000000070b400000)
 Metaspace       used 133981K, committed 136448K, reserved 1179648K
  class space    used 17333K, committed 18624K, reserved 1048576K
}
Event: 78.525 GC heap after
{Heap after GC invocations=33 (full 4):
 PSYoungGen      total 513024K, used 41207K [0x00000007aab00000, 0x00000007deb00000, 0x0000000800000000)
  eden space 468992K, 0% used [0x00000007aab00000,0x00000007aab00000,0x00000007c7500000)
  from space 44032K, 93% used [0x00000007c7500000,0x00000007c9d3de28,0x00000007ca000000)
  to   space 50688K, 0% used [0x00000007db980000,0x00000007db980000,0x00000007deb00000)
 ParOldGen       total 187904K, used 187780K [0x0000000700000000, 0x000000070b780000, 0x00000007aab00000)
  object space 187904K, 99% used [0x0000000700000000,0x000000070b7610d0,0x000000070b780000)
 Metaspace       used 133981K, committed 136448K, reserved 1179648K
  class space    used 17333K, committed 18624K, reserved 1048576K
}
Event: 79.722 GC heap before
{Heap before GC invocations=34 (full 4):
 PSYoungGen      total 513024K, used 189122K [0x00000007aab00000, 0x00000007deb00000, 0x0000000800000000)
  eden space 468992K, 31% used [0x00000007aab00000,0x00000007b3b72b50,0x00000007c7500000)
  from space 44032K, 93% used [0x00000007c7500000,0x00000007c9d3de28,0x00000007ca000000)
  to   space 50688K, 0% used [0x00000007db980000,0x00000007db980000,0x00000007deb00000)
 ParOldGen       total 187904K, used 187780K [0x0000000700000000, 0x000000070b780000, 0x00000007aab00000)
  object space 187904K, 99% used [0x0000000700000000,0x000000070b7610d0,0x000000070b780000)
 Metaspace       used 134234K, committed 136640K, reserved 1179648K
  class space    used 17354K, committed 18624K, reserved 1048576K
}
Event: 79.764 GC heap after
{Heap after GC invocations=34 (full 4):
 PSYoungGen      total 800256K, used 3232K [0x00000007aab00000, 0x00000007dea00000, 0x0000000800000000)
  eden space 750592K, 0% used [0x00000007aab00000,0x00000007aab00000,0x00000007d8800000)
  from space 49664K, 6% used [0x00000007db980000,0x00000007dbca8020,0x00000007dea00000)
  to   space 50176K, 0% used [0x00000007d8800000,0x00000007d8800000,0x00000007db900000)
 ParOldGen       total 216064K, used 215787K [0x0000000700000000, 0x000000070d300000, 0x00000007aab00000)
  object space 216064K, 99% used [0x0000000700000000,0x000000070d2badf8,0x000000070d300000)
 Metaspace       used 134234K, committed 136640K, reserved 1179648K
  class space    used 17354K, committed 18624K, reserved 1048576K
}
Event: 79.764 GC heap before
{Heap before GC invocations=35 (full 5):
 PSYoungGen      total 800256K, used 3232K [0x00000007aab00000, 0x00000007dea00000, 0x0000000800000000)
  eden space 750592K, 0% used [0x00000007aab00000,0x00000007aab00000,0x00000007d8800000)
  from space 49664K, 6% used [0x00000007db980000,0x00000007dbca8020,0x00000007dea00000)
  to   space 50176K, 0% used [0x00000007d8800000,0x00000007d8800000,0x00000007db900000)
 ParOldGen       total 216064K, used 215787K [0x0000000700000000, 0x000000070d300000, 0x00000007aab00000)
  object space 216064K, 99% used [0x0000000700000000,0x000000070d2badf8,0x000000070d300000)
 Metaspace       used 134234K, committed 136640K, reserved 1179648K
  class space    used 17354K, committed 18624K, reserved 1048576K
}
Event: 80.083 GC heap after
{Heap after GC invocations=35 (full 5):
 PSYoungGen      total 800256K, used 0K [0x00000007aab00000, 0x00000007dea00000, 0x0000000800000000)
  eden space 750592K, 0% used [0x00000007aab00000,0x00000007aab00000,0x00000007d8800000)
  from space 49664K, 0% used [0x00000007db980000,0x00000007db980000,0x00000007dea00000)
  to   space 50176K, 0% used [0x00000007d8800000,0x00000007d8800000,0x00000007db900000)
 ParOldGen       total 216064K, used 132266K [0x0000000700000000, 0x000000070d300000, 0x00000007aab00000)
  object space 216064K, 61% used [0x0000000700000000,0x000000070812ab08,0x000000070d300000)
 Metaspace       used 133949K, committed 136512K, reserved 1179648K
  class space    used 17332K, committed 18624K, reserved 1048576K
}
Event: 97.439 GC heap before
{Heap before GC invocations=36 (full 5):
 PSYoungGen      total 800256K, used 750592K [0x00000007aab00000, 0x00000007dea00000, 0x0000000800000000)
  eden space 750592K, 100% used [0x00000007aab00000,0x00000007d8800000,0x00000007d8800000)
  from space 49664K, 0% used [0x00000007db980000,0x00000007db980000,0x00000007dea00000)
  to   space 50176K, 0% used [0x00000007d8800000,0x00000007d8800000,0x00000007db900000)
 ParOldGen       total 216064K, used 132266K [0x0000000700000000, 0x000000070d300000, 0x00000007aab00000)
  object space 216064K, 61% used [0x0000000700000000,0x000000070812ab08,0x000000070d300000)
 Metaspace       used 176874K, committed 179456K, reserved 1245184K
  class space    used 22238K, committed 23616K, reserved 1048576K
}
Event: 97.585 GC heap after
{Heap after GC invocations=36 (full 5):
 PSYoungGen      total 800768K, used 50151K [0x00000007aab00000, 0x00000007fdc00000, 0x0000000800000000)
  eden space 750592K, 0% used [0x00000007aab00000,0x00000007aab00000,0x00000007d8800000)
  from space 50176K, 99% used [0x00000007d8800000,0x00000007db8f9e38,0x00000007db900000)
  to   space 79872K, 0% used [0x00000007f8e00000,0x00000007f8e00000,0x00000007fdc00000)
 ParOldGen       total 216064K, used 189069K [0x0000000700000000, 0x000000070d300000, 0x00000007aab00000)
  object space 216064K, 87% used [0x0000000700000000,0x000000070b8a34c8,0x000000070d300000)
 Metaspace       used 176874K, committed 179456K, reserved 1245184K
  class space    used 22238K, committed 23616K, reserved 1048576K
}
Event: 103.261 GC heap before
{Heap before GC invocations=37 (full 5):
 PSYoungGen      total 800768K, used 239533K [0x00000007aab00000, 0x00000007fdc00000, 0x0000000800000000)
  eden space 750592K, 25% used [0x00000007aab00000,0x00000007b63f1708,0x00000007d8800000)
  from space 50176K, 99% used [0x00000007d8800000,0x00000007db8f9e38,0x00000007db900000)
  to   space 79872K, 0% used [0x00000007f8e00000,0x00000007f8e00000,0x00000007fdc00000)
 ParOldGen       total 216064K, used 189069K [0x0000000700000000, 0x000000070d300000, 0x00000007aab00000)
  object space 216064K, 87% used [0x0000000700000000,0x000000070b8a34c8,0x000000070d300000)
 Metaspace       used 191258K, committed 193856K, reserved 1245184K
  class space    used 23779K, committed 25152K, reserved 1048576K
}
Event: 103.363 GC heap after
{Heap after GC invocations=37 (full 5):
 PSYoungGen      total 1274880K, used 31812K [0x00000007aab00000, 0x00000007fd600000, 0x0000000800000000)
  eden space 1201152K, 0% used [0x00000007aab00000,0x00000007aab00000,0x00000007f4000000)
  from space 73728K, 43% used [0x00000007f8e00000,0x00000007fad11048,0x00000007fd600000)
  to   space 76800K, 0% used [0x00000007f4000000,0x00000007f4000000,0x00000007f8b00000)
 ParOldGen       total 222720K, used 222478K [0x0000000700000000, 0x000000070d980000, 0x00000007aab00000)
  object space 222720K, 99% used [0x0000000700000000,0x000000070d943a30,0x000000070d980000)
 Metaspace       used 191258K, committed 193856K, reserved 1245184K
  class space    used 23779K, committed 25152K, reserved 1048576K
}
Event: 103.363 GC heap before
{Heap before GC invocations=38 (full 6):
 PSYoungGen      total 1274880K, used 31812K [0x00000007aab00000, 0x00000007fd600000, 0x0000000800000000)
  eden space 1201152K, 0% used [0x00000007aab00000,0x00000007aab00000,0x00000007f4000000)
  from space 73728K, 43% used [0x00000007f8e00000,0x00000007fad11048,0x00000007fd600000)
  to   space 76800K, 0% used [0x00000007f4000000,0x00000007f4000000,0x00000007f8b00000)
 ParOldGen       total 222720K, used 222478K [0x0000000700000000, 0x000000070d980000, 0x00000007aab00000)
  object space 222720K, 99% used [0x0000000700000000,0x000000070d943a30,0x000000070d980000)
 Metaspace       used 191258K, committed 193856K, reserved 1245184K
  class space    used 23779K, committed 25152K, reserved 1048576K
}
Event: 104.216 GC heap after
{Heap after GC invocations=38 (full 6):
 PSYoungGen      total 1274880K, used 22357K [0x00000007aab00000, 0x00000007fd600000, 0x0000000800000000)
  eden space 1201152K, 0% used [0x00000007aab00000,0x00000007aab00000,0x00000007f4000000)
  from space 73728K, 30% used [0x00000007f8e00000,0x00000007fa3d55a0,0x00000007fd600000)
  to   space 76800K, 0% used [0x00000007f4000000,0x00000007f4000000,0x00000007f8b00000)
 ParOldGen       total 222720K, used 222632K [0x0000000700000000, 0x000000070d980000, 0x00000007aab00000)
  object space 222720K, 99% used [0x0000000700000000,0x000000070d96a138,0x000000070d980000)
 Metaspace       used 191258K, committed 193856K, reserved 1245184K
  class space    used 23779K, committed 25152K, reserved 1048576K
}
Event: 179.474 GC heap before
{Heap before GC invocations=39 (full 6):
 PSYoungGen      total 1274880K, used 990552K [0x00000007aab00000, 0x00000007fd600000, 0x0000000800000000)
  eden space 1201152K, 80% used [0x00000007aab00000,0x00000007e5c80ce8,0x00000007f4000000)
  from space 73728K, 30% used [0x00000007f8e00000,0x00000007fa3d55a0,0x00000007fd600000)
  to   space 76800K, 0% used [0x00000007f4000000,0x00000007f4000000,0x00000007f8b00000)
 ParOldGen       total 222720K, used 222632K [0x0000000700000000, 0x000000070d980000, 0x00000007aab00000)
  object space 222720K, 99% used [0x0000000700000000,0x000000070d96a138,0x000000070d980000)
 Metaspace       used 206488K, committed 209280K, reserved 1245184K
  class space    used 25163K, committed 26624K, reserved 1048576K
}
Event: 179.952 GC heap after
{Heap after GC invocations=39 (full 6):
 PSYoungGen      total 1277952K, used 76785K [0x00000007aab00000, 0x00000007fd600000, 0x0000000800000000)
  eden space 1201152K, 0% used [0x00000007aab00000,0x00000007aab00000,0x00000007f4000000)
  from space 76800K, 99% used [0x00000007f4000000,0x00000007f8afc4e8,0x00000007f8b00000)
  to   space 73728K, 0% used [0x00000007f8e00000,0x00000007f8e00000,0x00000007fd600000)
 ParOldGen       total 297472K, used 297127K [0x0000000700000000, 0x0000000712280000, 0x00000007aab00000)
  object space 297472K, 99% used [0x0000000700000000,0x0000000712229cc8,0x0000000712280000)
 Metaspace       used 206488K, committed 209280K, reserved 1245184K
  class space    used 25163K, committed 26624K, reserved 1048576K
}
Event: 179.952 GC heap before
{Heap before GC invocations=40 (full 7):
 PSYoungGen      total 1277952K, used 76785K [0x00000007aab00000, 0x00000007fd600000, 0x0000000800000000)
  eden space 1201152K, 0% used [0x00000007aab00000,0x00000007aab00000,0x00000007f4000000)
  from space 76800K, 99% used [0x00000007f4000000,0x00000007f8afc4e8,0x00000007f8b00000)
  to   space 73728K, 0% used [0x00000007f8e00000,0x00000007f8e00000,0x00000007fd600000)
 ParOldGen       total 297472K, used 297127K [0x0000000700000000, 0x0000000712280000, 0x00000007aab00000)
  object space 297472K, 99% used [0x0000000700000000,0x0000000712229cc8,0x0000000712280000)
 Metaspace       used 206488K, committed 209280K, reserved 1245184K
  class space    used 25163K, committed 26624K, reserved 1048576K
}
Event: 181.813 GC heap after
{Heap after GC invocations=40 (full 7):
 PSYoungGen      total 1277952K, used 10198K [0x00000007aab00000, 0x00000007fd600000, 0x0000000800000000)
  eden space 1201152K, 0% used [0x00000007aab00000,0x00000007aab00000,0x00000007f4000000)
  from space 76800K, 13% used [0x00000007f4000000,0x00000007f49f5be0,0x00000007f8b00000)
  to   space 73728K, 0% used [0x00000007f8e00000,0x00000007f8e00000,0x00000007fd600000)
 ParOldGen       total 297472K, used 297252K [0x0000000700000000, 0x0000000712280000, 0x00000007aab00000)
  object space 297472K, 99% used [0x0000000700000000,0x0000000712249000,0x0000000712280000)
 Metaspace       used 204887K, committed 208192K, reserved 1245184K
  class space    used 25025K, committed 26624K, reserved 1048576K
}

Dll operation events (4 events):
Event: 0.010 Loaded shared library C:\Program Files\Android\Android Studio1\jbr\bin\java.dll
Event: 0.014 Loaded shared library C:\Program Files\Android\Android Studio1\jbr\bin\zip.dll
Event: 0.940 Loaded shared library C:\Program Files\Android\Android Studio1\jbr\bin\verify.dll
Event: 181.825 Unloaded dll "C:\Users\Mbongeni\AppData\Local\Temp\sqlite-3.41.2.2-9c54d49e-0eb0-41e5-bf4c-4aeab772e51e-sqlitejdbc.dll" [0x00007ff9ef880000]

Deoptimization events (20 events):
Event: 190.009 Thread 0x000001e3eb662950 Uncommon trap: trap_request=0xffffff45 fr.pc=0x000001e3d24163fc relative=0x00000000000007dc
Event: 190.009 Thread 0x000001e3eb662950 Uncommon trap: reason=unstable_if action=reinterpret pc=0x000001e3d24163fc method=com.android.tools.r8.graph.J2.a(Ljava/lang/String;)[B @ 36 c2
Event: 190.009 Thread 0x000001e3eb662950 DEOPT PACKING pc=0x000001e3d24163fc sp=0x000000aff97fcd40
Event: 190.009 Thread 0x000001e3eb662950 DEOPT UNPACKING pc=0x000001e3d1b33aa2 sp=0x000000aff97fcc20 mode 2
Event: 190.009 Thread 0x000001e3eb662950 Uncommon trap: trap_request=0xffffff45 fr.pc=0x000001e3d3134d5c relative=0x00000000000004bc
Event: 190.009 Thread 0x000001e3eb662950 Uncommon trap: reason=unstable_if action=reinterpret pc=0x000001e3d3134d5c method=com.android.tools.r8.graph.s4.b(II)V @ 9 c2
Event: 190.009 Thread 0x000001e3eb662950 DEOPT PACKING pc=0x000001e3d3134d5c sp=0x000000aff97fd090
Event: 190.009 Thread 0x000001e3eb662950 DEOPT UNPACKING pc=0x000001e3d1b33aa2 sp=0x000000aff97fd040 mode 2
Event: 190.078 Thread 0x000001e3ec286460 DEOPT PACKING pc=0x000001e3ccf945b4 sp=0x000000aff89fdca0
Event: 190.078 Thread 0x000001e3ec286460 DEOPT UNPACKING pc=0x000001e3d1b34242 sp=0x000000aff89fd108 mode 0
Event: 190.121 Thread 0x000001e3eb662950 DEOPT PACKING pc=0x000001e3ccf945b4 sp=0x000000aff97fdc10
Event: 190.121 Thread 0x000001e3eb662950 DEOPT UNPACKING pc=0x000001e3d1b34242 sp=0x000000aff97fd078 mode 0
Event: 190.150 Thread 0x000001e3ec286460 Uncommon trap: trap_request=0xffffff45 fr.pc=0x000001e3d2a34eb8 relative=0x00000000000006b8
Event: 190.150 Thread 0x000001e3ec286460 Uncommon trap: reason=unstable_if action=reinterpret pc=0x000001e3d2a34eb8 method=com.android.tools.r8.graph.J2.a(Ljava/lang/String;)[B @ 36 c2
Event: 190.150 Thread 0x000001e3ec286460 DEOPT PACKING pc=0x000001e3d2a34eb8 sp=0x000000aff89fcfd0
Event: 190.150 Thread 0x000001e3ec286460 DEOPT UNPACKING pc=0x000001e3d1b33aa2 sp=0x000000aff89fcf08 mode 2
Event: 190.150 Thread 0x000001e3ec286460 Uncommon trap: trap_request=0xffffff45 fr.pc=0x000001e3d26a6cc0 relative=0x0000000000000640
Event: 190.150 Thread 0x000001e3ec286460 Uncommon trap: reason=unstable_if action=reinterpret pc=0x000001e3d26a6cc0 method=com.android.tools.r8.graph.J2.a(Ljava/lang/String;)[B @ 36 c2
Event: 190.150 Thread 0x000001e3ec286460 DEOPT PACKING pc=0x000001e3d26a6cc0 sp=0x000000aff89fcf50
Event: 190.150 Thread 0x000001e3ec286460 DEOPT UNPACKING pc=0x000001e3d1b33aa2 sp=0x000000aff89fcf00 mode 2

Classes loaded (20 events):
Event: 129.676 Loading class java/util/concurrent/ConcurrentHashMap$TreeBin
Event: 129.677 Loading class java/util/concurrent/ConcurrentHashMap$TreeBin done
Event: 185.099 Loading class java/lang/runtime/ObjectMethods
Event: 185.100 Loading class java/lang/runtime/ObjectMethods done
Event: 185.101 Loading class java/lang/invoke/MethodHandleImpl$Makers
Event: 185.102 Loading class java/lang/invoke/MethodHandleImpl$Makers done
Event: 185.102 Loading class java/lang/invoke/MethodHandleImpl$Makers$1
Event: 185.102 Loading class java/lang/invoke/MethodHandleImpl$Makers$1 done
Event: 185.103 Loading class java/lang/invoke/MethodHandleImpl$Makers$2
Event: 185.103 Loading class java/lang/invoke/MethodHandleImpl$Makers$2 done
Event: 185.103 Loading class java/lang/invoke/MethodHandleImpl$Makers$3
Event: 185.103 Loading class java/lang/invoke/MethodHandleImpl$Makers$3 done
Event: 185.105 Loading class java/lang/invoke/BoundMethodHandle$Species_I
Event: 185.106 Loading class java/lang/invoke/BoundMethodHandle$Species_I done
Event: 185.106 Loading class java/lang/runtime/ObjectMethods$1
Event: 185.106 Loading class java/lang/runtime/ObjectMethods$1 done
Event: 185.109 Loading class java/lang/invoke/DirectMethodHandle$1
Event: 185.110 Loading class java/lang/invoke/DirectMethodHandle$1 done
Event: 186.193 Loading class java/util/zip/ZipOutputStream
Event: 186.195 Loading class java/util/zip/ZipOutputStream done

Classes unloaded (20 events):
Event: 180.391 Thread 0x000001e3e2756f90 Unloading class 0x0000000801796d30 'androidx/room/compiler/processing/ksp/KspProcessingEnv$jvmVersion$2'
Event: 180.391 Thread 0x000001e3e2756f90 Unloading class 0x00000008017968d0 'androidx/room/compiler/processing/XProcessingEnv$Platform'
Event: 180.391 Thread 0x000001e3e2756f90 Unloading class 0x0000000801796678 'androidx/room/compiler/processing/ksp/KspProcessingEnv$jvmPlatformInfo$2'
Event: 180.391 Thread 0x000001e3e2756f90 Unloading class 0x0000000801796218 'androidx/room/compiler/processing/XProcessingEnv$Backend'
Event: 180.391 Thread 0x000001e3e2756f90 Unloading class 0x0000000801796000 'androidx/room/compiler/processing/XProcessingEnv$Companion'
Event: 180.391 Thread 0x000001e3e2756f90 Unloading class 0x0000000801795ae0 'androidx/room/compiler/processing/ksp/KspProcessingEnv'
Event: 180.391 Thread 0x000001e3e2756f90 Unloading class 0x00000008017958d0 'androidx/room/compiler/processing/XProcessingEnv'
Event: 180.391 Thread 0x000001e3e2756f90 Unloading class 0x0000000801795678 'androidx/room/compiler/processing/ksp/KspBasicAnnotationProcessor$DelegateLogger'
Event: 180.391 Thread 0x000001e3e2756f90 Unloading class 0x0000000801795210 'androidx/room/processor/Context$BooleanProcessorOptions'
Event: 180.391 Thread 0x000001e3e2756f90 Unloading class 0x0000000801794ff0 'androidx/room/compiler/processing/XProcessingEnvConfig$Builder'
Event: 180.391 Thread 0x000001e3e2756f90 Unloading class 0x0000000801794dd8 'androidx/room/compiler/processing/XProcessingEnvConfig$Companion'
Event: 180.391 Thread 0x000001e3e2756f90 Unloading class 0x0000000801794bc0 'androidx/room/compiler/processing/XProcessingEnvConfig'
Event: 180.391 Thread 0x000001e3e2756f90 Unloading class 0x00000008017949a8 'androidx/room/DatabaseProcessingStep$Companion'
Event: 180.391 Thread 0x000001e3e2756f90 Unloading class 0x0000000801794750 'androidx/room/DatabaseProcessingStep'
Event: 180.391 Thread 0x000001e3e2756f90 Unloading class 0x0000000801794540 'androidx/room/compiler/processing/XProcessingStep'
Event: 180.391 Thread 0x000001e3e2756f90 Unloading class 0x00000008017942a0 'androidx/room/RoomKspProcessor'
Event: 180.391 Thread 0x000001e3e2756f90 Unloading class 0x0000000801794000 'androidx/room/compiler/processing/ksp/KspBasicAnnotationProcessor'
Event: 180.391 Thread 0x000001e3e2756f90 Unloading class 0x0000000801249c60 'androidx/room/compiler/processing/XBasicAnnotationProcessor'
Event: 180.391 Thread 0x000001e3e2756f90 Unloading class 0x0000000801249a30 'com/bumptech/glide/annotation/ksp/GlideSymbolProcessorProvider'
Event: 180.391 Thread 0x000001e3e2756f90 Unloading class 0x0000000801249800 'androidx/room/RoomKspProcessor$Provider'

Classes redefined (0 events):
No events

Internal exceptions (20 events):
Event: 186.275 Thread 0x000001e3ee23d3a0 Exception <a 'sun/nio/fs/WindowsException'{0x00000007bb6fe3e0}> (0x00000007bb6fe3e0) 
thrown [s\src\hotspot\share\prims\jni.cpp, line 535]
Event: 186.276 Thread 0x000001e3ee23d3a0 Exception <a 'sun/nio/fs/WindowsException'{0x00000007bb6ffac8}> (0x00000007bb6ffac8) 
thrown [s\src\hotspot\share\prims\jni.cpp, line 535]
Event: 186.277 Thread 0x000001e3ee23d3a0 Exception <a 'sun/nio/fs/WindowsException'{0x00000007bb7011b0}> (0x00000007bb7011b0) 
thrown [s\src\hotspot\share\prims\jni.cpp, line 535]
Event: 186.278 Thread 0x000001e3ee23d3a0 Exception <a 'sun/nio/fs/WindowsException'{0x00000007bb702748}> (0x00000007bb702748) 
thrown [s\src\hotspot\share\prims\jni.cpp, line 535]
Event: 186.289 Thread 0x000001e3ee23d3a0 Implicit null exception at 0x000001e3d3006e60 to 0x000001e3d3006ee5
Event: 186.303 Thread 0x000001e3ee23d3a0 Exception <a 'java/lang/NoSuchMethodError'{0x00000007bb869ed0}: static Lcom/android/build/gradle/internal/tasks/DexArchiveBuilderTaskDelegate$ClasspathServiceKey;.<clinit>()V> (0x00000007bb869ed0) 
thrown [s\src\hotspot\share\prims\jni.cpp, line 1139]
Event: 187.562 Thread 0x000001e3eb65f4d0 Exception <a 'java/lang/NoSuchMethodError'{0x00000007c1d76bb0}: 'java.lang.Object java.lang.invoke.DirectMethodHandle$Holder.invokeStaticInit(java.lang.Object, java.lang.Object, java.lang.Object, java.lang.Object, java.lang.Object, java.lang.Object, java.lang.Object, java.lang.Object, java.lang.Object, java.lang.Object, java.lang.Object, java.lang.Object, java.lang.Object, java.lang.Object, java.lang.Object, java.lang.Object, java.lang.Object, java.lang.Object, java.lang.Object, java.lang.Object, int, java
Event: 187.563 Thread 0x000001e3eb65f4d0 Exception <a 'java/lang/IncompatibleClassChangeError'{0x00000007c1d8d6f8}: Found class java.lang.Object, but interface was expected> (0x00000007c1d8d6f8) 
thrown [s\src\hotspot\share\interpreter\linkResolver.cpp, line 851]
Event: 187.563 Thread 0x000001e3eb65f4d0 Exception <a 'java/lang/IncompatibleClassChangeError'{0x00000007c1d97020}: Found class java.lang.Object, but interface was expected> (0x00000007c1d97020) 
thrown [s\src\hotspot\share\interpreter\linkResolver.cpp, line 851]
Event: 187.628 Thread 0x000001e3eb662950 Exception <a 'java/lang/IncompatibleClassChangeError'{0x00000007c1c279e8}: Found class java.lang.Object, but interface was expected> (0x00000007c1c279e8) 
thrown [s\src\hotspot\share\interpreter\linkResolver.cpp, line 851]
Event: 187.658 Thread 0x000001e3eb662950 Exception <a 'java/lang/NoSuchMethodError'{0x00000007c1eb6d18}: 'java.lang.Object java.lang.invoke.DirectMethodHandle$Holder.newInvokeSpecial(java.lang.Object, int, java.lang.Object)'> (0x00000007c1eb6d18) 
thrown [s\src\hotspot\share\interpreter\linkResolver.cpp, line 784]
Event: 188.883 Thread 0x000001e3eb662950 Implicit null exception at 0x000001e3d31ee1b2 to 0x000001e3d31ef958
Event: 189.143 Thread 0x000001e3ec286460 Exception <a 'java/lang/IncompatibleClassChangeError'{0x00000007c7e37120}: Found class java.lang.Object, but interface was expected> (0x00000007c7e37120) 
thrown [s\src\hotspot\share\interpreter\linkResolver.cpp, line 851]
Event: 189.143 Thread 0x000001e3eb660f10 Exception <a 'java/lang/IncompatibleClassChangeError'{0x00000007c73e5a50}: Found class java.lang.Object, but interface was expected> (0x00000007c73e5a50) 
thrown [s\src\hotspot\share\interpreter\linkResolver.cpp, line 851]
Event: 189.145 Thread 0x000001e3eb660f10 Exception <a 'java/lang/NoSuchMethodError'{0x00000007c73e91c0}: 'void java.lang.invoke.DirectMethodHandle$Holder.invokeInterface(java.lang.Object, java.lang.Object, java.lang.Object, int)'> (0x00000007c73e91c0) 
thrown [s\src\hotspot\share\interpreter\linkResolver.cpp, line 784]
Event: 189.146 Thread 0x000001e3ec286460 Exception <a 'java/lang/NoSuchMethodError'{0x00000007c7e3eee0}: 'void java.lang.invoke.DirectMethodHandle$Holder.invokeInterface(java.lang.Object, java.lang.Object, java.lang.Object, int)'> (0x00000007c7e3eee0) 
thrown [s\src\hotspot\share\interpreter\linkResolver.cpp, line 784]
Event: 189.146 Thread 0x000001e3eb65f4d0 Exception <a 'java/lang/NoSuchMethodError'{0x00000007c7ee0a00}: 'void java.lang.invoke.DirectMethodHandle$Holder.invokeInterface(java.lang.Object, java.lang.Object, java.lang.Object, int)'> (0x00000007c7ee0a00) 
thrown [s\src\hotspot\share\interpreter\linkResolver.cpp, line 784]
Event: 189.159 Thread 0x000001e3eb660f10 Exception <a 'java/lang/NoSuchMethodError'{0x00000007c73f70a8}: 'void java.lang.invoke.DirectMethodHandle$Holder.invokeStatic(java.lang.Object, java.lang.Object, java.lang.Object, int, java.lang.Object)'> (0x00000007c73f70a8) 
thrown [s\src\hotspot\share\interpreter\linkResolver.cpp, line 784]
Event: 189.160 Thread 0x000001e3ec286460 Exception <a 'java/lang/NoSuchMethodError'{0x00000007c7e47d20}: 'void java.lang.invoke.DirectMethodHandle$Holder.invokeStatic(java.lang.Object, java.lang.Object, java.lang.Object, int, java.lang.Object)'> (0x00000007c7e47d20) 
thrown [s\src\hotspot\share\interpreter\linkResolver.cpp, line 784]
Event: 189.161 Thread 0x000001e3eb662950 Exception <a 'java/lang/NoSuchMethodError'{0x00000007c6cec1f8}: 'void java.lang.invoke.DirectMethodHandle$Holder.invokeStatic(java.lang.Object, java.lang.Object, java.lang.Object, int, java.lang.Object)'> (0x00000007c6cec1f8) 
thrown [s\src\hotspot\share\interpreter\linkResolver.cpp, line 784]

ZGC Phase Switch (0 events):
No events

VM Operations (20 events):
Event: 187.697 Executing VM operation: Cleanup
Event: 187.697 Executing VM operation: Cleanup done
Event: 188.697 Executing VM operation: Cleanup
Event: 188.698 Executing VM operation: Cleanup done
Event: 189.214 Executing VM operation: HandshakeAllThreads (Deoptimize)
Event: 189.214 Executing VM operation: HandshakeAllThreads (Deoptimize) done
Event: 189.505 Executing VM operation: HandshakeAllThreads (Deoptimize)
Event: 189.506 Executing VM operation: HandshakeAllThreads (Deoptimize) done
Event: 189.775 Executing VM operation: HandshakeAllThreads (Deoptimize)
Event: 189.785 Executing VM operation: HandshakeAllThreads (Deoptimize) done
Event: 189.785 Executing VM operation: Cleanup
Event: 189.792 Executing VM operation: Cleanup done
Event: 189.935 Executing VM operation: HandshakeAllThreads (Deoptimize)
Event: 189.939 Executing VM operation: HandshakeAllThreads (Deoptimize) done
Event: 189.944 Executing VM operation: HandshakeAllThreads (Deoptimize)
Event: 189.944 Executing VM operation: HandshakeAllThreads (Deoptimize) done
Event: 190.069 Executing VM operation: HandshakeAllThreads (Deoptimize)
Event: 190.076 Executing VM operation: HandshakeAllThreads (Deoptimize) done
Event: 190.107 Executing VM operation: HandshakeAllThreads (Deoptimize)
Event: 190.108 Executing VM operation: HandshakeAllThreads (Deoptimize) done

Memory protections (0 events):
No events

Nmethod flushes (20 events):
Event: 180.706 Thread 0x000001e3e2756f90 flushing  nmethod 0x000001e3cd78ef90
Event: 180.706 Thread 0x000001e3e2756f90 flushing  nmethod 0x000001e3cd7baa10
Event: 180.706 Thread 0x000001e3e2756f90 flushing  nmethod 0x000001e3cd811b10
Event: 180.706 Thread 0x000001e3e2756f90 flushing  nmethod 0x000001e3cd85db90
Event: 180.706 Thread 0x000001e3e2756f90 flushing  nmethod 0x000001e3cd8b4890
Event: 180.706 Thread 0x000001e3e2756f90 flushing  nmethod 0x000001e3cd8c5a10
Event: 180.706 Thread 0x000001e3e2756f90 flushing osr nmethod 0x000001e3cd8c6c10
Event: 180.706 Thread 0x000001e3e2756f90 flushing  nmethod 0x000001e3cd958e90
Event: 180.706 Thread 0x000001e3e2756f90 flushing  nmethod 0x000001e3cd9b6910
Event: 180.706 Thread 0x000001e3e2756f90 flushing  nmethod 0x000001e3cd9c8710
Event: 180.706 Thread 0x000001e3e2756f90 flushing  nmethod 0x000001e3cd9d0e90
Event: 180.706 Thread 0x000001e3e2756f90 flushing  nmethod 0x000001e3cdaeac90
Event: 180.706 Thread 0x000001e3e2756f90 flushing  nmethod 0x000001e3ce092410
Event: 180.706 Thread 0x000001e3e2756f90 flushing  nmethod 0x000001e3ce098610
Event: 180.706 Thread 0x000001e3e2756f90 flushing  nmethod 0x000001e3ce09c110
Event: 180.706 Thread 0x000001e3e2756f90 flushing  nmethod 0x000001e3ce09e290
Event: 180.706 Thread 0x000001e3e2756f90 flushing  nmethod 0x000001e3ce11cb90
Event: 180.706 Thread 0x000001e3e2756f90 flushing  nmethod 0x000001e3ce11d090
Event: 180.706 Thread 0x000001e3e2756f90 flushing osr nmethod 0x000001e3ce11dd90
Event: 180.706 Thread 0x000001e3e2756f90 flushing  nmethod 0x000001e3ce11ed90

Events (20 events):
Event: 116.982 Thread 0x000001e3e27b6bf0 Thread added: 0x000001e3fe33ffa0
Event: 117.711 Thread 0x000001e3fe33ffa0 Thread exited: 0x000001e3fe33ffa0
Event: 118.040 Thread 0x000001e3e27b6bf0 Thread added: 0x000001e3fe33ffa0
Event: 118.392 Thread 0x000001e3eb65f4d0 Thread added: 0x000001e3fdebe700
Event: 119.253 Thread 0x000001e3fe33ffa0 Thread exited: 0x000001e3fe33ffa0
Event: 120.041 Thread 0x000001e3eee93590 Thread added: 0x000001e3fdebed90
Event: 154.606 Thread 0x000001e3fd79e500 Thread added: 0x000001e3fdebfab0
Event: 155.841 Thread 0x000001e3fdebfab0 Thread exited: 0x000001e3fdebfab0
Event: 178.295 Thread 0x000001e3e27b6bf0 Thread added: 0x000001e3fe33d6c0
Event: 181.831 Thread 0x000001e3fe33d6c0 Thread exited: 0x000001e3fe33d6c0
Event: 181.880 Thread 0x000001e3fdebe700 Thread exited: 0x000001e3fdebe700
Event: 182.027 Thread 0x000001e3e27b6bf0 Thread added: 0x000001e3fe341410
Event: 182.903 Thread 0x000001e3fe341410 Thread exited: 0x000001e3fe341410
Event: 182.987 Thread 0x000001e3e27b6bf0 Thread added: 0x000001e3fe33ffa0
Event: 185.694 Thread 0x000001e3fe33ffa0 Thread exited: 0x000001e3fe33ffa0
Event: 185.727 Thread 0x000001e3e27b6bf0 Thread added: 0x000001e3fe33eb30
Event: 186.342 Thread 0x000001e3ee23d3a0 Thread added: 0x000001e3fdec35c0
Event: 186.977 Thread 0x000001e3fe33eb30 Thread exited: 0x000001e3fe33eb30
Event: 188.241 Thread 0x000001e3e27b1f00 Thread added: 0x000001e3fe33eb30
Event: 188.438 Thread 0x000001e3fdec35c0 Thread exited: 0x000001e3fdec35c0


Dynamic libraries:
0x00007ff643b60000 - 0x00007ff643b6a000 	C:\Program Files\Android\Android Studio1\jbr\bin\java.exe
0x00007ffa73560000 - 0x00007ffa737c9000 	C:\WINDOWS\SYSTEM32\ntdll.dll
0x00007ffa729c0000 - 0x00007ffa72a89000 	C:\WINDOWS\System32\KERNEL32.DLL
0x00007ffa70920000 - 0x00007ffa70d13000 	C:\WINDOWS\System32\KERNELBASE.dll
0x00007ffa70ea0000 - 0x00007ffa70feb000 	C:\WINDOWS\System32\ucrtbase.dll
0x00007ffa6a780000 - 0x00007ffa6a79b000 	C:\Program Files\Android\Android Studio1\jbr\bin\VCRUNTIME140.dll
0x00007ffa60080000 - 0x00007ffa60098000 	C:\Program Files\Android\Android Studio1\jbr\bin\jli.dll
0x00007ffa72390000 - 0x00007ffa72554000 	C:\WINDOWS\System32\USER32.dll
0x00007ffa70d20000 - 0x00007ffa70d47000 	C:\WINDOWS\System32\win32u.dll
0x00007ffa6f910000 - 0x00007ffa6fba3000 	C:\WINDOWS\WinSxS\amd64_microsoft.windows.common-controls_6595b64144ccf1df_6.0.26100.5074_none_3e0d6f78e32fd63f\COMCTL32.dll
0x00007ffa71400000 - 0x00007ffa7142b000 	C:\WINDOWS\System32\GDI32.dll
0x00007ffa70ff0000 - 0x00007ffa7111d000 	C:\WINDOWS\System32\gdi32full.dll
0x00007ffa706f0000 - 0x00007ffa70793000 	C:\WINDOWS\System32\msvcp_win.dll
0x00007ffa72100000 - 0x00007ffa721a9000 	C:\WINDOWS\System32\msvcrt.dll
0x00007ffa71330000 - 0x00007ffa7135f000 	C:\WINDOWS\System32\IMM32.DLL
0x00007ffa6bbd0000 - 0x00007ffa6bbdc000 	C:\Program Files\Android\Android Studio1\jbr\bin\vcruntime140_1.dll
0x00007ffa094a0000 - 0x00007ffa0952d000 	C:\Program Files\Android\Android Studio1\jbr\bin\msvcp140.dll
0x00007ff9cbc20000 - 0x00007ff9cc8ab000 	C:\Program Files\Android\Android Studio1\jbr\bin\server\jvm.dll
0x00007ffa731f0000 - 0x00007ffa732a4000 	C:\WINDOWS\System32\ADVAPI32.dll
0x00007ffa733f0000 - 0x00007ffa73496000 	C:\WINDOWS\System32\sechost.dll
0x00007ffa727c0000 - 0x00007ffa728d8000 	C:\WINDOWS\System32\RPCRT4.dll
0x00007ffa72560000 - 0x00007ffa725d4000 	C:\WINDOWS\System32\WS2_32.dll
0x00007ffa70570000 - 0x00007ffa705ce000 	C:\WINDOWS\SYSTEM32\POWRPROF.dll
0x00007ffa6d430000 - 0x00007ffa6d465000 	C:\WINDOWS\SYSTEM32\WINMM.dll
0x00007ffa62940000 - 0x00007ffa6294b000 	C:\WINDOWS\SYSTEM32\VERSION.dll
0x00007ffa70530000 - 0x00007ffa70544000 	C:\WINDOWS\SYSTEM32\UMPDC.dll
0x00007ffa6eb70000 - 0x00007ffa6eb8b000 	C:\WINDOWS\SYSTEM32\kernel.appcore.dll
0x00007ffa6bb90000 - 0x00007ffa6bb9a000 	C:\Program Files\Android\Android Studio1\jbr\bin\jimage.dll
0x00007ffa6fec0000 - 0x00007ffa70102000 	C:\WINDOWS\SYSTEM32\DBGHELP.DLL
0x00007ffa71cc0000 - 0x00007ffa7203b000 	C:\WINDOWS\System32\combase.dll
0x00007ffa728e0000 - 0x00007ffa729b7000 	C:\WINDOWS\System32\OLEAUT32.dll
0x00007ffa6fdb0000 - 0x00007ffa6fded000 	C:\WINDOWS\SYSTEM32\dbgcore.DLL
0x00007ffa71120000 - 0x00007ffa711b9000 	C:\WINDOWS\System32\bcryptPrimitives.dll
0x00007ffa5fde0000 - 0x00007ffa5fdee000 	C:\Program Files\Android\Android Studio1\jbr\bin\instrument.dll
0x00007ffa63610000 - 0x00007ffa63630000 	C:\Program Files\Android\Android Studio1\jbr\bin\java.dll
0x00007ffa611d0000 - 0x00007ffa611e8000 	C:\Program Files\Android\Android Studio1\jbr\bin\zip.dll
0x00007ffa72a90000 - 0x00007ffa731dd000 	C:\WINDOWS\System32\SHELL32.dll
0x00007ffa711c0000 - 0x00007ffa7132c000 	C:\WINDOWS\System32\wintypes.dll
0x00007ffa6da40000 - 0x00007ffa6e299000 	C:\WINDOWS\SYSTEM32\windows.storage.dll
0x00007ffa71bb0000 - 0x00007ffa71ca0000 	C:\WINDOWS\System32\SHCORE.dll
0x00007ffa719c0000 - 0x00007ffa71a22000 	C:\WINDOWS\System32\shlwapi.dll
0x00007ffa70610000 - 0x00007ffa70639000 	C:\WINDOWS\SYSTEM32\profapi.dll
0x00007ffa6a8b0000 - 0x00007ffa6a8c0000 	C:\Program Files\Android\Android Studio1\jbr\bin\net.dll
0x00007ffa626d0000 - 0x00007ffa627ef000 	C:\WINDOWS\SYSTEM32\WINHTTP.dll
0x00007ffa6f150000 - 0x00007ffa6f1bb000 	C:\WINDOWS\system32\mswsock.dll
0x00007ffa60d60000 - 0x00007ffa60d76000 	C:\Program Files\Android\Android Studio1\jbr\bin\nio.dll
0x00007ffa6a770000 - 0x00007ffa6a780000 	C:\Program Files\Android\Android Studio1\jbr\bin\verify.dll
0x00007ffa58d30000 - 0x00007ffa58d57000 	C:\Users\Mbongeni\.gradle\native\1def1411415f61bf3af743bc5b6707747c0891f09f0c88961ee8f79bc544acac\windows-amd64\native-platform.dll
0x00007ffa09420000 - 0x00007ffa09498000 	C:\Users\Mbongeni\.gradle\native\0.2.7\x86_64-windows-gnu\gradle-fileevents.dll
0x00007ffa60c10000 - 0x00007ffa60c19000 	C:\Program Files\Android\Android Studio1\jbr\bin\management.dll
0x00007ffa60be0000 - 0x00007ffa60beb000 	C:\Program Files\Android\Android Studio1\jbr\bin\management_ext.dll
0x00007ffa731e0000 - 0x00007ffa731e8000 	C:\WINDOWS\System32\PSAPI.DLL
0x00007ffa6e600000 - 0x00007ffa6e634000 	C:\WINDOWS\SYSTEM32\IPHLPAPI.DLL
0x00007ffa721e0000 - 0x00007ffa721ea000 	C:\WINDOWS\System32\NSI.dll
0x00007ffa6a6e0000 - 0x00007ffa6a6e9000 	C:\Program Files\Android\Android Studio1\jbr\bin\extnet.dll
0x00007ffa70230000 - 0x00007ffa7024b000 	C:\WINDOWS\SYSTEM32\CRYPTSP.dll
0x00007ffa6eee0000 - 0x00007ffa6ef1b000 	C:\WINDOWS\system32\rsaenh.dll
0x00007ffa6f1f0000 - 0x00007ffa6f21b000 	C:\WINDOWS\SYSTEM32\USERENV.dll
0x00007ffa705e0000 - 0x00007ffa70606000 	C:\WINDOWS\SYSTEM32\bcrypt.dll
0x00007ffa6f3f0000 - 0x00007ffa6f3fc000 	C:\WINDOWS\SYSTEM32\CRYPTBASE.dll
0x00007ffa4ebe0000 - 0x00007ffa4ebe8000 	C:\WINDOWS\system32\wshunix.dll
0x00007ffa31030000 - 0x00007ffa31048000 	C:\WINDOWS\system32\napinsp.dll
0x00007ffa6e6a0000 - 0x00007ffa6e7c6000 	C:\WINDOWS\SYSTEM32\DNSAPI.dll
0x00007ffa31410000 - 0x00007ffa31422000 	C:\WINDOWS\System32\winrnr.dll
0x00007ffa313e0000 - 0x00007ffa31408000 	C:\WINDOWS\system32\nlansp_c.dll
0x00007ffa62840000 - 0x00007ffa62856000 	C:\WINDOWS\system32\wshbth.dll
0x00007ffa62c70000 - 0x00007ffa62c7b000 	C:\Windows\System32\rasadhlp.dll
0x00007ffa61090000 - 0x00007ffa61116000 	C:\WINDOWS\System32\fwpuclnt.dll
0x00007ffa09270000 - 0x00007ffa092b9000 	C:\Users\Mbongeni\AppData\Local\Temp\jna-1116049261\jna648995753287621442.dll
0x00007ffa721f0000 - 0x00007ffa72388000 	C:\WINDOWS\System32\Ole32.dll
0x00007ffa72040000 - 0x00007ffa720f1000 	C:\WINDOWS\System32\clbcatq.dll
0x00007ffa41e00000 - 0x00007ffa41e1d000 	C:\WINDOWS\SYSTEM32\amsi.dll
0x00007ffa41d60000 - 0x00007ffa41e00000 	C:\ProgramData\Microsoft\Windows Defender\Platform\4.18.25070.5-0\MpOav.dll
0x00007ffa437b0000 - 0x00007ffa43806000 	C:\WINDOWS\SYSTEM32\Pdh.dll
0x00007ffa60b90000 - 0x00007ffa60ba1000 	C:\WINDOWS\System32\perfdisk.dll
0x00007ffa64170000 - 0x00007ffa64183000 	C:\WINDOWS\System32\WMICLNT.dll
0x00007ffa6be80000 - 0x00007ffa6bf28000 	C:\WINDOWS\system32\uxtheme.dll
0x00007ffa3b4d0000 - 0x00007ffa3b52e000 	C:\Program Files\Huawei\PCManager\plugins\PerfWndMonModule.dll
0x00007ffa70280000 - 0x00007ffa702d7000 	C:\WINDOWS\SYSTEM32\cfgmgr32.dll
0x00007ffa6a8c0000 - 0x00007ffa6a8d2000 	C:\WINDOWS\System32\perfproc.dll
0x00007ffa6bcf0000 - 0x00007ffa6bd1a000 	C:\WINDOWS\SYSTEM32\Wtsapi32.dll
0x00007ffa707a0000 - 0x00007ffa70917000 	C:\WINDOWS\System32\CRYPT32.dll
0x00007ffa6ee00000 - 0x00007ffa6ee49000 	C:\WINDOWS\SYSTEM32\SspiCli.dll
0x00007ffa704a0000 - 0x00007ffa70503000 	C:\WINDOWS\SYSTEM32\WINSTA.dll
0x00007ffa6fe80000 - 0x00007ffa6feb6000 	C:\WINDOWS\SYSTEM32\ntmarta.dll
0x00007ffa5fdd0000 - 0x00007ffa5fdd7000 	C:\Program Files\Android\Android Studio1\jbr\bin\rmi.dll
0x00007ffa3c8e0000 - 0x00007ffa3ca78000 	C:\Program Files\Android\Android Studio1\jbr\bin\awt.dll
0x00007ffa3eea0000 - 0x00007ffa3eee4000 	C:\Program Files\Android\Android Studio1\jbr\bin\nvdaControllerClient64.dll
0x00007ffa6cf20000 - 0x00007ffa6cf4b000 	C:\WINDOWS\SYSTEM32\dwmapi.dll
0x00007ffa6bc20000 - 0x00007ffa6bcbe000 	C:\WINDOWS\SYSTEM32\apphelp.dll
0x00007ffa71a50000 - 0x00007ffa71ba8000 	C:\WINDOWS\System32\MSCTF.dll
0x00007ffa48e00000 - 0x00007ffa48e12000 	C:\WINDOWS\system32\wbem\wbemprox.dll
0x00007ffa48d50000 - 0x00007ffa48dca000 	C:\WINDOWS\SYSTEM32\wbemcomn.dll
0x00007ffa43810000 - 0x00007ffa43825000 	C:\WINDOWS\system32\wbem\wbemsvc.dll
0x00007ffa438a0000 - 0x00007ffa43990000 	C:\WINDOWS\system32\wbem\fastprox.dll

dbghelp: loaded successfully - version: 4.0.5 - missing functions: none
symbol engine: initialized successfully - sym options: 0x614 - pdb path: .;C:\Program Files\Android\Android Studio1\jbr\bin;C:\WINDOWS\SYSTEM32;C:\WINDOWS\WinSxS\amd64_microsoft.windows.common-controls_6595b64144ccf1df_6.0.26100.5074_none_3e0d6f78e32fd63f;C:\Program Files\Android\Android Studio1\jbr\bin\server;C:\Users\Mbongeni\.gradle\native\1def1411415f61bf3af743bc5b6707747c0891f09f0c88961ee8f79bc544acac\windows-amd64;C:\Users\Mbongeni\.gradle\native\0.2.7\x86_64-windows-gnu;C:\Users\Mbongeni\AppData\Local\Temp\jna-1116049261;C:\ProgramData\Microsoft\Windows Defender\Platform\4.18.25070.5-0;C:\Program Files\Huawei\PCManager\plugins;C:\WINDOWS\system32\wbem;C:\Users\Mbongeni\AppData\Local\Temp

VM Arguments:
jvm_args: --add-opens=java.base/java.lang=ALL-UNNAMED --add-opens=java.base/java.lang.invoke=ALL-UNNAMED --add-opens=java.base/java.util=ALL-UNNAMED --add-opens=java.prefs/java.util.prefs=ALL-UNNAMED --add-exports=jdk.compiler/com.sun.tools.javac.api=ALL-UNNAMED --add-exports=jdk.compiler/com.sun.tools.javac.util=ALL-UNNAMED --add-opens=java.base/java.util=ALL-UNNAMED --add-opens=java.prefs/java.util.prefs=ALL-UNNAMED --add-opens=java.base/java.nio.charset=ALL-UNNAMED --add-opens=java.base/java.net=ALL-UNNAMED --add-opens=java.base/java.util.concurrent.atomic=ALL-UNNAMED --add-opens=java.xml/javax.xml.namespace=ALL-UNNAMED -XX:+UseParallelGC -Xmx4g -Dfile.encoding=UTF-8 -Duser.country=CN -Duser.language=zh -Duser.variant -javaagent:C:\Users\Mbongeni\.gradle\wrapper\dists\gradle-8.14.2-bin\2pb3mgt1p815evrl3weanttgr\gradle-8.14.2\lib\agents\gradle-instrumentation-agent-8.14.2.jar 
java_command: org.gradle.launcher.daemon.bootstrap.GradleDaemon 8.14.2
java_class_path (initial): C:\Users\Mbongeni\.gradle\wrapper\dists\gradle-8.14.2-bin\2pb3mgt1p815evrl3weanttgr\gradle-8.14.2\lib\gradle-daemon-main-8.14.2.jar
Launcher Type: SUN_STANDARD

[Global flags]
     intx CICompilerCount                          = 3                                         {product} {ergonomic}
   size_t InitialHeapSize                          = 132120576                                 {product} {ergonomic}
   size_t MaxHeapSize                              = 4294967296                                {product} {command line}
   size_t MaxNewSize                               = 1431306240                                {product} {ergonomic}
   size_t MinHeapDeltaBytes                        = 524288                                    {product} {ergonomic}
   size_t MinHeapSize                              = 8388608                                   {product} {ergonomic}
   size_t NewSize                                  = 44040192                                  {product} {ergonomic}
    uintx NonNMethodCodeHeapSize                   = 5832780                                {pd product} {ergonomic}
    uintx NonProfiledCodeHeapSize                  = 122912730                              {pd product} {ergonomic}
   size_t OldSize                                  = 88080384                                  {product} {ergonomic}
    uintx ProfiledCodeHeapSize                     = 122912730                              {pd product} {ergonomic}
    uintx ReservedCodeCacheSize                    = 251658240                              {pd product} {ergonomic}
     bool SegmentedCodeCache                       = true                                      {product} {ergonomic}
   size_t SoftMaxHeapSize                          = 4294967296                             {manageable} {ergonomic}
     bool UseCompressedOops                        = true                           {product lp64_product} {ergonomic}
     bool UseLargePagesIndividualAllocation        = false                                  {pd product} {ergonomic}
     bool UseParallelGC                            = true                                      {product} {command line}

Logging:
Log output configuration:
 #0: stdout all=warning uptime,level,tags foldmultilines=false
 #1: stderr all=off uptime,level,tags foldmultilines=false

Environment Variables:
PATH=C:\Program Files\Common Files\Oracle\Java\javapath;C:\Windows\System32\HWAudioDriverLibs;C:\Windows\system32;C:\Windows;C:\Windows\System32\Wbem;C:\Windows\System32\WindowsPowerShell\v1.0\;C:\Windows\System32\OpenSSH\;C:\Windows\system32\config\systemprofile\AppData\Local\Microsoft\WindowsApps;C:\WINDOWS\system32;C:\WINDOWS;C:\WINDOWS\System32\Wbem;C:\WINDOWS\System32\WindowsPowerShell\v1.0\;C:\WINDOWS\System32\OpenSSH\;C:\Program Files\nodejs\;C:\Program Files\apache-maven-3.9.9\bin;C:\Program Files\Microsoft SQL Server\150\Tools\Binn\;C:\Users\Mbongeni\Downloads\ffmpeg-2025-04-14-git-3b2a9410ef-full_build\ffmpeg-2025-04-14-git-3b2a9410ef-full_build\bin;C:\platform-tools;C:\xampp\php;C:\ProgramData\ComposerSetup\bin;C:\dev\flutter\bin;C:\Program Files\Git\cmd;C:\ProgramData\chocolatey\bin;C:\Users\Mbongeni\AppData\Local\Microsoft\WindowsApps;C:\Users\Mbongeni\AppData\Local\Programs\Microsoft VS Code\bin;C:\Users\Mbongeni\AppData\Roaming\npm;C:\Users\Mbongeni\AppData\Local\GitHubDesktop\bin;C:\Users\Mbongeni\.dotnet\tools;C:\msys64\ucrt64\bin;C:\Users\Mbongeni\AppData\Roaming\Composer\vendor\bin;C:\Users\Mbongeni\AppData\Local\Android\Sdk\cmdline-tools\latest\bin;C:\Users\Mbongeni\AppData\Local\Android\Sdk\platform-tools;C:\Users\Mbongeni\AppData\Local\Android\Sdk\cmake\4.1.0\bin;C:\Users\Mbongeni\AppData\Local\Android\Sdk\ndk\29.0.13846066;;C:\tools\dart-sdk\bin;C:\Users\Mbongeni\AppData\Local\Pub\Cache\bin
USERNAME=Mbongeni
OS=Windows_NT
PROCESSOR_IDENTIFIER=Intel64 Family 6 Model 142 Stepping 12, GenuineIntel
TMP=C:\Users\Mbongeni\AppData\Local\Temp
TEMP=C:\Users\Mbongeni\AppData\Local\Temp




Periodic native trim disabled

JNI global refs:
JNI global refs: 41, weak refs: 57

JNI global refs memory usage: 835, weak refs: 833

Process memory usage:
Resident Set Size: 1396096K (16% of 8218416K total physical memory with 810380K free physical memory)

OOME stack traces (most recent first):
Classloader memory used:
Loader java.net.URLClassLoader                                                         : 65908K
Loader org.gradle.internal.classloader.VisitableURLClassLoader$InstrumentingVisitableURLClassLoader: 48631K
Loader org.gradle.internal.classloader.VisitableURLClassLoader                         : 42453K
Loader bootstrap                                                                       : 38403K
Loader jdk.internal.loader.ClassLoaders$AppClassLoader                                 : 9219K
Loader org.gradle.initialization.MixInLegacyTypesClassLoader                           : 8474K
Loader jdk.internal.reflect.DelegatingClassLoader                                      : 1712K
Loader jdk.internal.loader.ClassLoaders$PlatformClassLoader                            : 1122K
Loader jdk.internal.jrtfs.JrtFileSystemProvider$JrtFsLoader                            : 612K
Loader org.gradle.internal.classloader.VisitableURLClassLoader                         : 50424B


[error occurred during error reporting (Classloader stats), id 0xe0000001, Out of Memory Error (s\src\hotspot\share\memory\arena.cpp:168)]
---------------  S Y S T E M  ---------------

OS:
 Windows 11 , 64 bit Build 26100 (10.0.26100.5074)
OS uptime: 0 days 22:12 hours
Hyper-V role detected

CPU: total 4 (initial active 4) (2 cores per cpu, 2 threads per core) family 6 model 142 stepping 12 microcode 0xde, cx8, cmov, fxsr, ht, mmx, 3dnowpref, sse, sse2, sse3, ssse3, sse4.1, sse4.2, popcnt, lzcnt, tsc, tscinvbit, avx, avx2, aes, erms, clmul, bmi1, bmi2, adx, fma, vzeroupper, clflush, clflushopt, hv, rdtscp, f16c
Processor Information for the first 4 processors :
  Max Mhz: 2592, Current Mhz: 2592, Mhz Limit: 2073

Memory: 4k page, system-wide physical 8025M (761M free)
TotalPageFile size 12852M (AvailPageFile size 0M)
current process WorkingSet (physical memory assigned to process): 1387M, peak: 1584M
current process commit charge ("private bytes"): 2304M, peak: 2319M

vm_info: OpenJDK 64-Bit Server VM (21.0.6+-13391695-b895.109) for windows-amd64 JRE (21.0.6+-13391695-b895.109), built on 2025-04-22T21:19:17Z by "builder" with MS VC++ 16.10 / 16.11 (VS2019)

END.
